Archive member included to satisfy reference by file (symbol)

/Applications/ArmGNUToolchain/12.3.rel1/arm-none-eabi/bin/../lib/gcc/arm-none-eabi/12.3.1/thumb/v6-m/nofp/libgcc.a(_dvmd_tls.o)
                              CMakeFiles/my_sd_card.dir/Users/jalil/Raspbery/pi-pico/pico-sdk/src/rp2_common/pico_divider/divider_hardware.S.o (__aeabi_idiv0)
/Applications/ArmGNUToolchain/12.3.rel1/arm-none-eabi/bin/../lib/gcc/arm-none-eabi/12.3.1/../../../../arm-none-eabi/lib/thumb/v6-m/nofp/libg.a(libc_a-calloc.o)
                              CMakeFiles/my_sd_card.dir/Users/jalil/Raspbery/pi-pico/pico-sdk/src/rp2_common/pico_malloc/malloc.c.o (calloc)
/Applications/ArmGNUToolchain/12.3.rel1/arm-none-eabi/bin/../lib/gcc/arm-none-eabi/12.3.1/../../../../arm-none-eabi/lib/thumb/v6-m/nofp/libg.a(libc_a-callocr.o)
                              /Applications/ArmGNUToolchain/12.3.rel1/arm-none-eabi/bin/../lib/gcc/arm-none-eabi/12.3.1/../../../../arm-none-eabi/lib/thumb/v6-m/nofp/libg.a(libc_a-calloc.o) (_calloc_r)
/Applications/ArmGNUToolchain/12.3.rel1/arm-none-eabi/bin/../lib/gcc/arm-none-eabi/12.3.1/../../../../arm-none-eabi/lib/thumb/v6-m/nofp/libg.a(libc_a-malloc.o)
                              CMakeFiles/my_sd_card.dir/Users/jalil/Raspbery/pi-pico/pico-sdk/src/rp2_common/pico_malloc/malloc.c.o (malloc)
/Applications/ArmGNUToolchain/12.3.rel1/arm-none-eabi/bin/../lib/gcc/arm-none-eabi/12.3.1/../../../../arm-none-eabi/lib/thumb/v6-m/nofp/libg.a(libc_a-mallocr.o)
                              /Applications/ArmGNUToolchain/12.3.rel1/arm-none-eabi/bin/../lib/gcc/arm-none-eabi/12.3.1/../../../../arm-none-eabi/lib/thumb/v6-m/nofp/libg.a(libc_a-callocr.o) (_malloc_r)
/Applications/ArmGNUToolchain/12.3.rel1/arm-none-eabi/bin/../lib/gcc/arm-none-eabi/12.3.1/../../../../arm-none-eabi/lib/thumb/v6-m/nofp/libg.a(libc_a-mlock.o)
                              /Applications/ArmGNUToolchain/12.3.rel1/arm-none-eabi/bin/../lib/gcc/arm-none-eabi/12.3.1/../../../../arm-none-eabi/lib/thumb/v6-m/nofp/libg.a(libc_a-mallocr.o) (__malloc_lock)
/Applications/ArmGNUToolchain/12.3.rel1/arm-none-eabi/bin/../lib/gcc/arm-none-eabi/12.3.1/../../../../arm-none-eabi/lib/thumb/v6-m/nofp/libg.a(libc_a-realloc.o)
                              CMakeFiles/my_sd_card.dir/Users/jalil/Raspbery/pi-pico/pico-sdk/src/rp2_common/pico_malloc/malloc.c.o (realloc)
/Applications/ArmGNUToolchain/12.3.rel1/arm-none-eabi/bin/../lib/gcc/arm-none-eabi/12.3.1/../../../../arm-none-eabi/lib/thumb/v6-m/nofp/libg.a(libc_a-reallocr.o)
                              /Applications/ArmGNUToolchain/12.3.rel1/arm-none-eabi/bin/../lib/gcc/arm-none-eabi/12.3.1/../../../../arm-none-eabi/lib/thumb/v6-m/nofp/libg.a(libc_a-realloc.o) (_realloc_r)
/Applications/ArmGNUToolchain/12.3.rel1/arm-none-eabi/bin/../lib/gcc/arm-none-eabi/12.3.1/../../../../arm-none-eabi/lib/thumb/v6-m/nofp/libg.a(libc_a-memcmp.o)
                              CMakeFiles/my_sd_card.dir/Users/jalil/Raspbery/pi-pico/pico-sdk/src/rp2_common/pico_atomic/atomic.c.o (memcmp)
/Applications/ArmGNUToolchain/12.3.rel1/arm-none-eabi/bin/../lib/gcc/arm-none-eabi/12.3.1/../../../../arm-none-eabi/lib/thumb/v6-m/nofp/libg.a(libc_a-memmove.o)
                              /Applications/ArmGNUToolchain/12.3.rel1/arm-none-eabi/bin/../lib/gcc/arm-none-eabi/12.3.1/../../../../arm-none-eabi/lib/thumb/v6-m/nofp/libg.a(libc_a-reallocr.o) (memmove)
/Applications/ArmGNUToolchain/12.3.rel1/arm-none-eabi/bin/../lib/gcc/arm-none-eabi/12.3.1/../../../../arm-none-eabi/lib/thumb/v6-m/nofp/libg.a(libc_a-strchr.o)
                              CMakeFiles/my_sd_card.dir/Users/jalil/prj/Electronic/pico/examples/my_sd_card_py/FatFs_SPI/ff16/source/ff.c.o (strchr)
/Applications/ArmGNUToolchain/12.3.rel1/arm-none-eabi/bin/../lib/gcc/arm-none-eabi/12.3.1/../../../../arm-none-eabi/lib/thumb/v6-m/nofp/libg.a(libc_a-lcltime_r.o)
                              CMakeFiles/my_sd_card.dir/Users/jalil/Raspbery/pi-pico/pico-sdk/src/common/pico_util/datetime.c.o (localtime_r)
/Applications/ArmGNUToolchain/12.3.rel1/arm-none-eabi/bin/../lib/gcc/arm-none-eabi/12.3.1/../../../../arm-none-eabi/lib/thumb/v6-m/nofp/libg.a(libc_a-mktime.o)
                              CMakeFiles/my_sd_card.dir/Users/jalil/Raspbery/pi-pico/pico-sdk/src/common/pico_util/datetime.c.o (mktime)
/Applications/ArmGNUToolchain/12.3.rel1/arm-none-eabi/bin/../lib/gcc/arm-none-eabi/12.3.1/../../../../arm-none-eabi/lib/thumb/v6-m/nofp/libg.a(libc_a-month_lengths.o)
                              /Applications/ArmGNUToolchain/12.3.rel1/arm-none-eabi/bin/../lib/gcc/arm-none-eabi/12.3.1/../../../../arm-none-eabi/lib/thumb/v6-m/nofp/libg.a(libc_a-lcltime_r.o) (__month_lengths)
/Applications/ArmGNUToolchain/12.3.rel1/arm-none-eabi/bin/../lib/gcc/arm-none-eabi/12.3.1/../../../../arm-none-eabi/lib/thumb/v6-m/nofp/libg.a(libc_a-tzcalc_limits.o)
[...]
Memory Configuration

Name             Origin             Length             Attributes
FLASH            0x10000000         0x00200000         xr
RAM              0x20000000         0x00040000         xrw
SCRATCH_X        0x20040000         0x00001000         xrw
SCRATCH_Y        0x20041000         0x00001000         xrw
*default*        0x00000000         0xffffffff

Linker script and memory map

LOAD /Applications/ArmGNUToolchain/12.3.rel1/arm-none-eabi/bin/../lib/gcc/arm-none-eabi/12.3.1/thumb/v6-m/nofp/crti.o
LOAD /Applications/ArmGNUToolchain/12.3.rel1/arm-none-eabi/bin/../lib/gcc/arm-none-eabi/12.3.1/thumb/v6-m/nofp/crtbegin.o
LOAD /Applications/ArmGNUToolchain/12.3.rel1/arm-none-eabi/bin/../lib/gcc/arm-none-eabi/12.3.1/../../../../arm-none-eabi/lib/thumb/v6-m/nofp/crt0.o

.flash_begin    0x10000000        0x0
                0x10000000                        __flash_binary_start = .

.boot2          0x10000000      0x100
                0x10000000                        __boot2_start__ = .
 *(.boot2)
 .boot2         0x10000000      0x100 pico-sdk/src/rp2040/boot_stage2/CMakeFiles/bs2_default_library.dir/bs2_default_padded_checksummed.S.o
                0x10000100                        __boot2_end__ = .
                0x00000001                        ASSERT (((__boot2_end__ - __boot2_start__) == 0x100), ERROR: Pico second stage bootloader must be 256 bytes in size)

.text           0x10000100     0xb904
                0x10000100                        __logical_binary_start = .
 *(.vectors)
 .vectors       0x10000100       0xd4 CMakeFiles/my_sd_card.dir/Users/jalil/Raspbery/pi-pico/pico-sdk/src/rp2_common/pico_crt0/crt0.S.o
                0x10000100                __VECTOR_TABLE
                0x10000100                __vectors
                0x100001c0                isr_irq13
                0x100001c0                isr_irq27
                0x100001c0                isr_irq31
                0x100001c0                isr_irq5
                0x100001c0                isr_irq11
                0x100001c0                isr_irq23
                0x100001c0                isr_irq18
                0x100001c0                isr_irq9
                0x100001c0                __unhandled_user_irq
                0x100001c0                isr_irq25
                0x100001c0                isr_irq4
                0x100001c0                isr_irq16
                0x100001c0                isr_irq29
                0x100001c0                isr_irq26
                0x100001c0                isr_irq3
                0x100001c0                isr_irq12
                0x100001c0                isr_irq30
                0x100001c0                isr_irq28
                0x100001c0                isr_irq19
                0x100001c0                isr_irq0
                0x100001c0                isr_irq6
                0x100001c0                isr_irq22
                0x100001c0                isr_irq17
                0x100001c0                isr_irq14
                0x100001c0                __vectors_end
                0x100001c0                __default_isrs_start
                0x100001c0                isr_irq2
                0x100001c0                isr_irq10
                0x100001c0                isr_irq8
                0x100001c0                isr_irq24
                0x100001c0                isr_irq1
                0x100001c0                isr_irq7
                0x100001c0                isr_irq21
                0x100001c0                isr_irq20
                0x100001c0                isr_irq15
                0x100001c6                unhandled_user_irq_num_in_r0
                0x100001c8                isr_invalid
                0x100001ca                isr_nmi
                0x100001cc                isr_hardfault
                0x100001ce                isr_svcall
                0x100001d0                isr_pendsv
                0x100001d2                isr_systick
                0x100001d4                __default_isrs_end
 *(.binary_info_header)
 .binary_info_header
                0x100001d4       0x14 CMakeFiles/my_sd_card.dir/Users/jalil/Raspbery/pi-pico/pico-sdk/src/rp2_common/pico_crt0/crt0.S.o
                0x100001e8                        __binary_info_header_end = .
 *(.embedded_block)
                0x100001e8                        __embedded_block_end = .
 *(.reset)
 .reset         0x100001e8       0x9c CMakeFiles/my_sd_card.dir/Users/jalil/Raspbery/pi-pico/pico-sdk/src/rp2_common/pico_crt0/crt0.S.o
                0x100001e8                _entry_point
 *(.init)
 .init          0x10000284        0x4 /Applications/ArmGNUToolchain/12.3.rel1/arm-none-eabi/bin/../lib/gcc/arm-none-eabi/12.3.1/thumb/v6-m/nofp/crti.o
                0x10000284                _init
 *(EXCLUDE_FILE(*libm.a: *libc.a:*lib_a-mem*.o *libgcc.a:) .text*)
 .text.register_tm_clones
                0x10000288       0x28 /Applications/ArmGNUToolchain/12.3.rel1/arm-none-eabi/bin/../lib/gcc/arm-none-eabi/12.3.1/thumb/v6-m/nofp/crtbegin.o
 .text.frame_dummy
                0x100002b0       0x24 /Applications/ArmGNUToolchain/12.3.rel1/arm-none-eabi/bin/../lib/gcc/arm-none-eabi/12.3.1/thumb/v6-m/nofp/crtbegin.o
 .text.startup.main
                0x100002d4       0x80 CMakeFiles/my_sd_card.dir/main.c.o
                0x100002d4                main
 .text.hw_init  0x10000354       0x2c CMakeFiles/my_sd_card.dir/hw_config.c.o
                0x10000354                hw_init
 .text.readinto.part.0
                0x10000380       0x64 CMakeFiles/my_sd_card.dir/my_sdcard.c.o
 .text.cmd.constprop.2
                0x100003e4       0xc8 CMakeFiles/my_sd_card.dir/my_sdcard.c.o
 .text.init_card_v1
                0x100004ac      0x148 CMakeFiles/my_sd_card.dir/my_sdcard.c.o
                0x100004ac                init_card_v1
 .text.init_card_v2
                0x100005f4      0x260 CMakeFiles/my_sd_card.dir/my_sdcard.c.o
                0x100005f4                init_card_v2
 .text.init_card
                0x10000854      0x42c CMakeFiles/my_sd_card.dir/my_sdcard.c.o
                0x10000854                init_card
 .text.write    0x10000c80       0xd4 CMakeFiles/my_sd_card.dir/my_sdcard.c.o
                0x10000c80                write
 .text.readblocks
                0x10000d54      0x214 CMakeFiles/my_sd_card.dir/my_sdcard.c.o
                0x10000d54                readblocks
 .text.writeblocks
                0x10000f68       0xe8 CMakeFiles/my_sd_card.dir/my_sdcard.c.o
                0x10000f68                writeblocks
 .text.ioctl    0x10001050       0x10 CMakeFiles/my_sd_card.dir/my_sdcard.c.o
                0x10001050                ioctl
 .text.sdcard_init
                0x10001060       0x14 CMakeFiles/my_sd_card.dir/my_sdcard.c.o
                0x10001060                sdcard_init
 .text.disk_initialize
                0x10001074        0x8 CMakeFiles/my_sd_card.dir/my_diskio.c.o
                0x10001074                disk_initialize
 .text.disk_status
                0x1000107c        0x8 CMakeFiles/my_sd_card.dir/my_diskio.c.o
                0x1000107c                disk_status
 .text.disk_read
                0x10001084       0x24 CMakeFiles/my_sd_card.dir/my_diskio.c.o
                0x10001084                disk_read
 .text.disk_write
                0x100010a8       0x24 CMakeFiles/my_sd_card.dir/my_diskio.c.o
                0x100010a8                disk_write
 .text.disk_ioctl
                0x100010cc       0x3c CMakeFiles/my_sd_card.dir/my_diskio.c.o
                0x100010cc                disk_ioctl
 .text.list_directory
                0x10001108       0x78 CMakeFiles/my_sd_card.dir/dir.c.o
                0x10001108                list_directory
 .text.write_file
                0x10001180       0x64 CMakeFiles/my_sd_card.dir/read_write.c.o
                0x10001180                write_file
 .text.read_file
                0x100011e4       0x70 CMakeFiles/my_sd_card.dir/read_write.c.o
                0x100011e4                read_file
 .text.gpio_set_function
                0x10001254       0x34 CMakeFiles/my_sd_card.dir/Users/jalil/Raspbery/pi-pico/pico-sdk/src/rp2_common/hardware_gpio/gpio.c.o
                0x10001254                gpio_set_function
 .text.gpio_init
                0x10001288       0x40 CMakeFiles/my_sd_card.dir/Users/jalil/Raspbery/pi-pico/pico-sdk/src/rp2_common/hardware_gpio/gpio.c.o
                0x10001288                gpio_init
 .text.rp2040_chip_version
                0x100012c8        0xc CMakeFiles/my_sd_card.dir/Users/jalil/Raspbery/pi-pico/pico-sdk/src/rp2040/pico_platform/platform.c.o
                0x100012c8                rp2040_chip_version
 .text.panic    0x100012d4       0x30 CMakeFiles/my_sd_card.dir/Users/jalil/Raspbery/pi-pico/pico-sdk/src/rp2_common/pico_platform_panic/panic.c.o
                0x100012d4                panic
 .text.hw_claim_or_assert
                0x10001304       0x44 CMakeFiles/my_sd_card.dir/Users/jalil/Raspbery/pi-pico/pico-sdk/src/common/hardware_claim/claim.c.o
                0x10001304                hw_claim_or_assert
 .text.hw_claim_unused_from_range
                0x10001348       0x9c CMakeFiles/my_sd_card.dir/Users/jalil/Raspbery/pi-pico/pico-sdk/src/common/hardware_claim/claim.c.o
                0x10001348                hw_claim_unused_from_range
 .text.next_striped_spin_lock_num
                0x100013e4       0x18 CMakeFiles/my_sd_card.dir/Users/jalil/Raspbery/pi-pico/pico-sdk/src/rp2_common/hardware_sync/sync.c.o
                0x100013e4                next_striped_spin_lock_num
 .text.spin_lock_claim_unused
                0x100013fc       0x24 CMakeFiles/my_sd_card.dir/Users/jalil/Raspbery/pi-pico/pico-sdk/src/rp2_common/hardware_sync/sync.c.o
                0x100013fc                spin_lock_claim_unused
 .text.spin_locks_reset
                0x10001420       0x1c CMakeFiles/my_sd_card.dir/Users/jalil/Raspbery/pi-pico/pico-sdk/src/rp2_common/hardware_sync_spin_lock/sync_spin_lock.c.o
                0x10001420                spin_locks_reset
 .text.runtime_init_per_core_irq_priorities
                0x1000143c       0x24 CMakeFiles/my_sd_card.dir/Users/jalil/Raspbery/pi-pico/pico-sdk/src/rp2_common/hardware_irq/irq.c.o
                0x1000143c                runtime_init_per_core_irq_priorities
 .text.irq_set_enabled
                0x10001460       0x24 CMakeFiles/my_sd_card.dir/Users/jalil/Raspbery/pi-pico/pico-sdk/src/rp2_common/hardware_irq/irq.c.o
                0x10001460                irq_set_enabled
 .text.irq_is_enabled
                0x10001484       0x18 CMakeFiles/my_sd_card.dir/Users/jalil/Raspbery/pi-pico/pico-sdk/src/rp2_common/hardware_irq/irq.c.o
                0x10001484                irq_is_enabled
 .text.irq_set_pending
                0x1000149c       0x10 CMakeFiles/my_sd_card.dir/Users/jalil/Raspbery/pi-pico/pico-sdk/src/rp2_common/hardware_irq/irq.c.o
                0x1000149c                irq_set_pending
 .text.irq_has_shared_handler
                0x100014ac       0x24 CMakeFiles/my_sd_card.dir/Users/jalil/Raspbery/pi-pico/pico-sdk/src/rp2_common/hardware_irq/irq.c.o
                0x100014ac                irq_has_shared_handler
 .text.irq_set_exclusive_handler
                0x100014d0       0x54 CMakeFiles/my_sd_card.dir/Users/jalil/Raspbery/pi-pico/pico-sdk/src/rp2_common/hardware_irq/irq.c.o
                0x100014d0                irq_set_exclusive_handler
 .text.irq_add_shared_handler
                0x10001524      0x1e0 CMakeFiles/my_sd_card.dir/Users/jalil/Raspbery/pi-pico/pico-sdk/src/rp2_common/hardware_irq/irq.c.o
                0x10001524                irq_add_shared_handler
 .text.irq_remove_handler
                0x10001704      0x1d4 CMakeFiles/my_sd_card.dir/Users/jalil/Raspbery/pi-pico/pico-sdk/src/rp2_common/hardware_irq/irq.c.o
                0x10001704                irq_remove_handler
 .text.irq_add_tail_to_free_list
                0x100018d8       0xb4 CMakeFiles/my_sd_card.dir/Users/jalil/Raspbery/pi-pico/pico-sdk/src/rp2_common/hardware_irq/irq.c.o
                0x100018d8                irq_add_tail_to_free_list
 .text.user_irq_claim_unused
                0x1000198c       0x2c CMakeFiles/my_sd_card.dir/Users/jalil/Raspbery/pi-pico/pico-sdk/src/rp2_common/hardware_irq/irq.c.o
                0x1000198c                user_irq_claim_unused
 .text.lock_init
                0x100019b8       0x10 CMakeFiles/my_sd_card.dir/Users/jalil/Raspbery/pi-pico/pico-sdk/src/common/pico_sync/lock_core.c.o
                0x100019b8                lock_init
 .text.runtime_init_mutex
                0x100019c8       0x60 CMakeFiles/my_sd_card.dir/Users/jalil/Raspbery/pi-pico/pico-sdk/src/common/pico_sync/mutex.c.o
                0x100019c8                runtime_init_mutex
 .text.mutex_init
                0x10001a28       0x1c CMakeFiles/my_sd_card.dir/Users/jalil/Raspbery/pi-pico/pico-sdk/src/common/pico_sync/mutex.c.o
                0x10001a28                mutex_init
 .text.critical_section_init
                0x10001a44       0x1c CMakeFiles/my_sd_card.dir/Users/jalil/Raspbery/pi-pico/pico-sdk/src/common/pico_sync/critical_section.c.o
                0x10001a44                critical_section_init
 .text.critical_section_init_with_lock_num
                0x10001a60       0x14 CMakeFiles/my_sd_card.dir/Users/jalil/Raspbery/pi-pico/pico-sdk/src/common/pico_sync/critical_section.c.o
                0x10001a60                critical_section_init_with_lock_num
 .text.sleep_until_callback
                0x10001a74       0x30 CMakeFiles/my_sd_card.dir/Users/jalil/Raspbery/pi-pico/pico-sdk/src/common/pico_time/time.c.o
 .text.alarm_pool_irq_handler
                0x10001aa4      0x2fc CMakeFiles/my_sd_card.dir/Users/jalil/Raspbery/pi-pico/pico-sdk/src/common/pico_time/time.c.o
 .text.runtime_init_default_alarm_pool
                0x10001da0       0xdc CMakeFiles/my_sd_card.dir/Users/jalil/Raspbery/pi-pico/pico-sdk/src/common/pico_time/time.c.o
                0x10001da0                runtime_init_default_alarm_pool
 .text.alarm_pool_get_default
                0x10001e7c        0x8 CMakeFiles/my_sd_card.dir/Users/jalil/Raspbery/pi-pico/pico-sdk/src/common/pico_time/time.c.o
                0x10001e7c                alarm_pool_get_default
 .text.alarm_pool_add_alarm_at
                0x10001e84       0xd4 CMakeFiles/my_sd_card.dir/Users/jalil/Raspbery/pi-pico/pico-sdk/src/common/pico_time/time.c.o
                0x10001e84                alarm_pool_add_alarm_at
 .text.alarm_pool_add_alarm_at_force_in_context
                0x10001f58       0xb0 CMakeFiles/my_sd_card.dir/Users/jalil/Raspbery/pi-pico/pico-sdk/src/common/pico_time/time.c.o
                0x10001f58                alarm_pool_add_alarm_at_force_in_context
 .text.alarm_pool_cancel_alarm
                0x10002008       0x74 CMakeFiles/my_sd_card.dir/Users/jalil/Raspbery/pi-pico/pico-sdk/src/common/pico_time/time.c.o
                0x10002008                alarm_pool_cancel_alarm
 .text.alarm_pool_core_num
                0x1000207c        0x4 CMakeFiles/my_sd_card.dir/Users/jalil/Raspbery/pi-pico/pico-sdk/src/common/pico_time/time.c.o
                0x1000207c                alarm_pool_core_num
 .text.sleep_until
                0x10002080       0xd8 CMakeFiles/my_sd_card.dir/Users/jalil/Raspbery/pi-pico/pico-sdk/src/common/pico_time/time.c.o
                0x10002080                sleep_until
 .text.sleep_us
                0x10002158       0x28 CMakeFiles/my_sd_card.dir/Users/jalil/Raspbery/pi-pico/pico-sdk/src/common/pico_time/time.c.o
                0x10002158                sleep_us
 .text.sleep_ms
                0x10002180       0x38 CMakeFiles/my_sd_card.dir/Users/jalil/Raspbery/pi-pico/pico-sdk/src/common/pico_time/time.c.o
                0x10002180                sleep_ms
 .text.best_effort_wfe_or_timeout
                0x100021b8       0xf8 CMakeFiles/my_sd_card.dir/Users/jalil/Raspbery/pi-pico/pico-sdk/src/common/pico_time/time.c.o
                0x100021b8                best_effort_wfe_or_timeout
 .text.timer_hardware_alarm_claim
                0x100022b0       0x14 CMakeFiles/my_sd_card.dir/Users/jalil/Raspbery/pi-pico/pico-sdk/src/rp2_common/hardware_timer/timer.c.o
                0x100022b0                timer_hardware_alarm_claim
 .text.timer_time_us_64
                0x100022c4       0x10 CMakeFiles/my_sd_card.dir/Users/jalil/Raspbery/pi-pico/pico-sdk/src/rp2_common/hardware_timer/timer.c.o
                0x100022c4                timer_time_us_64
 .text.time_us_64
                0x100022d4       0x14 CMakeFiles/my_sd_card.dir/Users/jalil/Raspbery/pi-pico/pico-sdk/src/rp2_common/hardware_timer/timer.c.o
                0x100022d4                time_us_64
 .text.busy_wait_us
                0x100022e8       0x68 CMakeFiles/my_sd_card.dir/Users/jalil/Raspbery/pi-pico/pico-sdk/src/rp2_common/hardware_timer/timer.c.o
                0x100022e8                busy_wait_us
 .text.busy_wait_until
                0x10002350       0x20 CMakeFiles/my_sd_card.dir/Users/jalil/Raspbery/pi-pico/pico-sdk/src/rp2_common/hardware_timer/timer.c.o
                0x10002350                busy_wait_until
 .text.uart_init
                0x10002370      0x11c CMakeFiles/my_sd_card.dir/Users/jalil/Raspbery/pi-pico/pico-sdk/src/rp2_common/hardware_uart/uart.c.o
                0x10002370                uart_init
 .text.clock_configure_int_divider
                0x1000248c       0xf0 CMakeFiles/my_sd_card.dir/Users/jalil/Raspbery/pi-pico/pico-sdk/src/rp2_common/hardware_clocks/clocks.c.o
                0x1000248c                clock_configure_int_divider
 .text.clock_configure_undivided
                0x1000257c       0xe4 CMakeFiles/my_sd_card.dir/Users/jalil/Raspbery/pi-pico/pico-sdk/src/rp2_common/hardware_clocks/clocks.c.o
                0x1000257c                clock_configure_undivided
 .text.clock_get_hz
                0x10002660        0xc CMakeFiles/my_sd_card.dir/Users/jalil/Raspbery/pi-pico/pico-sdk/src/rp2_common/hardware_clocks/clocks.c.o
                0x10002660                clock_get_hz
 .text.pll_init
                0x1000266c       0xa0 CMakeFiles/my_sd_card.dir/Users/jalil/Raspbery/pi-pico/pico-sdk/src/rp2_common/hardware_pll/pll.c.o
                0x1000266c                pll_init
 .text.watchdog_reboot
                0x1000270c       0x9c CMakeFiles/my_sd_card.dir/Users/jalil/Raspbery/pi-pico/pico-sdk/src/rp2_common/hardware_watchdog/watchdog.c.o
                0x1000270c                watchdog_reboot
 .text.tick_start
                0x100027a8       0x10 CMakeFiles/my_sd_card.dir/Users/jalil/Raspbery/pi-pico/pico-sdk/src/rp2_common/hardware_ticks/ticks.c.o
                0x100027a8                tick_start
 .text.rom_func_lookup
                0x100027b8       0x10 CMakeFiles/my_sd_card.dir/Users/jalil/Raspbery/pi-pico/pico-sdk/src/rp2_common/pico_bootrom/bootrom.c.o
                0x100027b8                rom_func_lookup
 .text.rom_data_lookup
                0x100027c8       0x10 CMakeFiles/my_sd_card.dir/Users/jalil/Raspbery/pi-pico/pico-sdk/src/rp2_common/pico_bootrom/bootrom.c.o
                0x100027c8                rom_data_lookup
 .text.rom_funcs_lookup
                0x100027d8       0x44 CMakeFiles/my_sd_card.dir/Users/jalil/Raspbery/pi-pico/pico-sdk/src/rp2_common/pico_bootrom/bootrom.c.o
                0x100027d8                rom_funcs_lookup
 .text.rom_reset_usb_boot_extra
                0x1000281c       0x28 CMakeFiles/my_sd_card.dir/Users/jalil/Raspbery/pi-pico/pico-sdk/src/rp2_common/pico_bootrom/bootrom.c.o
                0x1000281c                rom_reset_usb_boot_extra
 .text.xosc_init
                0x10002844       0x28 CMakeFiles/my_sd_card.dir/Users/jalil/Raspbery/pi-pico/pico-sdk/src/rp2_common/hardware_xosc/xosc.c.o
                0x10002844                xosc_init
 .text.first_per_core_initializer
                0x1000286c        0x4 CMakeFiles/my_sd_card.dir/Users/jalil/Raspbery/pi-pico/pico-sdk/src/rp2_common/pico_runtime/runtime.c.o
 .text.hard_assertion_failure
                0x10002870        0xc CMakeFiles/my_sd_card.dir/Users/jalil/Raspbery/pi-pico/pico-sdk/src/rp2_common/pico_runtime/runtime.c.o
                0x10002870                hard_assertion_failure
 .text.runtime_run_initializers
                0x1000287c       0x28 CMakeFiles/my_sd_card.dir/Users/jalil/Raspbery/pi-pico/pico-sdk/src/rp2_common/pico_runtime/runtime.c.o
                0x1000287c                runtime_run_initializers
 .text.runtime_init_early_resets
                0x100028a4       0x2c CMakeFiles/my_sd_card.dir/Users/jalil/Raspbery/pi-pico/pico-sdk/src/rp2_common/pico_runtime_init/runtime_init.c.o
                0x100028a4                runtime_init_early_resets
 .text.runtime_init_usb_power_down
                0x100028d0       0x1c CMakeFiles/my_sd_card.dir/Users/jalil/Raspbery/pi-pico/pico-sdk/src/rp2_common/pico_runtime_init/runtime_init.c.o
                0x100028d0                runtime_init_usb_power_down
 .text.runtime_init_post_clock_resets
                0x100028ec       0x20 CMakeFiles/my_sd_card.dir/Users/jalil/Raspbery/pi-pico/pico-sdk/src/rp2_common/pico_runtime_init/runtime_init.c.o
                0x100028ec                runtime_init_post_clock_resets
 .text.runtime_init_rp2040_gpio_ie_disable
                0x1000290c       0x14 CMakeFiles/my_sd_card.dir/Users/jalil/Raspbery/pi-pico/pico-sdk/src/rp2_common/pico_runtime_init/runtime_init.c.o
                0x1000290c                runtime_init_rp2040_gpio_ie_disable
 .text.runtime_init_spin_locks_reset
                0x10002920        0x8 CMakeFiles/my_sd_card.dir/Users/jalil/Raspbery/pi-pico/pico-sdk/src/rp2_common/pico_runtime_init/runtime_init.c.o
                0x10002920                runtime_init_spin_locks_reset
 .text.runtime_init_install_ram_vector_table
                0x10002928       0xc4 CMakeFiles/my_sd_card.dir/Users/jalil/Raspbery/pi-pico/pico-sdk/src/rp2_common/pico_runtime_init/runtime_init.c.o
                0x10002928                runtime_init_install_ram_vector_table
 .text.runtime_init_clocks
                0x100029ec       0xd8 CMakeFiles/my_sd_card.dir/Users/jalil/Raspbery/pi-pico/pico-sdk/src/rp2_common/pico_runtime_init/runtime_init_clocks.c.o
                0x100029ec                runtime_init_clocks
 .text          0x10002ac4       0x10 CMakeFiles/my_sd_card.dir/Users/jalil/Raspbery/pi-pico/pico-sdk/src/rp2_common/pico_bit_ops/bit_ops_aeabi.S.o
 .text.__wrap___aeabi_idiv
                0x10002ad4       0x50 CMakeFiles/my_sd_card.dir/Users/jalil/Raspbery/pi-pico/pico-sdk/src/rp2_common/pico_divider/divider_hardware.S.o
                0x10002ad4                __wrap___aeabi_idivmod
                0x10002ad4                divmod_s32s32
                0x10002ad4                div_s32s32
                0x10002ad4                __wrap___aeabi_idiv
                0x10002adc                divmod_s32s32_unsafe
                0x10002b08                divmod_s32s32_savestate
 .text.__wrap___aeabi_uidiv
                0x10002b24       0x4c CMakeFiles/my_sd_card.dir/Users/jalil/Raspbery/pi-pico/pico-sdk/src/rp2_common/pico_divider/divider_hardware.S.o
                0x10002b24                __wrap___aeabi_uidiv
                0x10002b24                __wrap___aeabi_uidivmod
                0x10002b24                div_u32u32
                0x10002b24                divmod_u32u32
                0x10002b2c                divmod_u32u32_unsafe
                0x10002b54                divmod_u32u32_savestate
 .text.__wrap___aeabi_ldiv
                0x10002b70      0x424 CMakeFiles/my_sd_card.dir/Users/jalil/Raspbery/pi-pico/pico-sdk/src/rp2_common/pico_divider/divider_hardware.S.o
                0x10002b70                __wrap___aeabi_ldivmod
                0x10002b70                div_s64s64
                0x10002b70                divmod_s64s64
                0x10002ba0                divmod_u64u64
                0x10002ba0                div_u64u64
                0x10002ba0                __wrap___aeabi_uldivmod
                0x10002bb0                divmod_u64u64_savestate
                0x10002bd0                divmod_s64s64_unsafe
                0x10002c58                divmod_u64u64_unsafe
 .text.__wrap___aeabi_darithmetic
                0x10002f94       0x80 CMakeFiles/my_sd_card.dir/Users/jalil/Raspbery/pi-pico/pico-sdk/src/rp2_common/pico_double/double_aeabi_rp2040.S.o
                0x10002f94                __wrap___aeabi_drsub
                0x10002f9a                __wrap___aeabi_dsub
                0x10002fac                __wrap___aeabi_dadd
                0x10002fbe                __wrap___aeabi_ddiv
                0x10002ffa                __wrap___aeabi_dmul
 .text.__wrap___aeabi_cdcmple
                0x10003014       0x6c CMakeFiles/my_sd_card.dir/Users/jalil/Raspbery/pi-pico/pico-sdk/src/rp2_common/pico_double/double_aeabi_rp2040.S.o
                0x10003014                __wrap___aeabi_cdrcmple
                0x10003024                __wrap___aeabi_cdcmple
                0x10003024                __wrap___aeabi_cdcmpeq
 .text.__wrap___aeabi_dcmplt
                0x10003080        0xc CMakeFiles/my_sd_card.dir/Users/jalil/Raspbery/pi-pico/pico-sdk/src/rp2_common/pico_double/double_aeabi_rp2040.S.o
                0x10003080                __wrap___aeabi_dcmplt
 .text.__wrap___aeabi_dcmpge
                0x1000308c       0x10 CMakeFiles/my_sd_card.dir/Users/jalil/Raspbery/pi-pico/pico-sdk/src/rp2_common/pico_double/double_aeabi_rp2040.S.o
                0x1000308c                __wrap___aeabi_dcmpge
 .text.__wrap___aeabi_dcmpgt
                0x1000309c        0xa CMakeFiles/my_sd_card.dir/Users/jalil/Raspbery/pi-pico/pico-sdk/src/rp2_common/pico_double/double_aeabi_rp2040.S.o
                0x1000309c                __wrap___aeabi_dcmpgt
 .text.__wrap___aeabi_dcmpun
                0x100030a6       0x18 CMakeFiles/my_sd_card.dir/Users/jalil/Raspbery/pi-pico/pico-sdk/src/rp2_common/pico_double/double_aeabi_rp2040.S.o
                0x100030a6                __wrap___aeabi_dcmpun
 *fill*         0x100030be        0x2 
 .text.__wrap___aeabi_i2d
                0x100030c0       0x38 CMakeFiles/my_sd_card.dir/Users/jalil/Raspbery/pi-pico/pico-sdk/src/rp2_common/pico_double/double_aeabi_rp2040.S.o
                0x100030c0                __wrap___aeabi_ui2d
                0x100030c0                uint2double
                0x100030c8                __wrap___aeabi_i2d
                0x100030c8                int2double
 .text.__wrap___aeabi_d2iz
                0x100030f8       0x48 CMakeFiles/my_sd_card.dir/Users/jalil/Raspbery/pi-pico/pico-sdk/src/rp2_common/pico_double/double_aeabi_rp2040.S.o
                0x100030f8                __wrap___aeabi_d2iz
                0x100030f8                double2int_z
 .text.__wrap___aeabi_d2uiz
                0x10003140       0x18 CMakeFiles/my_sd_card.dir/Users/jalil/Raspbery/pi-pico/pico-sdk/src/rp2_common/pico_double/double_aeabi_rp2040.S.o
                0x10003140                double2uint_z
                0x10003140                double2uint
                0x10003140                __wrap___aeabi_d2uiz
 .text.__aeabi_double_init
                0x10003158       0xa4 CMakeFiles/my_sd_card.dir/Users/jalil/Raspbery/pi-pico/pico-sdk/src/rp2_common/pico_double/double_init_rom_rp2040.c.o
                0x10003158                __aeabi_double_init
 .text.double_table_shim_on_use_helper
                0x100031fc       0x2c CMakeFiles/my_sd_card.dir/Users/jalil/Raspbery/pi-pico/pico-sdk/src/rp2_common/pico_double/double_v1_rom_shim_rp2040.S.o
                0x100031fc                double_table_shim_on_use_helper
 .text.__wrap___aeabi_dsub
                0x10003228       0x10 CMakeFiles/my_sd_card.dir/Users/jalil/Raspbery/pi-pico/pico-sdk/src/rp2_common/pico_double/double_v1_rom_shim_rp2040.S.o
                0x10003228                drsub_shim
                0x1000322e                dsub_shim
 .text.dadd_shim
                0x10003238      0x15c CMakeFiles/my_sd_card.dir/Users/jalil/Raspbery/pi-pico/pico-sdk/src/rp2_common/pico_double/double_v1_rom_shim_rp2040.S.o
                0x10003238                dadd_shim
 .text.dmul_shim
                0x10003394      0x15c CMakeFiles/my_sd_card.dir/Users/jalil/Raspbery/pi-pico/pico-sdk/src/rp2_common/pico_double/double_v1_rom_shim_rp2040.S.o
                0x10003394                dmul_shim
 .text.ddiv_shim
                0x100034f0      0x1b0 CMakeFiles/my_sd_card.dir/Users/jalil/Raspbery/pi-pico/pico-sdk/src/rp2_common/pico_double/double_v1_rom_shim_rp2040.S.o
                0x100034f0                ddiv_shim
 .text.double2uint_shim
                0x100036a0        0xe CMakeFiles/my_sd_card.dir/Users/jalil/Raspbery/pi-pico/pico-sdk/src/rp2_common/pico_double/double_v1_rom_shim_rp2040.S.o
                0x100036a0                double2uint_shim
                0x100036a2                double2ufix_shim
 *fill*         0x100036ae        0x2 
 .text.double2uint64_shim
                0x100036b0       0x70 CMakeFiles/my_sd_card.dir/Users/jalil/Raspbery/pi-pico/pico-sdk/src/rp2_common/pico_double/double_v1_rom_shim_rp2040.S.o
                0x100036b0                double2uint64_shim
                0x100036b2                double2ufix64_shim
                0x100036d2                d2fix_a
 .text.dunpacks
                0x10003720       0x3c CMakeFiles/my_sd_card.dir/Users/jalil/Raspbery/pi-pico/pico-sdk/src/rp2_common/pico_double/double_v1_rom_shim_rp2040.S.o
                0x10003720                dunpacks
 .text.__aeabi_lmul
                0x1000375c       0x32 CMakeFiles/my_sd_card.dir/Users/jalil/Raspbery/pi-pico/pico-sdk/src/rp2_common/pico_int64_ops/pico_int64_ops_aeabi.S.o
                0x1000375c                __wrap___aeabi_lmul
 *fill*         0x1000378e        0x2 
 .text.__aeabi_float_init
                0x10003790       0x64 CMakeFiles/my_sd_card.dir/Users/jalil/Raspbery/pi-pico/pico-sdk/src/rp2_common/pico_float/float_init_rom_rp2040.c.o
                0x10003790                __aeabi_float_init
 .text.float_table_shim_on_use_helper
                0x100037f4       0x2c CMakeFiles/my_sd_card.dir/Users/jalil/Raspbery/pi-pico/pico-sdk/src/rp2_common/pico_float/float_v1_rom_shim_rp2040.S.o
                0x100037f4                float_table_shim_on_use_helper
 .text          0x10003820       0x10 CMakeFiles/my_sd_card.dir/Users/jalil/Raspbery/pi-pico/pico-sdk/src/rp2_common/pico_mem_ops/mem_ops_aeabi.S.o
                0x10003820                __aeabi_mem_init
 .text.memset   0x10003830        0xc CMakeFiles/my_sd_card.dir/Users/jalil/Raspbery/pi-pico/pico-sdk/src/rp2_common/pico_mem_ops/mem_ops_aeabi.S.o
                0x10003830                __wrap_memset
 .text.memcpy   0x1000383c        0xc CMakeFiles/my_sd_card.dir/Users/jalil/Raspbery/pi-pico/pico-sdk/src/rp2_common/pico_mem_ops/mem_ops_aeabi.S.o
                0x1000383c                __wrap___aeabi_memcpy
                0x1000383c                __wrap_memcpy
 .text._out_null
                0x10003848        0x4 CMakeFiles/my_sd_card.dir/Users/jalil/Raspbery/pi-pico/pico-sdk/src/rp2_common/pico_printf/printf.c.o
 .text._out_rev
                0x1000384c       0x90 CMakeFiles/my_sd_card.dir/Users/jalil/Raspbery/pi-pico/pico-sdk/src/rp2_common/pico_printf/printf.c.o
 .text._ntoa_format
                0x100038dc      0x208 CMakeFiles/my_sd_card.dir/Users/jalil/Raspbery/pi-pico/pico-sdk/src/rp2_common/pico_printf/printf.c.o
 .text._out_char
                0x10003ae4       0x10 CMakeFiles/my_sd_card.dir/Users/jalil/Raspbery/pi-pico/pico-sdk/src/rp2_common/pico_printf/printf.c.o
 .text._out_fct
                0x10003af4       0x10 CMakeFiles/my_sd_card.dir/Users/jalil/Raspbery/pi-pico/pico-sdk/src/rp2_common/pico_printf/printf.c.o
 .text._etoa    0x10003b04      0x464 CMakeFiles/my_sd_card.dir/Users/jalil/Raspbery/pi-pico/pico-sdk/src/rp2_common/pico_printf/printf.c.o
 .text._ftoa    0x10003f68      0x3c4 CMakeFiles/my_sd_card.dir/Users/jalil/Raspbery/pi-pico/pico-sdk/src/rp2_common/pico_printf/printf.c.o
 .text._vsnprintf
                0x1000432c      0xc18 CMakeFiles/my_sd_card.dir/Users/jalil/Raspbery/pi-pico/pico-sdk/src/rp2_common/pico_printf/printf.c.o
 .text.vfctprintf
                0x10004f44       0x20 CMakeFiles/my_sd_card.dir/Users/jalil/Raspbery/pi-pico/pico-sdk/src/rp2_common/pico_printf/printf.c.o
                0x10004f44                vfctprintf
 .text.weak_raw_vprintf
                0x10004f64       0x30 CMakeFiles/my_sd_card.dir/Users/jalil/Raspbery/pi-pico/pico-sdk/src/rp2_common/pico_printf/printf.c.o
                0x10004f64                weak_raw_vprintf
 .text._exit    0x10004f94        0x4 CMakeFiles/my_sd_card.dir/Users/jalil/Raspbery/pi-pico/pico-sdk/src/rp2_common/pico_clib_interface/newlib_interface.c.o
                0x10004f94                _exit
 .text.exit     0x10004f98        0x8 CMakeFiles/my_sd_card.dir/Users/jalil/Raspbery/pi-pico/pico-sdk/src/rp2_common/pico_clib_interface/newlib_interface.c.o
                0x10004f98                exit
 .text.runtime_init
                0x10004fa0       0x2c CMakeFiles/my_sd_card.dir/Users/jalil/Raspbery/pi-pico/pico-sdk/src/rp2_common/pico_clib_interface/newlib_interface.c.o
                0x10004fa0                runtime_init
 .text.stdio_out_chars_no_crlf
                0x10004fcc       0x10 CMakeFiles/my_sd_card.dir/Users/jalil/Raspbery/pi-pico/pico-sdk/src/rp2_common/pico_stdio/stdio.c.o
 .text.stdio_out_chars_crlf
                0x10004fdc       0x94 CMakeFiles/my_sd_card.dir/Users/jalil/Raspbery/pi-pico/pico-sdk/src/rp2_common/pico_stdio/stdio.c.o
 .text.stdio_buffered_printer
                0x10005070       0x64 CMakeFiles/my_sd_card.dir/Users/jalil/Raspbery/pi-pico/pico-sdk/src/rp2_common/pico_stdio/stdio.c.o
 .text.stdio_put_string
                0x100050d4      0x100 CMakeFiles/my_sd_card.dir/Users/jalil/Raspbery/pi-pico/pico-sdk/src/rp2_common/pico_stdio/stdio.c.o
                0x100050d4                stdio_put_string
 .text.stdio_set_driver_enabled
                0x100051d4       0x30 CMakeFiles/my_sd_card.dir/Users/jalil/Raspbery/pi-pico/pico-sdk/src/rp2_common/pico_stdio/stdio.c.o
                0x100051d4                stdio_set_driver_enabled
 .text.stdio_init_all
                0x10005204       0x10 CMakeFiles/my_sd_card.dir/Users/jalil/Raspbery/pi-pico/pico-sdk/src/rp2_common/pico_stdio/stdio.c.o
                0x10005204                stdio_init_all
 .text.__wrap_putchar
                0x10005214       0x98 CMakeFiles/my_sd_card.dir/Users/jalil/Raspbery/pi-pico/pico-sdk/src/rp2_common/pico_stdio/stdio.c.o
                0x10005214                stdio_putchar
                0x10005214                __wrap_putchar
 .text.__wrap_puts
                0x100052ac       0x3c CMakeFiles/my_sd_card.dir/Users/jalil/Raspbery/pi-pico/pico-sdk/src/rp2_common/pico_stdio/stdio.c.o
                0x100052ac                __wrap_puts
                0x100052ac                stdio_puts
 .text.__wrap_vprintf
                0x100052e8       0xd4 CMakeFiles/my_sd_card.dir/Users/jalil/Raspbery/pi-pico/pico-sdk/src/rp2_common/pico_stdio/stdio.c.o
                0x100052e8                __wrap_vprintf
                0x100052e8                stdio_vprintf
 .text.__wrap_printf
                0x100053bc       0x18 CMakeFiles/my_sd_card.dir/Users/jalil/Raspbery/pi-pico/pico-sdk/src/rp2_common/pico_stdio/stdio.c.o
                0x100053bc                stdio_printf
                0x100053bc                __wrap_printf
 .text.stdio_uart_out_chars
                0x100053d4       0x4c CMakeFiles/my_sd_card.dir/Users/jalil/Raspbery/pi-pico/pico-sdk/src/rp2_common/pico_stdio_uart/stdio_uart.c.o
 .text.stdio_uart_in_chars
                0x10005420       0x90 CMakeFiles/my_sd_card.dir/Users/jalil/Raspbery/pi-pico/pico-sdk/src/rp2_common/pico_stdio_uart/stdio_uart.c.o
                0x10005420                stdio_uart_in_chars
 .text.on_uart_rx
                0x100054b0       0x28 CMakeFiles/my_sd_card.dir/Users/jalil/Raspbery/pi-pico/pico-sdk/src/rp2_common/pico_stdio_uart/stdio_uart.c.o
 .text.stdio_uart_out_flush
                0x100054d8       0x14 CMakeFiles/my_sd_card.dir/Users/jalil/Raspbery/pi-pico/pico-sdk/src/rp2_common/pico_stdio_uart/stdio_uart.c.o
 .text.stdio_uart_set_chars_available_callback
                0x100054ec       0x84 CMakeFiles/my_sd_card.dir/Users/jalil/Raspbery/pi-pico/pico-sdk/src/rp2_common/pico_stdio_uart/stdio_uart.c.o
 .text.stdio_uart_init
                0x10005570       0x50 CMakeFiles/my_sd_card.dir/Users/jalil/Raspbery/pi-pico/pico-sdk/src/rp2_common/pico_stdio_uart/stdio_uart.c.o
                0x10005570                stdio_uart_init
 .text.resetd_init
                0x100055c0        0x4 CMakeFiles/my_sd_card.dir/Users/jalil/Raspbery/pi-pico/pico-sdk/src/rp2_common/pico_stdio_usb/reset_interface.c.o
 .text.resetd_reset
                0x100055c4        0xc CMakeFiles/my_sd_card.dir/Users/jalil/Raspbery/pi-pico/pico-sdk/src/rp2_common/pico_stdio_usb/reset_interface.c.o
 .text.resetd_open
                0x100055d0       0x28 CMakeFiles/my_sd_card.dir/Users/jalil/Raspbery/pi-pico/pico-sdk/src/rp2_common/pico_stdio_usb/reset_interface.c.o
 .text.resetd_xfer_cb
                0x100055f8        0x4 CMakeFiles/my_sd_card.dir/Users/jalil/Raspbery/pi-pico/pico-sdk/src/rp2_common/pico_stdio_usb/reset_interface.c.o
 .text.resetd_control_xfer_cb
                0x100055fc       0x5c CMakeFiles/my_sd_card.dir/Users/jalil/Raspbery/pi-pico/pico-sdk/src/rp2_common/pico_stdio_usb/reset_interface.c.o
 .text.tud_descriptor_bos_cb
                0x10005658        0x8 CMakeFiles/my_sd_card.dir/Users/jalil/Raspbery/pi-pico/pico-sdk/src/rp2_common/pico_stdio_usb/reset_interface.c.o
                0x10005658                tud_descriptor_bos_cb
 .text.tud_vendor_control_xfer_cb
                0x10005660       0x34 CMakeFiles/my_sd_card.dir/Users/jalil/Raspbery/pi-pico/pico-sdk/src/rp2_common/pico_stdio_usb/reset_interface.c.o
                0x10005660                tud_vendor_control_xfer_cb
 .text.usbd_app_driver_get_cb
                0x10005694        0xc CMakeFiles/my_sd_card.dir/Users/jalil/Raspbery/pi-pico/pico-sdk/src/rp2_common/pico_stdio_usb/reset_interface.c.o
                0x10005694                usbd_app_driver_get_cb
 .text.tud_cdc_line_coding_cb
                0x100056a0       0x2c CMakeFiles/my_sd_card.dir/Users/jalil/Raspbery/pi-pico/pico-sdk/src/rp2_common/pico_stdio_usb/reset_interface.c.o
                0x100056a0                tud_cdc_line_coding_cb
 .text.stdio_usb_set_chars_available_callback
                0x100056cc       0x14 CMakeFiles/my_sd_card.dir/Users/jalil/Raspbery/pi-pico/pico-sdk/src/rp2_common/pico_stdio_usb/stdio_usb.c.o
                0x100056cc                stdio_usb_set_chars_available_callback
 .text.usb_irq  0x100056e0       0x10 CMakeFiles/my_sd_card.dir/Users/jalil/Raspbery/pi-pico/pico-sdk/src/rp2_common/pico_stdio_usb/stdio_usb.c.o
 .text.timer_task
                0x100056f0       0x64 CMakeFiles/my_sd_card.dir/Users/jalil/Raspbery/pi-pico/pico-sdk/src/rp2_common/pico_stdio_usb/stdio_usb.c.o
 .text.stdio_usb_in_chars
                0x10005754       0x90 CMakeFiles/my_sd_card.dir/Users/jalil/Raspbery/pi-pico/pico-sdk/src/rp2_common/pico_stdio_usb/stdio_usb.c.o
                0x10005754                stdio_usb_in_chars
 .text.stdio_usb_out_flush
                0x100057e4       0x50 CMakeFiles/my_sd_card.dir/Users/jalil/Raspbery/pi-pico/pico-sdk/src/rp2_common/pico_stdio_usb/stdio_usb.c.o
 .text.stdio_usb_out_chars
                0x10005834      0x104 CMakeFiles/my_sd_card.dir/Users/jalil/Raspbery/pi-pico/pico-sdk/src/rp2_common/pico_stdio_usb/stdio_usb.c.o
 .text.low_priority_worker_irq
                0x10005938       0xcc CMakeFiles/my_sd_card.dir/Users/jalil/Raspbery/pi-pico/pico-sdk/src/rp2_common/pico_stdio_usb/stdio_usb.c.o
 .text.stdio_usb_init
                0x10005a04       0xec CMakeFiles/my_sd_card.dir/Users/jalil/Raspbery/pi-pico/pico-sdk/src/rp2_common/pico_stdio_usb/stdio_usb.c.o
                0x10005a04                stdio_usb_init
 .text.tud_descriptor_device_cb
                0x10005af0        0x8 CMakeFiles/my_sd_card.dir/Users/jalil/Raspbery/pi-pico/pico-sdk/src/rp2_common/pico_stdio_usb/stdio_usb_descriptors.c.o
                0x10005af0                tud_descriptor_device_cb
 .text.tud_descriptor_configuration_cb
                0x10005af8        0x8 CMakeFiles/my_sd_card.dir/Users/jalil/Raspbery/pi-pico/pico-sdk/src/rp2_common/pico_stdio_usb/stdio_usb_descriptors.c.o
                0x10005af8                tud_descriptor_configuration_cb
 .text.tud_descriptor_string_cb
                0x10005b00       0x78 CMakeFiles/my_sd_card.dir/Users/jalil/Raspbery/pi-pico/pico-sdk/src/rp2_common/pico_stdio_usb/stdio_usb_descriptors.c.o
                0x10005b00                tud_descriptor_string_cb
 .text.startup._retrieve_unique_id_on_boot
                0x10005b78       0x10 CMakeFiles/my_sd_card.dir/Users/jalil/Raspbery/pi-pico/pico-sdk/src/rp2_common/pico_unique_id/unique_id.c.o
 .text.pico_get_unique_board_id_string
                0x10005b88      0x1a8 CMakeFiles/my_sd_card.dir/Users/jalil/Raspbery/pi-pico/pico-sdk/src/rp2_common/pico_unique_id/unique_id.c.o
                0x10005b88                pico_get_unique_board_id_string
 .text.flash_get_unique_id
                0x10005d30       0x40 CMakeFiles/my_sd_card.dir/Users/jalil/Raspbery/pi-pico/pico-sdk/src/rp2_common/hardware_flash/flash.c.o
                0x10005d30                flash_get_unique_id
 .text.dcd_init
                0x10005d70       0x90 CMakeFiles/my_sd_card.dir/Users/jalil/Raspbery/pi-pico/pico-sdk/lib/tinyusb/src/portable/raspberrypi/rp2040/dcd_rp2040.c.o
                0x10005d70                dcd_init
 .text.dcd_int_enable
                0x10005e00        0xc CMakeFiles/my_sd_card.dir/Users/jalil/Raspbery/pi-pico/pico-sdk/lib/tinyusb/src/portable/raspberrypi/rp2040/dcd_rp2040.c.o
                0x10005e00                dcd_int_enable
 .text.dcd_set_address
                0x10005e0c       0x14 CMakeFiles/my_sd_card.dir/Users/jalil/Raspbery/pi-pico/pico-sdk/lib/tinyusb/src/portable/raspberrypi/rp2040/dcd_rp2040.c.o
                0x10005e0c                dcd_set_address
 .text.dcd_sof_enable
                0x10005e20       0x1c CMakeFiles/my_sd_card.dir/Users/jalil/Raspbery/pi-pico/pico-sdk/lib/tinyusb/src/portable/raspberrypi/rp2040/dcd_rp2040.c.o
                0x10005e20                dcd_sof_enable
 .text.dcd_edpt0_status_complete
                0x10005e3c       0x1c CMakeFiles/my_sd_card.dir/Users/jalil/Raspbery/pi-pico/pico-sdk/lib/tinyusb/src/portable/raspberrypi/rp2040/dcd_rp2040.c.o
                0x10005e3c                dcd_edpt0_status_complete
 .text.dcd_edpt_open
                0x10005e58      0x114 CMakeFiles/my_sd_card.dir/Users/jalil/Raspbery/pi-pico/pico-sdk/lib/tinyusb/src/portable/raspberrypi/rp2040/dcd_rp2040.c.o
                0x10005e58                dcd_edpt_open
 .text.dcd_edpt_close_all
                0x10005f6c        0x8 CMakeFiles/my_sd_card.dir/Users/jalil/Raspbery/pi-pico/pico-sdk/lib/tinyusb/src/portable/raspberrypi/rp2040/dcd_rp2040.c.o
                0x10005f6c                dcd_edpt_close_all
 .text.dcd_edpt_xfer
                0x10005f74       0x24 CMakeFiles/my_sd_card.dir/Users/jalil/Raspbery/pi-pico/pico-sdk/lib/tinyusb/src/portable/raspberrypi/rp2040/dcd_rp2040.c.o
                0x10005f74                dcd_edpt_xfer
 .text.dcd_edpt_stall
                0x10005f98       0x34 CMakeFiles/my_sd_card.dir/Users/jalil/Raspbery/pi-pico/pico-sdk/lib/tinyusb/src/portable/raspberrypi/rp2040/dcd_rp2040.c.o
                0x10005f98                dcd_edpt_stall
 .text.dcd_edpt_clear_stall
                0x10005fcc       0x30 CMakeFiles/my_sd_card.dir/Users/jalil/Raspbery/pi-pico/pico-sdk/lib/tinyusb/src/portable/raspberrypi/rp2040/dcd_rp2040.c.o
                0x10005fcc                dcd_edpt_clear_stall
 .text.rp2040_usb_init
                0x10005ffc       0x40 CMakeFiles/my_sd_card.dir/Users/jalil/Raspbery/pi-pico/pico-sdk/lib/tinyusb/src/portable/raspberrypi/rp2040/rp2040_usb.c.o
                0x10005ffc                rp2040_usb_init
 .text.hw_endpoint_xfer_start
                0x1000603c       0x40 CMakeFiles/my_sd_card.dir/Users/jalil/Raspbery/pi-pico/pico-sdk/lib/tinyusb/src/portable/raspberrypi/rp2040/rp2040_usb.c.o
                0x1000603c                hw_endpoint_xfer_start
 .text.tud_event_hook_cb
                0x1000607c        0x4 CMakeFiles/my_sd_card.dir/Users/jalil/Raspbery/pi-pico/pico-sdk/lib/tinyusb/src/device/usbd.c.o
                0x1000607c                tud_event_hook_cb
 .text.tud_sof_cb
                0x10006080        0x4 CMakeFiles/my_sd_card.dir/Users/jalil/Raspbery/pi-pico/pico-sdk/lib/tinyusb/src/device/usbd.c.o
                0x10006080                tud_sof_cb
 .text.tud_descriptor_device_qualifier_cb
                0x10006084        0x4 CMakeFiles/my_sd_card.dir/Users/jalil/Raspbery/pi-pico/pico-sdk/lib/tinyusb/src/device/usbd.c.o
                0x10006084                tud_descriptor_device_qualifier_cb
 .text.tud_descriptor_other_speed_configuration_cb
                0x10006088        0x4 CMakeFiles/my_sd_card.dir/Users/jalil/Raspbery/pi-pico/pico-sdk/lib/tinyusb/src/device/usbd.c.o
                0x10006088                tud_descriptor_other_speed_configuration_cb
 .text.tud_mount_cb
                0x1000608c        0x4 CMakeFiles/my_sd_card.dir/Users/jalil/Raspbery/pi-pico/pico-sdk/lib/tinyusb/src/device/usbd.c.o
                0x1000608c                tud_mount_cb
 .text.tud_umount_cb
                0x10006090        0x4 CMakeFiles/my_sd_card.dir/Users/jalil/Raspbery/pi-pico/pico-sdk/lib/tinyusb/src/device/usbd.c.o
                0x10006090                tud_umount_cb
 .text.tud_suspend_cb
                0x10006094        0x4 CMakeFiles/my_sd_card.dir/Users/jalil/Raspbery/pi-pico/pico-sdk/lib/tinyusb/src/device/usbd.c.o
                0x10006094                tud_suspend_cb
 .text.tud_resume_cb
                0x10006098        0x4 CMakeFiles/my_sd_card.dir/Users/jalil/Raspbery/pi-pico/pico-sdk/lib/tinyusb/src/device/usbd.c.o
                0x10006098                tud_resume_cb
 .text.tud_mounted
                0x1000609c       0x10 CMakeFiles/my_sd_card.dir/Users/jalil/Raspbery/pi-pico/pico-sdk/lib/tinyusb/src/device/usbd.c.o
                0x1000609c                tud_mounted
 .text.tud_suspended
                0x100060ac       0x10 CMakeFiles/my_sd_card.dir/Users/jalil/Raspbery/pi-pico/pico-sdk/lib/tinyusb/src/device/usbd.c.o
                0x100060ac                tud_suspended
 .text.tud_rhport_init
                0x100060bc       0xfc CMakeFiles/my_sd_card.dir/Users/jalil/Raspbery/pi-pico/pico-sdk/lib/tinyusb/src/device/usbd.c.o
                0x100060bc                tud_rhport_init
 .text.tud_task_ext
                0x100061b8      0x808 CMakeFiles/my_sd_card.dir/Users/jalil/Raspbery/pi-pico/pico-sdk/lib/tinyusb/src/device/usbd.c.o
                0x100061b8                tud_task_ext
 .text.usbd_open_edpt_pair
                0x100069c0       0x9c CMakeFiles/my_sd_card.dir/Users/jalil/Raspbery/pi-pico/pico-sdk/lib/tinyusb/src/device/usbd.c.o
                0x100069c0                usbd_open_edpt_pair
 .text.usbd_edpt_open
                0x10006a5c       0x34 CMakeFiles/my_sd_card.dir/Users/jalil/Raspbery/pi-pico/pico-sdk/lib/tinyusb/src/device/usbd.c.o
                0x10006a5c                usbd_edpt_open
 .text.usbd_edpt_claim
                0x10006a90       0x28 CMakeFiles/my_sd_card.dir/Users/jalil/Raspbery/pi-pico/pico-sdk/lib/tinyusb/src/device/usbd.c.o
                0x10006a90                usbd_edpt_claim
 .text.usbd_edpt_release
                0x10006ab8       0x28 CMakeFiles/my_sd_card.dir/Users/jalil/Raspbery/pi-pico/pico-sdk/lib/tinyusb/src/device/usbd.c.o
                0x10006ab8                usbd_edpt_release
 .text.usbd_edpt_xfer
                0x10006ae0       0x4c CMakeFiles/my_sd_card.dir/Users/jalil/Raspbery/pi-pico/pico-sdk/lib/tinyusb/src/device/usbd.c.o
                0x10006ae0                usbd_edpt_xfer
 .text.tud_control_status
                0x10006b2c       0x2c CMakeFiles/my_sd_card.dir/Users/jalil/Raspbery/pi-pico/pico-sdk/lib/tinyusb/src/device/usbd_control.c.o
                0x10006b2c                tud_control_status
 .text.tud_control_xfer
                0x10006b58       0xac CMakeFiles/my_sd_card.dir/Users/jalil/Raspbery/pi-pico/pico-sdk/lib/tinyusb/src/device/usbd_control.c.o
                0x10006b58                tud_control_xfer
 .text.usbd_control_reset
                0x10006c04       0x14 CMakeFiles/my_sd_card.dir/Users/jalil/Raspbery/pi-pico/pico-sdk/lib/tinyusb/src/device/usbd_control.c.o
                0x10006c04                usbd_control_reset
 .text.usbd_control_set_complete_callback
                0x10006c18        0xc CMakeFiles/my_sd_card.dir/Users/jalil/Raspbery/pi-pico/pico-sdk/lib/tinyusb/src/device/usbd_control.c.o
                0x10006c18                usbd_control_set_complete_callback
 .text.usbd_control_set_request
                0x10006c24       0x1c CMakeFiles/my_sd_card.dir/Users/jalil/Raspbery/pi-pico/pico-sdk/lib/tinyusb/src/device/usbd_control.c.o
                0x10006c24                usbd_control_set_request
 .text.usbd_control_xfer_cb
                0x10006c40       0xec CMakeFiles/my_sd_card.dir/Users/jalil/Raspbery/pi-pico/pico-sdk/lib/tinyusb/src/device/usbd_control.c.o
                0x10006c40                usbd_control_xfer_cb
 .text._prep_out_transaction.isra.0
                0x10006d2c       0x6c CMakeFiles/my_sd_card.dir/Users/jalil/Raspbery/pi-pico/pico-sdk/lib/tinyusb/src/class/cdc/cdc_device.c.o
 .text.tud_cdc_n_connected
                0x10006d98       0x2c CMakeFiles/my_sd_card.dir/Users/jalil/Raspbery/pi-pico/pico-sdk/lib/tinyusb/src/class/cdc/cdc_device.c.o
                0x10006d98                tud_cdc_n_connected
 .text.tud_cdc_n_available
                0x10006dc4       0x14 CMakeFiles/my_sd_card.dir/Users/jalil/Raspbery/pi-pico/pico-sdk/lib/tinyusb/src/class/cdc/cdc_device.c.o
                0x10006dc4                tud_cdc_n_available
 .text.tud_cdc_n_read
                0x10006dd8       0x94 CMakeFiles/my_sd_card.dir/Users/jalil/Raspbery/pi-pico/pico-sdk/lib/tinyusb/src/class/cdc/cdc_device.c.o
                0x10006dd8                tud_cdc_n_read
 .text.tud_cdc_n_write_flush
                0x10006e6c       0x74 CMakeFiles/my_sd_card.dir/Users/jalil/Raspbery/pi-pico/pico-sdk/lib/tinyusb/src/class/cdc/cdc_device.c.o
                0x10006e6c                tud_cdc_n_write_flush
 .text.tud_cdc_n_write
                0x10006ee0       0x40 CMakeFiles/my_sd_card.dir/Users/jalil/Raspbery/pi-pico/pico-sdk/lib/tinyusb/src/class/cdc/cdc_device.c.o
                0x10006ee0                tud_cdc_n_write
 .text.tud_cdc_n_write_available
                0x10006f20       0x14 CMakeFiles/my_sd_card.dir/Users/jalil/Raspbery/pi-pico/pico-sdk/lib/tinyusb/src/class/cdc/cdc_device.c.o
                0x10006f20                tud_cdc_n_write_available
 .text.cdcd_init
                0x10006f34       0x70 CMakeFiles/my_sd_card.dir/Users/jalil/Raspbery/pi-pico/pico-sdk/lib/tinyusb/src/class/cdc/cdc_device.c.o
                0x10006f34                cdcd_init
 .text.cdcd_deinit
                0x10006fa4       0x30 CMakeFiles/my_sd_card.dir/Users/jalil/Raspbery/pi-pico/pico-sdk/lib/tinyusb/src/class/cdc/cdc_device.c.o
                0x10006fa4                cdcd_deinit
 .text.cdcd_reset
                0x10006fd4       0x4c CMakeFiles/my_sd_card.dir/Users/jalil/Raspbery/pi-pico/pico-sdk/lib/tinyusb/src/class/cdc/cdc_device.c.o
                0x10006fd4                cdcd_reset
 .text.cdcd_open
                0x10007020       0xa8 CMakeFiles/my_sd_card.dir/Users/jalil/Raspbery/pi-pico/pico-sdk/lib/tinyusb/src/class/cdc/cdc_device.c.o
                0x10007020                cdcd_open
 .text.cdcd_control_xfer_cb
                0x100070c8       0xe8 CMakeFiles/my_sd_card.dir/Users/jalil/Raspbery/pi-pico/pico-sdk/lib/tinyusb/src/class/cdc/cdc_device.c.o
                0x100070c8                cdcd_control_xfer_cb
 .text.cdcd_xfer_cb
                0x100071b0      0x100 CMakeFiles/my_sd_card.dir/Users/jalil/Raspbery/pi-pico/pico-sdk/lib/tinyusb/src/class/cdc/cdc_device.c.o
                0x100071b0                cdcd_xfer_cb
 .text.vendord_init
                0x100072b0       0x5c CMakeFiles/my_sd_card.dir/Users/jalil/Raspbery/pi-pico/pico-sdk/lib/tinyusb/src/class/vendor/vendor_device.c.o
                0x100072b0                vendord_init
 .text.vendord_deinit
                0x1000730c       0x1c CMakeFiles/my_sd_card.dir/Users/jalil/Raspbery/pi-pico/pico-sdk/lib/tinyusb/src/class/vendor/vendor_device.c.o
                0x1000730c                vendord_deinit
 .text.vendord_reset
                0x10007328       0x28 CMakeFiles/my_sd_card.dir/Users/jalil/Raspbery/pi-pico/pico-sdk/lib/tinyusb/src/class/vendor/vendor_device.c.o
                0x10007328                vendord_reset
 .text.vendord_open
                0x10007350      0x128 CMakeFiles/my_sd_card.dir/Users/jalil/Raspbery/pi-pico/pico-sdk/lib/tinyusb/src/class/vendor/vendor_device.c.o
                0x10007350                vendord_open
 .text.vendord_xfer_cb
                0x10007478       0x9c CMakeFiles/my_sd_card.dir/Users/jalil/Raspbery/pi-pico/pico-sdk/lib/tinyusb/src/class/vendor/vendor_device.c.o
                0x10007478                vendord_xfer_cb
 .text.tusb_rhport_init
                0x10007514       0x48 CMakeFiles/my_sd_card.dir/Users/jalil/Raspbery/pi-pico/pico-sdk/lib/tinyusb/src/tusb.c.o
                0x10007514                tusb_rhport_init
 .text.tu_edpt_claim
                0x1000755c       0x50 CMakeFiles/my_sd_card.dir/Users/jalil/Raspbery/pi-pico/pico-sdk/lib/tinyusb/src/tusb.c.o
                0x1000755c                tu_edpt_claim
 .text.tu_edpt_release
                0x100075ac       0x38 CMakeFiles/my_sd_card.dir/Users/jalil/Raspbery/pi-pico/pico-sdk/lib/tinyusb/src/tusb.c.o
                0x100075ac                tu_edpt_release
 .text.tu_edpt_validate
                0x100075e4       0x7c CMakeFiles/my_sd_card.dir/Users/jalil/Raspbery/pi-pico/pico-sdk/lib/tinyusb/src/tusb.c.o
                0x100075e4                tu_edpt_validate
 .text.tu_edpt_bind_driver
                0x10007660       0x34 CMakeFiles/my_sd_card.dir/Users/jalil/Raspbery/pi-pico/pico-sdk/lib/tinyusb/src/tusb.c.o
                0x10007660                tu_edpt_bind_driver
 .text.tu_edpt_stream_init
                0x10007694       0x6c CMakeFiles/my_sd_card.dir/Users/jalil/Raspbery/pi-pico/pico-sdk/lib/tinyusb/src/tusb.c.o
                0x10007694                tu_edpt_stream_init
 .text.tu_edpt_stream_deinit
                0x10007700        0x4 CMakeFiles/my_sd_card.dir/Users/jalil/Raspbery/pi-pico/pico-sdk/lib/tinyusb/src/tusb.c.o
                0x10007700                tu_edpt_stream_deinit
 .text.tu_edpt_stream_write_zlp_if_needed
                0x10007704       0x68 CMakeFiles/my_sd_card.dir/Users/jalil/Raspbery/pi-pico/pico-sdk/lib/tinyusb/src/tusb.c.o
                0x10007704                tu_edpt_stream_write_zlp_if_needed
 .text.tu_edpt_stream_write_xfer
                0x1000776c       0x64 CMakeFiles/my_sd_card.dir/Users/jalil/Raspbery/pi-pico/pico-sdk/lib/tinyusb/src/tusb.c.o
                0x1000776c                tu_edpt_stream_write_xfer
 .text.tu_edpt_stream_read_xfer
                0x100077d0       0xdc CMakeFiles/my_sd_card.dir/Users/jalil/Raspbery/pi-pico/pico-sdk/lib/tinyusb/src/tusb.c.o
                0x100077d0                tu_edpt_stream_read_xfer
 .text.tu_fifo_config
                0x100078ac       0x6c CMakeFiles/my_sd_card.dir/Users/jalil/Raspbery/pi-pico/pico-sdk/lib/tinyusb/src/common/tusb_fifo.c.o
                0x100078ac                tu_fifo_config
 .text.tu_fifo_count
                0x10007918       0x2c CMakeFiles/my_sd_card.dir/Users/jalil/Raspbery/pi-pico/pico-sdk/lib/tinyusb/src/common/tusb_fifo.c.o
                0x10007918                tu_fifo_count
 .text.tu_fifo_empty
                0x10007944       0x10 CMakeFiles/my_sd_card.dir/Users/jalil/Raspbery/pi-pico/pico-sdk/lib/tinyusb/src/common/tusb_fifo.c.o
                0x10007944                tu_fifo_empty
 .text.tu_fifo_remaining
                0x10007954       0x2c CMakeFiles/my_sd_card.dir/Users/jalil/Raspbery/pi-pico/pico-sdk/lib/tinyusb/src/common/tusb_fifo.c.o
                0x10007954                tu_fifo_remaining
 .text.tu_fifo_read
                0x10007980       0x9c CMakeFiles/my_sd_card.dir/Users/jalil/Raspbery/pi-pico/pico-sdk/lib/tinyusb/src/common/tusb_fifo.c.o
                0x10007980                tu_fifo_read
 .text.tu_fifo_read_n
                0x10007a1c       0xe8 CMakeFiles/my_sd_card.dir/Users/jalil/Raspbery/pi-pico/pico-sdk/lib/tinyusb/src/common/tusb_fifo.c.o
                0x10007a1c                tu_fifo_read_n
 .text.tu_fifo_write
                0x10007b04       0x88 CMakeFiles/my_sd_card.dir/Users/jalil/Raspbery/pi-pico/pico-sdk/lib/tinyusb/src/common/tusb_fifo.c.o
                0x10007b04                tu_fifo_write
 .text.tu_fifo_write_n
                0x10007b8c      0x178 CMakeFiles/my_sd_card.dir/Users/jalil/Raspbery/pi-pico/pico-sdk/lib/tinyusb/src/common/tusb_fifo.c.o
                0x10007b8c                tu_fifo_write_n
 .text.tu_fifo_clear
                0x10007d04       0x40 CMakeFiles/my_sd_card.dir/Users/jalil/Raspbery/pi-pico/pico-sdk/lib/tinyusb/src/common/tusb_fifo.c.o
                0x10007d04                tu_fifo_clear
 .text.tu_fifo_set_overwritable
                0x10007d44       0x48 CMakeFiles/my_sd_card.dir/Users/jalil/Raspbery/pi-pico/pico-sdk/lib/tinyusb/src/common/tusb_fifo.c.o
                0x10007d44                tu_fifo_set_overwritable
 .text.ff_uni2oem
                0x10007d8c      0x244 CMakeFiles/my_sd_card.dir/Users/jalil/prj/Electronic/pico/examples/my_sd_card_py/FatFs_SPI/ff16/source/ffunicode.c.o
                0x10007d8c                ff_uni2oem
 .text.ff_oem2uni
                0x10007fd0      0x204 CMakeFiles/my_sd_card.dir/Users/jalil/prj/Electronic/pico/examples/my_sd_card_py/FatFs_SPI/ff16/source/ffunicode.c.o
                0x10007fd0                ff_oem2uni
 .text.ff_wtoupper
                0x100081d4       0xb8 CMakeFiles/my_sd_card.dir/Users/jalil/prj/Electronic/pico/examples/my_sd_card_py/FatFs_SPI/ff16/source/ffunicode.c.o
                0x100081d4                ff_wtoupper
 .text.get_fileinfo
                0x1000828c      0x47c CMakeFiles/my_sd_card.dir/Users/jalil/prj/Electronic/pico/examples/my_sd_card_py/FatFs_SPI/ff16/source/ff.c.o
 .text.sync_fs  0x10008708      0x12c CMakeFiles/my_sd_card.dir/Users/jalil/prj/Electronic/pico/examples/my_sd_card_py/FatFs_SPI/ff16/source/ff.c.o
 .text.move_window
                0x10008834       0x68 CMakeFiles/my_sd_card.dir/Users/jalil/prj/Electronic/pico/examples/my_sd_card_py/FatFs_SPI/ff16/source/ff.c.o
 .text.put_fat.part.0
                0x1000889c      0x120 CMakeFiles/my_sd_card.dir/Users/jalil/prj/Electronic/pico/examples/my_sd_card_py/FatFs_SPI/ff16/source/ff.c.o
 .text.get_fat.isra.0
                0x100089bc       0xe4 CMakeFiles/my_sd_card.dir/Users/jalil/prj/Electronic/pico/examples/my_sd_card_py/FatFs_SPI/ff16/source/ff.c.o
 .text.check_fs
                0x10008aa0      0x140 CMakeFiles/my_sd_card.dir/Users/jalil/prj/Electronic/pico/examples/my_sd_card_py/FatFs_SPI/ff16/source/ff.c.o
 .text.mount_volume
                0x10008be0      0x410 CMakeFiles/my_sd_card.dir/Users/jalil/prj/Electronic/pico/examples/my_sd_card_py/FatFs_SPI/ff16/source/ff.c.o
 .text.dir_read.constprop.0
                0x10008ff0      0x4c4 CMakeFiles/my_sd_card.dir/Users/jalil/prj/Electronic/pico/examples/my_sd_card_py/FatFs_SPI/ff16/source/ff.c.o
 .text.dir_sdi  0x100094b4      0x1a8 CMakeFiles/my_sd_card.dir/Users/jalil/prj/Electronic/pico/examples/my_sd_card_py/FatFs_SPI/ff16/source/ff.c.o
 .text.dir_find
                0x1000965c      0x304 CMakeFiles/my_sd_card.dir/Users/jalil/prj/Electronic/pico/examples/my_sd_card_py/FatFs_SPI/ff16/source/ff.c.o
 .text.follow_path
                0x10009960      0x4c0 CMakeFiles/my_sd_card.dir/Users/jalil/prj/Electronic/pico/examples/my_sd_card_py/FatFs_SPI/ff16/source/ff.c.o
 .text.create_chain
                0x10009e20      0x250 CMakeFiles/my_sd_card.dir/Users/jalil/prj/Electronic/pico/examples/my_sd_card_py/FatFs_SPI/ff16/source/ff.c.o
 .text.dir_next
                0x1000a070      0x1c8 CMakeFiles/my_sd_card.dir/Users/jalil/prj/Electronic/pico/examples/my_sd_card_py/FatFs_SPI/ff16/source/ff.c.o
 .text.dir_register
                0x1000a238      0x854 CMakeFiles/my_sd_card.dir/Users/jalil/prj/Electronic/pico/examples/my_sd_card_py/FatFs_SPI/ff16/source/ff.c.o
 .text.remove_chain
                0x1000aa8c      0x278 CMakeFiles/my_sd_card.dir/Users/jalil/prj/Electronic/pico/examples/my_sd_card_py/FatFs_SPI/ff16/source/ff.c.o
 .text.f_mount  0x1000ad04       0x60 CMakeFiles/my_sd_card.dir/Users/jalil/prj/Electronic/pico/examples/my_sd_card_py/FatFs_SPI/ff16/source/ff.c.o
                0x1000ad04                f_mount
 .text.f_open   0x1000ad64      0x248 CMakeFiles/my_sd_card.dir/Users/jalil/prj/Electronic/pico/examples/my_sd_card_py/FatFs_SPI/ff16/source/ff.c.o
                0x1000ad64                f_open
 .text.f_read   0x1000afac      0x1c0 CMakeFiles/my_sd_card.dir/Users/jalil/prj/Electronic/pico/examples/my_sd_card_py/FatFs_SPI/ff16/source/ff.c.o
                0x1000afac                f_read
 .text.f_write  0x1000b16c      0x1f4 CMakeFiles/my_sd_card.dir/Users/jalil/prj/Electronic/pico/examples/my_sd_card_py/FatFs_SPI/ff16/source/ff.c.o
                0x1000b16c                f_write
 .text.f_close  0x1000b360       0xf0 CMakeFiles/my_sd_card.dir/Users/jalil/prj/Electronic/pico/examples/my_sd_card_py/FatFs_SPI/ff16/source/ff.c.o
                0x1000b360                f_close
 .text.f_opendir
                0x1000b450       0x84 CMakeFiles/my_sd_card.dir/Users/jalil/prj/Electronic/pico/examples/my_sd_card_py/FatFs_SPI/ff16/source/ff.c.o
                0x1000b450                f_opendir
 .text.f_closedir
                0x1000b4d4       0x34 CMakeFiles/my_sd_card.dir/Users/jalil/prj/Electronic/pico/examples/my_sd_card_py/FatFs_SPI/ff16/source/ff.c.o
                0x1000b4d4                f_closedir
 .text.f_readdir
                0x1000b508       0x7c CMakeFiles/my_sd_card.dir/Users/jalil/prj/Electronic/pico/examples/my_sd_card_py/FatFs_SPI/ff16/source/ff.c.o
                0x1000b508                f_readdir
 .text.get_fattime
                0x1000b584       0x6c CMakeFiles/my_sd_card.dir/Users/jalil/prj/Electronic/pico/examples/my_sd_card_py/FatFs_SPI/src/rtc.c.o
                0x1000b584                get_fattime
 .text.spi_init
                0x1000b5f0      0x140 CMakeFiles/my_sd_card.dir/Users/jalil/Raspbery/pi-pico/pico-sdk/src/rp2_common/hardware_spi/spi.c.o
                0x1000b5f0                spi_init
 .text.rtc_get_datetime
                0x1000b730       0x44 CMakeFiles/my_sd_card.dir/Users/jalil/Raspbery/pi-pico/pico-sdk/src/rp2_common/hardware_rtc/rtc.c.o
                0x1000b730                rtc_get_datetime
 .text.memcmp   0x1000b774       0x44 /Applications/ArmGNUToolchain/12.3.rel1/arm-none-eabi/bin/../lib/gcc/arm-none-eabi/12.3.1/../../../../arm-none-eabi/lib/thumb/v6-m/nofp/libg.a(libc_a-memcmp.o)
                0x1000b774                memcmp
 .text.strchr   0x1000b7b8       0xc4 /Applications/ArmGNUToolchain/12.3.rel1/arm-none-eabi/bin/../lib/gcc/arm-none-eabi/12.3.1/../../../../arm-none-eabi/lib/thumb/v6-m/nofp/libg.a(libc_a-strchr.o)
                0x1000b7b8                strchr
 .text.strlen   0x1000b87c       0x5c /Applications/ArmGNUToolchain/12.3.rel1/arm-none-eabi/bin/../lib/gcc/arm-none-eabi/12.3.1/../../../../arm-none-eabi/lib/thumb/v6-m/nofp/libg.a(libc_a-strlen-stub.o)
                0x1000b87c                strlen
 *(.fini)
 .fini          0x1000b8d8        0x4 /Applications/ArmGNUToolchain/12.3.rel1/arm-none-eabi/bin/../lib/gcc/arm-none-eabi/12.3.1/thumb/v6-m/nofp/crti.o
                0x1000b8d8                _fini
 *fill*         0x1000b8dc        0x4 
 .fini.__stub   0x1000b8e0       0xe0 linker stubs
 *crtbegin.o(.ctors)
 *crtbegin?.o(.ctors)
 *(EXCLUDE_FILE(*crtend.o *crtend?.o) .ctors)
 *(SORT_BY_NAME(.ctors.*))
 *(.ctors)
 *crtbegin.o(.dtors)
 *crtbegin?.o(.dtors)
 *(EXCLUDE_FILE(*crtend.o *crtend?.o) .dtors)
 *(SORT_BY_NAME(.dtors.*))
 *(.dtors)
                0x1000b9c0                        . = ALIGN (0x4)
                0x1000b9c0                        PROVIDE (__preinit_array_start = .)
 *(SORT_BY_NAME(.preinit_array.*))
 .preinit_array.00100
                0x1000b9c0        0x4 CMakeFiles/my_sd_card.dir/Users/jalil/Raspbery/pi-pico/pico-sdk/src/rp2_common/pico_runtime_init/runtime_init.c.o
                0x1000b9c0                __pre_init_runtime_init_early_resets
 .preinit_array.00101
                0x1000b9c4        0x4 CMakeFiles/my_sd_card.dir/Users/jalil/Raspbery/pi-pico/pico-sdk/src/rp2_common/pico_runtime_init/runtime_init.c.o
                0x1000b9c4                __pre_init_runtime_init_usb_power_down
 .preinit_array.00275
                0x1000b9c8        0x4 CMakeFiles/my_sd_card.dir/Users/jalil/Raspbery/pi-pico/pico-sdk/src/rp2_common/pico_bit_ops/bit_ops_aeabi.S.o
 .preinit_array.00300
                0x1000b9cc        0x4 CMakeFiles/my_sd_card.dir/Users/jalil/Raspbery/pi-pico/pico-sdk/src/rp2_common/pico_mem_ops/mem_ops_aeabi.S.o
 .preinit_array.00350
                0x1000b9d0        0x4 CMakeFiles/my_sd_card.dir/Users/jalil/Raspbery/pi-pico/pico-sdk/src/rp2_common/pico_double/double_aeabi_rp2040.S.o
 .preinit_array.00350
                0x1000b9d4        0x4 CMakeFiles/my_sd_card.dir/Users/jalil/Raspbery/pi-pico/pico-sdk/src/rp2_common/pico_float/float_aeabi_rp2040.S.o
 .preinit_array.00500
                0x1000b9d8        0x4 CMakeFiles/my_sd_card.dir/Users/jalil/Raspbery/pi-pico/pico-sdk/src/rp2_common/pico_runtime_init/runtime_init.c.o
                0x1000b9d8                __pre_init_runtime_init_clocks
 .preinit_array.00600
                0x1000b9dc        0x4 CMakeFiles/my_sd_card.dir/Users/jalil/Raspbery/pi-pico/pico-sdk/src/rp2_common/pico_runtime_init/runtime_init.c.o
                0x1000b9dc                __pre_init_runtime_init_post_clock_resets
 .preinit_array.00700
                0x1000b9e0        0x4 CMakeFiles/my_sd_card.dir/Users/jalil/Raspbery/pi-pico/pico-sdk/src/rp2_common/pico_runtime_init/runtime_init.c.o
                0x1000b9e0                __pre_init_runtime_init_rp2040_gpio_ie_disable
 .preinit_array.01000
                0x1000b9e4        0x4 CMakeFiles/my_sd_card.dir/Users/jalil/Raspbery/pi-pico/pico-sdk/src/rp2_common/pico_runtime_init/runtime_init.c.o
                0x1000b9e4                __pre_init_runtime_init_spin_locks_reset
 .preinit_array.01100
                0x1000b9e8        0x4 CMakeFiles/my_sd_card.dir/Users/jalil/Raspbery/pi-pico/pico-sdk/src/common/pico_sync/mutex.c.o
                0x1000b9e8                __pre_init_runtime_init_mutex
 .preinit_array.10080
                0x1000b9ec        0x4 CMakeFiles/my_sd_card.dir/Users/jalil/Raspbery/pi-pico/pico-sdk/src/rp2_common/pico_runtime_init/runtime_init.c.o
                0x1000b9ec                __pre_init_runtime_init_install_ram_vector_table
 .preinit_array.11000
                0x1000b9f0        0x4 CMakeFiles/my_sd_card.dir/Users/jalil/Raspbery/pi-pico/pico-sdk/src/common/pico_time/time.c.o
                0x1000b9f0                __pre_init_runtime_init_default_alarm_pool
 .preinit_array.YYYYY
                0x1000b9f4        0x4 CMakeFiles/my_sd_card.dir/Users/jalil/Raspbery/pi-pico/pico-sdk/src/rp2_common/pico_runtime/runtime.c.o
                0x1000b9f4                __pre_init_first_per_core_initializer
 .preinit_array.ZZZZZ.01200
                0x1000b9f8        0x4 CMakeFiles/my_sd_card.dir/Users/jalil/Raspbery/pi-pico/pico-sdk/src/rp2_common/hardware_irq/irq.c.o
                0x1000b9f8                __pre_init_runtime_init_per_core_irq_priorities
 *(.preinit_array)
                0x1000b9fc                        PROVIDE (__preinit_array_end = .)
                0x1000b9fc                        . = ALIGN (0x4)
                0x1000b9fc                        PROVIDE (__init_array_start = .)
 *(SORT_BY_NAME(.init_array.*))
 .init_array.01000
                0x1000b9fc        0x4 CMakeFiles/my_sd_card.dir/Users/jalil/Raspbery/pi-pico/pico-sdk/src/rp2_common/pico_unique_id/unique_id.c.o
 *(.init_array)
 .init_array    0x1000ba00        0x4 /Applications/ArmGNUToolchain/12.3.rel1/arm-none-eabi/bin/../lib/gcc/arm-none-eabi/12.3.1/thumb/v6-m/nofp/crtbegin.o
                0x1000ba04                        PROVIDE (__init_array_end = .)
                0x1000ba04                        . = ALIGN (0x4)
                [!provide]                        PROVIDE (__fini_array_start = .)
 *(SORT_BY_NAME(.fini_array.*))
 *(.fini_array)
                [!provide]                        PROVIDE (__fini_array_end = .)
 *(.eh_frame*)
 .eh_frame      0x1000ba04        0x0 /Applications/ArmGNUToolchain/12.3.rel1/arm-none-eabi/bin/../lib/gcc/arm-none-eabi/12.3.1/thumb/v6-m/nofp/crtbegin.o
                0x1000ba04                        . = ALIGN (0x4)

.glue_7         0x1000ba04        0x0
 .glue_7        0x1000ba04        0x0 linker stubs

.glue_7t        0x1000ba04        0x0
 .glue_7t       0x1000ba04        0x0 linker stubs

.vfp11_veneer   0x1000ba04        0x0
 .vfp11_veneer  0x1000ba04        0x0 linker stubs

.v4_bx          0x1000ba04        0x0
 .v4_bx         0x1000ba04        0x0 linker stubs

.iplt           0x1000ba04        0x0
 .iplt          0x1000ba04        0x0 /Applications/ArmGNUToolchain/12.3.rel1/arm-none-eabi/bin/../lib/gcc/arm-none-eabi/12.3.1/thumb/v6-m/nofp/crtbegin.o

.rodata         0x1000ba08    0x768f0
 *(EXCLUDE_FILE(*libm.a: *libc.a:*lib_a-mem*.o *libgcc.a:) .rodata*)
 .rodata.main.str1.4
                0x1000ba08       0x41 CMakeFiles/my_sd_card.dir/main.c.o
 *fill*         0x1000ba49        0x3 
 .rodata.init_card_v1.str1.4
                0x1000ba4c       0x3f CMakeFiles/my_sd_card.dir/my_sdcard.c.o
 *fill*         0x1000ba8b        0x1 
 .rodata.init_card_v2.str1.4
                0x1000ba8c       0x3f CMakeFiles/my_sd_card.dir/my_sdcard.c.o
 *fill*         0x1000bacb        0x1 
 .rodata.init_card.str1.4
                0x1000bacc       0xdc CMakeFiles/my_sd_card.dir/my_sdcard.c.o
 .rodata.readblocks.str1.4
                0x1000bba8       0x5c CMakeFiles/my_sd_card.dir/my_sdcard.c.o
 .rodata.writeblocks.str1.4
                0x1000bc04       0x28 CMakeFiles/my_sd_card.dir/my_sdcard.c.o
 .rodata.list_directory.str1.4
                0x1000bc2c       0x53 CMakeFiles/my_sd_card.dir/dir.c.o
 *fill*         0x1000bc7f        0x1 
 .rodata.write_file.str1.4
                0x1000bc80       0x6b CMakeFiles/my_sd_card.dir/read_write.c.o
                                 0x7f (size before relaxing)
 *fill*         0x1000bceb        0x1 
 .rodata.read_file.str1.4
                0x1000bcec       0x6d CMakeFiles/my_sd_card.dir/read_write.c.o
 *fill*         0x1000bd59        0x3 
 .rodata.panic.str1.4
                0x1000bd5c       0x10 CMakeFiles/my_sd_card.dir/Users/jalil/Raspbery/pi-pico/pico-sdk/src/rp2_common/pico_platform_panic/panic.c.o
                                 0x12 (size before relaxing)
 .rodata.spin_lock_claim_unused.str1.4
                0x1000bd6c       0x1b CMakeFiles/my_sd_card.dir/Users/jalil/Raspbery/pi-pico/pico-sdk/src/rp2_common/hardware_sync/sync.c.o
 *fill*         0x1000bd87        0x1 
 .rodata.user_irq_claim_unused.str1.4
                0x1000bd88       0x1b CMakeFiles/my_sd_card.dir/Users/jalil/Raspbery/pi-pico/pico-sdk/src/rp2_common/hardware_irq/irq.c.o
 *fill*         0x1000bda3        0x1 
 .rodata.timer_hardware_alarm_claim.str1.4
                0x1000bda4       0x22 CMakeFiles/my_sd_card.dir/Users/jalil/Raspbery/pi-pico/pico-sdk/src/rp2_common/hardware_timer/timer.c.o
 *fill*         0x1000bdc6        0x2 
 .rodata.hard_assertion_failure.str1.4
                0x1000bdc8        0xc CMakeFiles/my_sd_card.dir/Users/jalil/Raspbery/pi-pico/pico-sdk/src/rp2_common/pico_runtime/runtime.c.o
 .rodata.str1.4
                0x1000bdd4       0x44 CMakeFiles/my_sd_card.dir/Users/jalil/Raspbery/pi-pico/pico-sdk/src/rp2_common/pico_standard_binary_info/standard_binary_info.c.o
 .rodata.__bi_84
                0x1000be18        0xc CMakeFiles/my_sd_card.dir/Users/jalil/Raspbery/pi-pico/pico-sdk/src/rp2_common/pico_standard_binary_info/standard_binary_info.c.o
 .rodata.__bi_78
                0x1000be24        0xc CMakeFiles/my_sd_card.dir/Users/jalil/Raspbery/pi-pico/pico-sdk/src/rp2_common/pico_standard_binary_info/standard_binary_info.c.o
 .rodata.__bi_60
                0x1000be30        0xc CMakeFiles/my_sd_card.dir/Users/jalil/Raspbery/pi-pico/pico-sdk/src/rp2_common/pico_standard_binary_info/standard_binary_info.c.o
 .rodata.__bi_54
                0x1000be3c        0xc CMakeFiles/my_sd_card.dir/Users/jalil/Raspbery/pi-pico/pico-sdk/src/rp2_common/pico_standard_binary_info/standard_binary_info.c.o
 .rodata.__bi_48
                0x1000be48        0xc CMakeFiles/my_sd_card.dir/Users/jalil/Raspbery/pi-pico/pico-sdk/src/rp2_common/pico_standard_binary_info/standard_binary_info.c.o
 .rodata.__bi_42
                0x1000be54        0xc CMakeFiles/my_sd_card.dir/Users/jalil/Raspbery/pi-pico/pico-sdk/src/rp2_common/pico_standard_binary_info/standard_binary_info.c.o
 .rodata.__bi_34
                0x1000be60        0xc CMakeFiles/my_sd_card.dir/Users/jalil/Raspbery/pi-pico/pico-sdk/src/rp2_common/pico_standard_binary_info/standard_binary_info.c.o
 .rodata.__bi_26
                0x1000be6c        0xc CMakeFiles/my_sd_card.dir/Users/jalil/Raspbery/pi-pico/pico-sdk/src/rp2_common/pico_standard_binary_info/standard_binary_info.c.o
 .rodata._ftoa.str1.4
                0x1000be78       0x15 CMakeFiles/my_sd_card.dir/Users/jalil/Raspbery/pi-pico/pico-sdk/src/rp2_common/pico_printf/printf.c.o
 *fill*         0x1000be8d        0x3 
 .rodata._vsnprintf
                0x1000be90      0x19c CMakeFiles/my_sd_card.dir/Users/jalil/Raspbery/pi-pico/pico-sdk/src/rp2_common/pico_printf/printf.c.o
 *fill*         0x1000c02c        0x4 
 .rodata.pow10.0
                0x1000c030       0x50 CMakeFiles/my_sd_card.dir/Users/jalil/Raspbery/pi-pico/pico-sdk/src/rp2_common/pico_printf/printf.c.o
 .rodata.crlf_str.0
                0x1000c080        0x2 CMakeFiles/my_sd_card.dir/Users/jalil/Raspbery/pi-pico/pico-sdk/src/rp2_common/pico_stdio/stdio.c.o
 *fill*         0x1000c082        0x2 
 .rodata.str1.4
                0x1000c084       0x2c CMakeFiles/my_sd_card.dir/Users/jalil/Raspbery/pi-pico/pico-sdk/src/rp2_common/pico_stdio_uart/stdio_uart.c.o
 .rodata.__bi_45.4
                0x1000c0b0        0xc CMakeFiles/my_sd_card.dir/Users/jalil/Raspbery/pi-pico/pico-sdk/src/rp2_common/pico_stdio_uart/stdio_uart.c.o
 .rodata.__bi_49.5
                0x1000c0bc        0x8 CMakeFiles/my_sd_card.dir/Users/jalil/Raspbery/pi-pico/pico-sdk/src/rp2_common/pico_stdio_uart/stdio_uart.c.o
 .rodata.__bi_50.6
                0x1000c0c4        0x8 CMakeFiles/my_sd_card.dir/Users/jalil/Raspbery/pi-pico/pico-sdk/src/rp2_common/pico_stdio_uart/stdio_uart.c.o
 .rodata._resetd_driver
                0x1000c0cc       0x20 CMakeFiles/my_sd_card.dir/Users/jalil/Raspbery/pi-pico/pico-sdk/src/rp2_common/pico_stdio_usb/reset_interface.c.o
 .rodata.desc_ms_os_20
                0x1000c0ec       0xa6 CMakeFiles/my_sd_card.dir/Users/jalil/Raspbery/pi-pico/pico-sdk/src/rp2_common/pico_stdio_usb/reset_interface.c.o
 *fill*         0x1000c192        0x2 
 .rodata.desc_bos
                0x1000c194       0x21 CMakeFiles/my_sd_card.dir/Users/jalil/Raspbery/pi-pico/pico-sdk/src/rp2_common/pico_stdio_usb/reset_interface.c.o
                0x1000c194                desc_bos
 *fill*         0x1000c1b5        0x3 
 .rodata.str1.4
                0x1000c1b8       0x13 CMakeFiles/my_sd_card.dir/Users/jalil/Raspbery/pi-pico/pico-sdk/src/rp2_common/pico_stdio_usb/stdio_usb.c.o
 *fill*         0x1000c1cb        0x1 
 .rodata.__bi_202.0
                0x1000c1cc        0xc CMakeFiles/my_sd_card.dir/Users/jalil/Raspbery/pi-pico/pico-sdk/src/rp2_common/pico_stdio_usb/stdio_usb.c.o
 .rodata.str1.4
                0x1000c1d8       0x2a CMakeFiles/my_sd_card.dir/Users/jalil/Raspbery/pi-pico/pico-sdk/src/rp2_common/pico_stdio_usb/stdio_usb_descriptors.c.o
 *fill*         0x1000c202        0x2 
 .rodata.usbd_desc_str
                0x1000c204       0x18 CMakeFiles/my_sd_card.dir/Users/jalil/Raspbery/pi-pico/pico-sdk/src/rp2_common/pico_stdio_usb/stdio_usb_descriptors.c.o
 .rodata.usbd_desc_cfg
                0x1000c21c       0x54 CMakeFiles/my_sd_card.dir/Users/jalil/Raspbery/pi-pico/pico-sdk/src/rp2_common/pico_stdio_usb/stdio_usb_descriptors.c.o
 .rodata.usbd_desc_device
                0x1000c270       0x12 CMakeFiles/my_sd_card.dir/Users/jalil/Raspbery/pi-pico/pico-sdk/src/rp2_common/pico_stdio_usb/stdio_usb_descriptors.c.o
 *fill*         0x1000c282        0x2 
 .rodata.str1.4
                0x1000c284       0x14 CMakeFiles/my_sd_card.dir/Users/jalil/Raspbery/pi-pico/pico-sdk/lib/tinyusb/src/portable/raspberrypi/rp2040/dcd_rp2040.c.o
 .rodata.str1.4
                0x1000c298       0x48 CMakeFiles/my_sd_card.dir/Users/jalil/Raspbery/pi-pico/pico-sdk/lib/tinyusb/src/portable/raspberrypi/rp2040/rp2040_usb.c.o
 .rodata.tud_task_ext
                0x1000c2e0       0x8c CMakeFiles/my_sd_card.dir/Users/jalil/Raspbery/pi-pico/pico-sdk/lib/tinyusb/src/device/usbd.c.o
 .rodata        0x1000c36c       0x1c CMakeFiles/my_sd_card.dir/Users/jalil/Raspbery/pi-pico/pico-sdk/lib/tinyusb/src/device/usbd.c.o
 .rodata._usbd_driver
                0x1000c388       0x40 CMakeFiles/my_sd_card.dir/Users/jalil/Raspbery/pi-pico/pico-sdk/lib/tinyusb/src/device/usbd.c.o
 .rodata.ff_wtoupper
                0x1000c3c8       0x24 CMakeFiles/my_sd_card.dir/Users/jalil/prj/Electronic/pico/examples/my_sd_card_py/FatFs_SPI/ff16/source/ffunicode.c.o
 .rodata.cvt2.0
                0x1000c3ec       0xbc CMakeFiles/my_sd_card.dir/Users/jalil/prj/Electronic/pico/examples/my_sd_card_py/FatFs_SPI/ff16/source/ffunicode.c.o
 .rodata.cvt1.1
                0x1000c4a8      0x1f2 CMakeFiles/my_sd_card.dir/Users/jalil/prj/Electronic/pico/examples/my_sd_card_py/FatFs_SPI/ff16/source/ffunicode.c.o
 *fill*         0x1000c69a        0x2 
 .rodata.cp_table
                0x1000c69c       0x48 CMakeFiles/my_sd_card.dir/Users/jalil/prj/Electronic/pico/examples/my_sd_card_py/FatFs_SPI/ff16/source/ffunicode.c.o
 .rodata.cp_code
                0x1000c6e4       0x24 CMakeFiles/my_sd_card.dir/Users/jalil/prj/Electronic/pico/examples/my_sd_card_py/FatFs_SPI/ff16/source/ffunicode.c.o
 .rodata.uc869  0x1000c708      0x100 CMakeFiles/my_sd_card.dir/Users/jalil/prj/Electronic/pico/examples/my_sd_card_py/FatFs_SPI/ff16/source/ffunicode.c.o
 .rodata.uc866  0x1000c808      0x100 CMakeFiles/my_sd_card.dir/Users/jalil/prj/Electronic/pico/examples/my_sd_card_py/FatFs_SPI/ff16/source/ffunicode.c.o
 .rodata.uc865  0x1000c908      0x100 CMakeFiles/my_sd_card.dir/Users/jalil/prj/Electronic/pico/examples/my_sd_card_py/FatFs_SPI/ff16/source/ffunicode.c.o
 .rodata.uc864  0x1000ca08      0x100 CMakeFiles/my_sd_card.dir/Users/jalil/prj/Electronic/pico/examples/my_sd_card_py/FatFs_SPI/ff16/source/ffunicode.c.o
 .rodata.uc863  0x1000cb08      0x100 CMakeFiles/my_sd_card.dir/Users/jalil/prj/Electronic/pico/examples/my_sd_card_py/FatFs_SPI/ff16/source/ffunicode.c.o
 .rodata.uc862  0x1000cc08      0x100 CMakeFiles/my_sd_card.dir/Users/jalil/prj/Electronic/pico/examples/my_sd_card_py/FatFs_SPI/ff16/source/ffunicode.c.o
 .rodata.uc861  0x1000cd08      0x100 CMakeFiles/my_sd_card.dir/Users/jalil/prj/Electronic/pico/examples/my_sd_card_py/FatFs_SPI/ff16/source/ffunicode.c.o
 .rodata.uc860  0x1000ce08      0x100 CMakeFiles/my_sd_card.dir/Users/jalil/prj/Electronic/pico/examples/my_sd_card_py/FatFs_SPI/ff16/source/ffunicode.c.o
 .rodata.uc857  0x1000cf08      0x100 CMakeFiles/my_sd_card.dir/Users/jalil/prj/Electronic/pico/examples/my_sd_card_py/FatFs_SPI/ff16/source/ffunicode.c.o
 .rodata.uc855  0x1000d008      0x100 CMakeFiles/my_sd_card.dir/Users/jalil/prj/Electronic/pico/examples/my_sd_card_py/FatFs_SPI/ff16/source/ffunicode.c.o
 .rodata.uc852  0x1000d108      0x100 CMakeFiles/my_sd_card.dir/Users/jalil/prj/Electronic/pico/examples/my_sd_card_py/FatFs_SPI/ff16/source/ffunicode.c.o
 .rodata.uc850  0x1000d208      0x100 CMakeFiles/my_sd_card.dir/Users/jalil/prj/Electronic/pico/examples/my_sd_card_py/FatFs_SPI/ff16/source/ffunicode.c.o
 .rodata.uc775  0x1000d308      0x100 CMakeFiles/my_sd_card.dir/Users/jalil/prj/Electronic/pico/examples/my_sd_card_py/FatFs_SPI/ff16/source/ffunicode.c.o
 .rodata.uc771  0x1000d408      0x100 CMakeFiles/my_sd_card.dir/Users/jalil/prj/Electronic/pico/examples/my_sd_card_py/FatFs_SPI/ff16/source/ffunicode.c.o
 .rodata.uc737  0x1000d508      0x100 CMakeFiles/my_sd_card.dir/Users/jalil/prj/Electronic/pico/examples/my_sd_card_py/FatFs_SPI/ff16/source/ffunicode.c.o
 .rodata.uc720  0x1000d608      0x100 CMakeFiles/my_sd_card.dir/Users/jalil/prj/Electronic/pico/examples/my_sd_card_py/FatFs_SPI/ff16/source/ffunicode.c.o
 .rodata.uc437  0x1000d708      0x100 CMakeFiles/my_sd_card.dir/Users/jalil/prj/Electronic/pico/examples/my_sd_card_py/FatFs_SPI/ff16/source/ffunicode.c.o
 .rodata.oem2uni950
                0x1000d808     0xd300 CMakeFiles/my_sd_card.dir/Users/jalil/prj/Electronic/pico/examples/my_sd_card_py/FatFs_SPI/ff16/source/ffunicode.c.o
 .rodata.uni2oem950
                0x1001ab08     0xd300 CMakeFiles/my_sd_card.dir/Users/jalil/prj/Electronic/pico/examples/my_sd_card_py/FatFs_SPI/ff16/source/ffunicode.c.o
 .rodata.oem2uni949
                0x10027e08    0x10a64 CMakeFiles/my_sd_card.dir/Users/jalil/prj/Electronic/pico/examples/my_sd_card_py/FatFs_SPI/ff16/source/ffunicode.c.o
 .rodata.uni2oem949
                0x1003886c    0x10a64 CMakeFiles/my_sd_card.dir/Users/jalil/prj/Electronic/pico/examples/my_sd_card_py/FatFs_SPI/ff16/source/ffunicode.c.o
 .rodata.oem2uni936
                0x100492d0    0x15484 CMakeFiles/my_sd_card.dir/Users/jalil/prj/Electronic/pico/examples/my_sd_card_py/FatFs_SPI/ff16/source/ffunicode.c.o
 .rodata.uni2oem936
                0x1005e754    0x15484 CMakeFiles/my_sd_card.dir/Users/jalil/prj/Electronic/pico/examples/my_sd_card_py/FatFs_SPI/ff16/source/ffunicode.c.o
 .rodata.oem2uni932
                0x10073bd8     0x7378 CMakeFiles/my_sd_card.dir/Users/jalil/prj/Electronic/pico/examples/my_sd_card_py/FatFs_SPI/ff16/source/ffunicode.c.o
 .rodata.uni2oem932
                0x1007af50     0x7378 CMakeFiles/my_sd_card.dir/Users/jalil/prj/Electronic/pico/examples/my_sd_card_py/FatFs_SPI/ff16/source/ffunicode.c.o
 .rodata.check_fs.str1.4
                0x100822c8        0x9 CMakeFiles/my_sd_card.dir/Users/jalil/prj/Electronic/pico/examples/my_sd_card_py/FatFs_SPI/ff16/source/ff.c.o
 *fill*         0x100822d1        0x3 
 .rodata.follow_path.str1.4
                0x100822d4       0x13 CMakeFiles/my_sd_card.dir/Users/jalil/prj/Electronic/pico/examples/my_sd_card_py/FatFs_SPI/ff16/source/ff.c.o
 *fill*         0x100822e7        0x1 
 .rodata.LfnOfs
                0x100822e8        0xd CMakeFiles/my_sd_card.dir/Users/jalil/prj/Electronic/pico/examples/my_sd_card_py/FatFs_SPI/ff16/source/ff.c.o
                0x100822f8                        . = ALIGN (0x4)
 *fill*         0x100822f5        0x3 
 *(SORT_BY_ALIGNMENT(SORT_BY_NAME(.flashdata*)))
                0x100822f8                        . = ALIGN (0x4)

.ARM.extab
 *(.ARM.extab* .gnu.linkonce.armextab.*)
                0x100822f8                        __exidx_start = .

.ARM.exidx
 *(.ARM.exidx* .gnu.linkonce.armexidx.*)
                0x100822f8                        __exidx_end = .
                0x100822f8                        . = ALIGN (0x4)
                0x100822f8                        __binary_info_start = .

.binary_info    0x100822f8       0x30
 *(.binary_info.keep.*)
 .binary_info.keep.__bi_ptr84
                0x100822f8        0x4 CMakeFiles/my_sd_card.dir/Users/jalil/Raspbery/pi-pico/pico-sdk/src/rp2_common/pico_standard_binary_info/standard_binary_info.c.o
 .binary_info.keep.__bi_ptr78
                0x100822fc        0x4 CMakeFiles/my_sd_card.dir/Users/jalil/Raspbery/pi-pico/pico-sdk/src/rp2_common/pico_standard_binary_info/standard_binary_info.c.o
 .binary_info.keep.__bi_ptr60
                0x10082300        0x4 CMakeFiles/my_sd_card.dir/Users/jalil/Raspbery/pi-pico/pico-sdk/src/rp2_common/pico_standard_binary_info/standard_binary_info.c.o
 .binary_info.keep.__bi_ptr54
                0x10082304        0x4 CMakeFiles/my_sd_card.dir/Users/jalil/Raspbery/pi-pico/pico-sdk/src/rp2_common/pico_standard_binary_info/standard_binary_info.c.o
 .binary_info.keep.__bi_ptr48
                0x10082308        0x4 CMakeFiles/my_sd_card.dir/Users/jalil/Raspbery/pi-pico/pico-sdk/src/rp2_common/pico_standard_binary_info/standard_binary_info.c.o
 .binary_info.keep.__bi_ptr42
                0x1008230c        0x4 CMakeFiles/my_sd_card.dir/Users/jalil/Raspbery/pi-pico/pico-sdk/src/rp2_common/pico_standard_binary_info/standard_binary_info.c.o
 .binary_info.keep.__bi_ptr34
                0x10082310        0x4 CMakeFiles/my_sd_card.dir/Users/jalil/Raspbery/pi-pico/pico-sdk/src/rp2_common/pico_standard_binary_info/standard_binary_info.c.o
 .binary_info.keep.__bi_ptr26
                0x10082314        0x4 CMakeFiles/my_sd_card.dir/Users/jalil/Raspbery/pi-pico/pico-sdk/src/rp2_common/pico_standard_binary_info/standard_binary_info.c.o
 *(.binary_info.*)
 .binary_info.__bi_ptr50
                0x10082318        0x4 CMakeFiles/my_sd_card.dir/Users/jalil/Raspbery/pi-pico/pico-sdk/src/rp2_common/pico_stdio_uart/stdio_uart.c.o
 .binary_info.__bi_ptr49
                0x1008231c        0x4 CMakeFiles/my_sd_card.dir/Users/jalil/Raspbery/pi-pico/pico-sdk/src/rp2_common/pico_stdio_uart/stdio_uart.c.o
 .binary_info.__bi_ptr45
                0x10082320        0x4 CMakeFiles/my_sd_card.dir/Users/jalil/Raspbery/pi-pico/pico-sdk/src/rp2_common/pico_stdio_uart/stdio_uart.c.o
 .binary_info.__bi_ptr202
                0x10082324        0x4 CMakeFiles/my_sd_card.dir/Users/jalil/Raspbery/pi-pico/pico-sdk/src/rp2_common/pico_stdio_usb/stdio_usb.c.o
                0x10082328                        __binary_info_end = .
                0x10082328                        . = ALIGN (0x4)

.ram_vector_table
                0x20000000       0xc0
 *(.ram_vector_table)
 .ram_vector_table
                0x20000000       0xc0 CMakeFiles/my_sd_card.dir/Users/jalil/Raspbery/pi-pico/pico-sdk/src/rp2_common/pico_runtime_init/runtime_init.c.o
                0x20000000                ram_vector_table

.uninitialized_data
                0x200000c0        0x0
                0x200000c0                        . = ALIGN (0x4)
 *(.uninitialized_data*)

.data           0x200000c0     0x1088 load address 0x10082328
                0x200000c0                        __data_start__ = .
 *(vtable)
 *(.time_critical*)
 .time_critical.mutex_try_enter
                0x200000c0       0x40 CMakeFiles/my_sd_card.dir/Users/jalil/Raspbery/pi-pico/pico-sdk/src/common/pico_sync/mutex.c.o
                0x200000c0                mutex_try_enter
 .time_critical.mutex_try_enter_block_until
                0x20000100       0x9c CMakeFiles/my_sd_card.dir/Users/jalil/Raspbery/pi-pico/pico-sdk/src/common/pico_sync/mutex.c.o
                0x20000100                mutex_try_enter_block_until
 .time_critical.mutex_enter_timeout_ms
                0x2000019c       0x90 CMakeFiles/my_sd_card.dir/Users/jalil/Raspbery/pi-pico/pico-sdk/src/common/pico_sync/mutex.c.o
                0x2000019c                mutex_enter_timeout_ms
 .time_critical.mutex_exit
                0x2000022c       0x28 CMakeFiles/my_sd_card.dir/Users/jalil/Raspbery/pi-pico/pico-sdk/src/common/pico_sync/mutex.c.o
                0x2000022c                mutex_exit
 .time_critical.flash_init_boot2_copyout
                0x20000254       0x30 CMakeFiles/my_sd_card.dir/Users/jalil/Raspbery/pi-pico/pico-sdk/src/rp2_common/hardware_flash/flash.c.o
 .time_critical.flash_enable_xip_via_boot2
                0x20000284        0xc CMakeFiles/my_sd_card.dir/Users/jalil/Raspbery/pi-pico/pico-sdk/src/rp2_common/hardware_flash/flash.c.o
 .time_critical.flash_save_hardware_state
                0x20000290       0x20 CMakeFiles/my_sd_card.dir/Users/jalil/Raspbery/pi-pico/pico-sdk/src/rp2_common/hardware_flash/flash.c.o
 .time_critical.flash_restore_hardware_state
                0x200002b0       0x20 CMakeFiles/my_sd_card.dir/Users/jalil/Raspbery/pi-pico/pico-sdk/src/rp2_common/hardware_flash/flash.c.o
 .time_critical.flash_cs_force
                0x200002d0       0x38 CMakeFiles/my_sd_card.dir/Users/jalil/Raspbery/pi-pico/pico-sdk/src/rp2_common/hardware_flash/flash.c.o
 .time_critical.flash_do_cmd
                0x20000308       0xd0 CMakeFiles/my_sd_card.dir/Users/jalil/Raspbery/pi-pico/pico-sdk/src/rp2_common/hardware_flash/flash.c.o
                0x20000308                flash_do_cmd
 .time_critical.reset_non_control_endpoints
                0x200003d8       0x68 CMakeFiles/my_sd_card.dir/Users/jalil/Raspbery/pi-pico/pico-sdk/lib/tinyusb/src/portable/raspberrypi/rp2040/dcd_rp2040.c.o
 .time_critical.hw_handle_buff_status
                0x20000440       0x98 CMakeFiles/my_sd_card.dir/Users/jalil/Raspbery/pi-pico/pico-sdk/lib/tinyusb/src/portable/raspberrypi/rp2040/dcd_rp2040.c.o
 .time_critical.dcd_rp2040_irq
                0x200004d8      0x550 CMakeFiles/my_sd_card.dir/Users/jalil/Raspbery/pi-pico/pico-sdk/lib/tinyusb/src/portable/raspberrypi/rp2040/dcd_rp2040.c.o
 .time_critical.prepare_ep_buffer
                0x20000a28       0xe0 CMakeFiles/my_sd_card.dir/Users/jalil/Raspbery/pi-pico/pico-sdk/lib/tinyusb/src/portable/raspberrypi/rp2040/rp2040_usb.c.o
 .time_critical.sync_ep_buffer
                0x20000b08       0xa8 CMakeFiles/my_sd_card.dir/Users/jalil/Raspbery/pi-pico/pico-sdk/lib/tinyusb/src/portable/raspberrypi/rp2040/rp2040_usb.c.o
 .time_critical._hw_endpoint_xfer_sync
                0x20000bb0       0x28 CMakeFiles/my_sd_card.dir/Users/jalil/Raspbery/pi-pico/pico-sdk/lib/tinyusb/src/portable/raspberrypi/rp2040/rp2040_usb.c.o
 .time_critical.e15_is_bulkin_ep
                0x20000bd8       0x28 CMakeFiles/my_sd_card.dir/Users/jalil/Raspbery/pi-pico/pico-sdk/lib/tinyusb/src/portable/raspberrypi/rp2040/rp2040_usb.c.o
 .time_critical.e15_is_critical_frame_period
                0x20000c00       0x34 CMakeFiles/my_sd_card.dir/Users/jalil/Raspbery/pi-pico/pico-sdk/lib/tinyusb/src/portable/raspberrypi/rp2040/rp2040_usb.c.o
 .time_critical.hw_endpoint_reset_transfer
                0x20000c34        0xc CMakeFiles/my_sd_card.dir/Users/jalil/Raspbery/pi-pico/pico-sdk/lib/tinyusb/src/portable/raspberrypi/rp2040/rp2040_usb.c.o
                0x20000c34                hw_endpoint_reset_transfer
 .time_critical._hw_endpoint_buffer_control_update32
                0x20000c40       0x50 CMakeFiles/my_sd_card.dir/Users/jalil/Raspbery/pi-pico/pico-sdk/lib/tinyusb/src/portable/raspberrypi/rp2040/rp2040_usb.c.o
                0x20000c40                _hw_endpoint_buffer_control_update32
 .time_critical.hw_endpoint_start_next_buffer
                0x20000c90       0x6c CMakeFiles/my_sd_card.dir/Users/jalil/Raspbery/pi-pico/pico-sdk/lib/tinyusb/src/portable/raspberrypi/rp2040/rp2040_usb.c.o
                0x20000c90                hw_endpoint_start_next_buffer
 .time_critical.hw_endpoint_xfer_continue
                0x20000cfc       0x40 CMakeFiles/my_sd_card.dir/Users/jalil/Raspbery/pi-pico/pico-sdk/lib/tinyusb/src/portable/raspberrypi/rp2040/rp2040_usb.c.o
                0x20000cfc                hw_endpoint_xfer_continue
 .time_critical.tinyusb
                0x20000d3c      0x1e4 CMakeFiles/my_sd_card.dir/Users/jalil/Raspbery/pi-pico/pico-sdk/lib/tinyusb/src/device/usbd.c.o
                0x20000d3c                dcd_event_handler
 .time_critical.spi_write_read_blocking
                0x20000f20       0x78 CMakeFiles/my_sd_card.dir/Users/jalil/Raspbery/pi-pico/pico-sdk/src/rp2_common/hardware_spi/spi.c.o
                0x20000f20                spi_write_read_blocking
 .time_critical.spi_write_blocking
                0x20000f98       0x4c CMakeFiles/my_sd_card.dir/Users/jalil/Raspbery/pi-pico/pico-sdk/src/rp2_common/hardware_spi/spi.c.o
                0x20000f98                spi_write_blocking
 *(.text*)
 .text          0x20000fe4        0x4 /Applications/ArmGNUToolchain/12.3.rel1/arm-none-eabi/bin/../lib/gcc/arm-none-eabi/12.3.1/thumb/v6-m/nofp/libgcc.a(_dvmd_tls.o)
                0x20000fe4                __aeabi_ldiv0
                0x20000fe4                __aeabi_idiv0
 .text.__stub   0x20000fe8       0x80 linker stubs
                0x20001068                        . = ALIGN (0x4)
 *(.rodata*)
                0x20001068                        . = ALIGN (0x4)
 *(.data*)
 .data.striped_spin_lock_num
                0x20001068        0x1 CMakeFiles/my_sd_card.dir/Users/jalil/Raspbery/pi-pico/pico-sdk/src/rp2_common/hardware_sync/sync.c.o
 *fill*         0x20001069        0x3 
 .data          0x2000106c       0x48 CMakeFiles/my_sd_card.dir/Users/jalil/Raspbery/pi-pico/pico-sdk/src/rp2_common/hardware_irq/irq_handler_chain.S.o
                0x2000106c                irq_handler_chain_slots
                0x2000109c                irq_handler_chain_first_slot
                0x200010a6                irq_handler_chain_remove_tail
 .data.default_alarm_pool
                0x200010b4       0x18 CMakeFiles/my_sd_card.dir/Users/jalil/Raspbery/pi-pico/pico-sdk/src/common/pico_time/time.c.o
 *fill*         0x200010cc        0x4 
 .data.aeabi_bits_funcs
                0x200010d0       0x10 CMakeFiles/my_sd_card.dir/Users/jalil/Raspbery/pi-pico/pico-sdk/src/rp2_common/pico_bit_ops/bit_ops_aeabi.S.o
                0x200010d0                aeabi_bits_funcs
                0x200010e0                aeabi_bits_funcs_end
 .data.aeabi_mem_funcs
                0x200010e0       0x10 CMakeFiles/my_sd_card.dir/Users/jalil/Raspbery/pi-pico/pico-sdk/src/rp2_common/pico_mem_ops/mem_ops_aeabi.S.o