Archive member included to satisfy reference by file (symbol)

/Applications/ArmGNUToolchain/12.3.rel1/arm-none-eabi/bin/../lib/gcc/arm-none-eabi/12.3.1/thumb/v6-m/nofp/libgcc.a(_dvmd_tls.o)
                              CMakeFiles/sd_card.dir/Users/jalil/Raspbery/pi-pico/pico-sdk/src/rp2_common/pico_divider/divider_hardware.S.o (__aeabi_idiv0)
/Applications/ArmGNUToolchain/12.3.rel1/arm-none-eabi/bin/../lib/gcc/arm-none-eabi/12.3.1/../../../../arm-none-eabi/lib/thumb/v6-m/nofp/libg.a(libc_a-calloc.o)
                              CMakeFiles/sd_card.dir/Users/jalil/Raspbery/pi-pico/pico-sdk/src/rp2_common/pico_malloc/malloc.c.o (calloc)
/Applications/ArmGNUToolchain/12.3.rel1/arm-none-eabi/bin/../lib/gcc/arm-none-eabi/12.3.1/../../../../arm-none-eabi/lib/thumb/v6-m/nofp/libg.a(libc_a-callocr.o)
                              /Applications/ArmGNUToolchain/12.3.rel1/arm-none-eabi/bin/../lib/gcc/arm-none-eabi/12.3.1/../../../../arm-none-eabi/lib/thumb/v6-m/nofp/libg.a(libc_a-calloc.o) (_calloc_r)
/Applications/ArmGNUToolchain/12.3.rel1/arm-none-eabi/bin/../lib/gcc/arm-none-eabi/12.3.1/../../../../arm-none-eabi/lib/thumb/v6-m/nofp/libg.a(libc_a-malloc.o)
                              CMakeFiles/sd_card.dir/Users/jalil/Raspbery/pi-pico/pico-sdk/src/rp2_common/pico_malloc/malloc.c.o (malloc)
/Applications/ArmGNUToolchain/12.3.rel1/arm-none-eabi/bin/../lib/gcc/arm-none-eabi/12.3.1/../../../../arm-none-eabi/lib/thumb/v6-m/nofp/libg.a(libc_a-mallocr.o)
                              /Applications/ArmGNUToolchain/12.3.rel1/arm-none-eabi/bin/../lib/gcc/arm-none-eabi/12.3.1/../../../../arm-none-eabi/lib/thumb/v6-m/nofp/libg.a(libc_a-callocr.o) (_malloc_r)
/Applications/ArmGNUToolchain/12.3.rel1/arm-none-eabi/bin/../lib/gcc/arm-none-eabi/12.3.1/../../../../arm-none-eabi/lib/thumb/v6-m/nofp/libg.a(libc_a-mlock.o)
                              /Applications/ArmGNUToolchain/12.3.rel1/arm-none-eabi/bin/../lib/gcc/arm-none-eabi/12.3.1/../../../../arm-none-eabi/lib/thumb/v6-m/nofp/libg.a(libc_a-mallocr.o) (__malloc_lock)
/Applications/ArmGNUToolchain/12.3.rel1/arm-none-eabi/bin/../lib/gcc/arm-none-eabi/12.3.1/../../../../arm-none-eabi/lib/thumb/v6-m/nofp/libg.a(libc_a-realloc.o)
                              CMakeFiles/sd_card.dir/Users/jalil/Raspbery/pi-pico/pico-sdk/src/rp2_common/pico_malloc/malloc.c.o (realloc)
/Applications/ArmGNUToolchain/12.3.rel1/arm-none-eabi/bin/../lib/gcc/arm-none-eabi/12.3.1/../../../../arm-none-eabi/lib/thumb/v6-m/nofp/libg.a(libc_a-reallocr.o)
                              /Applications/ArmGNUToolchain/12.3.rel1/arm-none-eabi/bin/../lib/gcc/arm-none-eabi/12.3.1/../../../../arm-none-eabi/lib/thumb/v6-m/nofp/libg.a(libc_a-realloc.o) (_realloc_r)
/Applications/ArmGNUToolchain/12.3.rel1/arm-none-eabi/bin/../lib/gcc/arm-none-eabi/12.3.1/../../../../arm-none-eabi/lib/thumb/v6-m/nofp/libg.a(libc_a-memcmp.o)
                              CMakeFiles/sd_card.dir/Users/jalil/Raspbery/pi-pico/pico-sdk/src/rp2_common/pico_atomic/atomic.c.o (memcmp)
/Applications/ArmGNUToolchain/12.3.rel1/arm-none-eabi/bin/../lib/gcc/arm-none-eabi/12.3.1/../../../../arm-none-eabi/lib/thumb/v6-m/nofp/libg.a(libc_a-memmove.o)
                              /Applications/ArmGNUToolchain/12.3.rel1/arm-none-eabi/bin/../lib/gcc/arm-none-eabi/12.3.1/../../../../arm-none-eabi/lib/thumb/v6-m/nofp/libg.a(libc_a-reallocr.o) (memmove)
/Applications/ArmGNUToolchain/12.3.rel1/arm-none-eabi/bin/../lib/gcc/arm-none-eabi/12.3.1/../../../../arm-none-eabi/lib/thumb/v6-m/nofp/libg.a(libc_a-strchr.o)
                              CMakeFiles/sd_card.dir/Users/jalil/prj/Electronic/pico/examples/my_sd_card/my_sd_card_last/source/FatFs_SPI/ff16/source/ff.c.o (strchr)
/Applications/ArmGNUToolchain/12.3.rel1/arm-none-eabi/bin/../lib/gcc/arm-none-eabi/12.3.1/../../../../arm-none-eabi/lib/thumb/v6-m/nofp/libg.a(libc_a-lcltime_r.o)
                              CMakeFiles/sd_card.dir/Users/jalil/Raspbery/pi-pico/pico-sdk/src/common/pico_util/datetime.c.o (localtime_r)
/Applications/ArmGNUToolchain/12.3.rel1/arm-none-eabi/bin/../lib/gcc/arm-none-eabi/12.3.1/../../../../arm-none-eabi/lib/thumb/v6-m/nofp/libg.a(libc_a-mktime.o)
                              CMakeFiles/sd_card.dir/Users/jalil/Raspbery/pi-pico/pico-sdk/src/common/pico_util/datetime.c.o (mktime)
/Applications/ArmGNUToolchain/12.3.rel1/arm-none-eabi/bin/../lib/gcc/arm-none-eabi/12.3.1/../../../../arm-none-eabi/lib/thumb/v6-m/nofp/libg.a(libc_a-month_lengths.o)
                              /Applications/ArmGNUToolchain/12.3.rel1/arm-none-eabi/bin/../lib/gcc/arm-none-eabi/12.3.1/../../../../arm-none-eabi/lib/thumb/v6-m/nofp/libg.a(libc_a-lcltime_r.o) (__month_lengths)
/Applications/ArmGNUToolchain/12.3.rel1/arm-none-eabi/bin/../lib/gcc/arm-none-eabi/12.3.1/../../../../arm-none-eabi/lib/thumb/v6-m/nofp/libg.a(libc_a-tzcalc_limits.o)
[...]
Memory Configuration

Name             Origin             Length             Attributes
FLASH            0x10000000         0x00200000         xr
RAM              0x20000000         0x00040000         xrw
SCRATCH_X        0x20040000         0x00001000         xrw
SCRATCH_Y        0x20041000         0x00001000         xrw
*default*        0x00000000         0xffffffff

Linker script and memory map

LOAD /Applications/ArmGNUToolchain/12.3.rel1/arm-none-eabi/bin/../lib/gcc/arm-none-eabi/12.3.1/thumb/v6-m/nofp/crti.o
LOAD /Applications/ArmGNUToolchain/12.3.rel1/arm-none-eabi/bin/../lib/gcc/arm-none-eabi/12.3.1/thumb/v6-m/nofp/crtbegin.o
LOAD /Applications/ArmGNUToolchain/12.3.rel1/arm-none-eabi/bin/../lib/gcc/arm-none-eabi/12.3.1/../../../../arm-none-eabi/lib/thumb/v6-m/nofp/crt0.o

.flash_begin    0x10000000        0x0
                0x10000000                        __flash_binary_start = .

.boot2          0x10000000      0x100
                0x10000000                        __boot2_start__ = .
 *(.boot2)
 .boot2         0x10000000      0x100 pico-sdk/src/rp2040/boot_stage2/CMakeFiles/bs2_default_library.dir/bs2_default_padded_checksummed.S.o
                0x10000100                        __boot2_end__ = .
                0x00000001                        ASSERT (((__boot2_end__ - __boot2_start__) == 0x100), ERROR: Pico second stage bootloader must be 256 bytes in size)

.text           0x10000100     0xba4c
                0x10000100                        __logical_binary_start = .
 *(.vectors)
 .vectors       0x10000100       0xd4 CMakeFiles/sd_card.dir/Users/jalil/Raspbery/pi-pico/pico-sdk/src/rp2_common/pico_crt0/crt0.S.o
                0x10000100                __VECTOR_TABLE
                0x10000100                __vectors
                0x100001c0                isr_irq13
                0x100001c0                isr_irq27
                0x100001c0                isr_irq31
                0x100001c0                isr_irq5
                0x100001c0                isr_irq11
                0x100001c0                isr_irq23
                0x100001c0                isr_irq18
                0x100001c0                isr_irq9
                0x100001c0                __unhandled_user_irq
                0x100001c0                isr_irq25
                0x100001c0                isr_irq4
                0x100001c0                isr_irq16
                0x100001c0                isr_irq29
                0x100001c0                isr_irq26
                0x100001c0                isr_irq3
                0x100001c0                isr_irq12
                0x100001c0                isr_irq30
                0x100001c0                isr_irq28
                0x100001c0                isr_irq19
                0x100001c0                isr_irq0
                0x100001c0                isr_irq6
                0x100001c0                isr_irq22
                0x100001c0                isr_irq17
                0x100001c0                isr_irq14
                0x100001c0                __vectors_end
                0x100001c0                __default_isrs_start
                0x100001c0                isr_irq2
                0x100001c0                isr_irq10
                0x100001c0                isr_irq8
                0x100001c0                isr_irq24
                0x100001c0                isr_irq1
                0x100001c0                isr_irq7
                0x100001c0                isr_irq21
                0x100001c0                isr_irq20
                0x100001c0                isr_irq15
                0x100001c6                unhandled_user_irq_num_in_r0
                0x100001c8                isr_invalid
                0x100001ca                isr_nmi
                0x100001cc                isr_hardfault
                0x100001ce                isr_svcall
                0x100001d0                isr_pendsv
                0x100001d2                isr_systick
                0x100001d4                __default_isrs_end
 *(.binary_info_header)
 .binary_info_header
                0x100001d4       0x14 CMakeFiles/sd_card.dir/Users/jalil/Raspbery/pi-pico/pico-sdk/src/rp2_common/pico_crt0/crt0.S.o
                0x100001e8                        __binary_info_header_end = .
 *(.embedded_block)
                0x100001e8                        __embedded_block_end = .
 *(.reset)
 .reset         0x100001e8       0x9c CMakeFiles/sd_card.dir/Users/jalil/Raspbery/pi-pico/pico-sdk/src/rp2_common/pico_crt0/crt0.S.o
                0x100001e8                _entry_point
 *(.init)
 .init          0x10000284        0x4 /Applications/ArmGNUToolchain/12.3.rel1/arm-none-eabi/bin/../lib/gcc/arm-none-eabi/12.3.1/thumb/v6-m/nofp/crti.o
                0x10000284                _init
 *(EXCLUDE_FILE(*libm.a: *libc.a:*lib_a-mem*.o *libgcc.a:) .text*)
 .text.register_tm_clones
                0x10000288       0x28 /Applications/ArmGNUToolchain/12.3.rel1/arm-none-eabi/bin/../lib/gcc/arm-none-eabi/12.3.1/thumb/v6-m/nofp/crtbegin.o
 .text.frame_dummy
                0x100002b0       0x24 /Applications/ArmGNUToolchain/12.3.rel1/arm-none-eabi/bin/../lib/gcc/arm-none-eabi/12.3.1/thumb/v6-m/nofp/crtbegin.o
 .text.startup.main
                0x100002d4       0xdc CMakeFiles/sd_card.dir/main.c.o
                0x100002d4                main
 .text.led_status_init
                0x100003b0       0x38 CMakeFiles/sd_card.dir/debug_led_status.c.o
                0x100003b0                led_status_init
 .text.led_status_set
                0x100003e8        0xc CMakeFiles/sd_card.dir/debug_led_status.c.o
                0x100003e8                led_status_set
 .text.led_status_update
                0x100003f4       0xac CMakeFiles/sd_card.dir/debug_led_status.c.o
                0x100003f4                led_status_update
 .text.hw_init  0x100004a0       0x2c CMakeFiles/sd_card.dir/hw_config.c.o
                0x100004a0                hw_init
 .text.readinto.part.0
                0x100004cc       0x64 CMakeFiles/sd_card.dir/my_sdcard.c.o
 .text.cmd.constprop.2
                0x10000530       0xc8 CMakeFiles/sd_card.dir/my_sdcard.c.o
 .text.init_card_v1
                0x100005f8      0x148 CMakeFiles/sd_card.dir/my_sdcard.c.o
                0x100005f8                init_card_v1
 .text.init_card_v2
                0x10000740      0x260 CMakeFiles/sd_card.dir/my_sdcard.c.o
                0x10000740                init_card_v2
 .text.init_card
                0x100009a0      0x42c CMakeFiles/sd_card.dir/my_sdcard.c.o
                0x100009a0                init_card
 .text.write    0x10000dcc       0xd4 CMakeFiles/sd_card.dir/my_sdcard.c.o
                0x10000dcc                write
 .text.readblocks
                0x10000ea0      0x214 CMakeFiles/sd_card.dir/my_sdcard.c.o
                0x10000ea0                readblocks
 .text.writeblocks
                0x100010b4       0xe8 CMakeFiles/sd_card.dir/my_sdcard.c.o
                0x100010b4                writeblocks
 .text.ioctl    0x1000119c       0x10 CMakeFiles/sd_card.dir/my_sdcard.c.o
                0x1000119c                ioctl
 .text.sdcard_init
                0x100011ac       0x14 CMakeFiles/sd_card.dir/my_sdcard.c.o
                0x100011ac                sdcard_init
 .text.disk_initialize
                0x100011c0        0x8 CMakeFiles/sd_card.dir/my_diskio.c.o
                0x100011c0                disk_initialize
 .text.disk_status
                0x100011c8        0x8 CMakeFiles/sd_card.dir/my_diskio.c.o
                0x100011c8                disk_status
 .text.disk_read
                0x100011d0       0x24 CMakeFiles/sd_card.dir/my_diskio.c.o
                0x100011d0                disk_read
 .text.disk_write
                0x100011f4       0x24 CMakeFiles/sd_card.dir/my_diskio.c.o
                0x100011f4                disk_write
 .text.disk_ioctl
                0x10001218       0x3c CMakeFiles/sd_card.dir/my_diskio.c.o
                0x10001218                disk_ioctl
 .text.list_directory
                0x10001254       0x78 CMakeFiles/sd_card.dir/dir.c.o
                0x10001254                list_directory
 .text.write_file
                0x100012cc       0x64 CMakeFiles/sd_card.dir/read_write.c.o
                0x100012cc                write_file
 .text.read_file
                0x10001330       0x70 CMakeFiles/sd_card.dir/read_write.c.o
                0x10001330                read_file
 .text.gpio_set_function
                0x100013a0       0x34 CMakeFiles/sd_card.dir/Users/jalil/Raspbery/pi-pico/pico-sdk/src/rp2_common/hardware_gpio/gpio.c.o
                0x100013a0                gpio_set_function
 .text.gpio_init
                0x100013d4       0x40 CMakeFiles/sd_card.dir/Users/jalil/Raspbery/pi-pico/pico-sdk/src/rp2_common/hardware_gpio/gpio.c.o
                0x100013d4                gpio_init
 .text.rp2040_chip_version
                0x10001414        0xc CMakeFiles/sd_card.dir/Users/jalil/Raspbery/pi-pico/pico-sdk/src/rp2040/pico_platform/platform.c.o
                0x10001414                rp2040_chip_version
 .text.panic    0x10001420       0x30 CMakeFiles/sd_card.dir/Users/jalil/Raspbery/pi-pico/pico-sdk/src/rp2_common/pico_platform_panic/panic.c.o
                0x10001420                panic
 .text.hw_claim_or_assert
                0x10001450       0x44 CMakeFiles/sd_card.dir/Users/jalil/Raspbery/pi-pico/pico-sdk/src/common/hardware_claim/claim.c.o
                0x10001450                hw_claim_or_assert
 .text.hw_claim_unused_from_range
                0x10001494       0x9c CMakeFiles/sd_card.dir/Users/jalil/Raspbery/pi-pico/pico-sdk/src/common/hardware_claim/claim.c.o
                0x10001494                hw_claim_unused_from_range
 .text.next_striped_spin_lock_num
                0x10001530       0x18 CMakeFiles/sd_card.dir/Users/jalil/Raspbery/pi-pico/pico-sdk/src/rp2_common/hardware_sync/sync.c.o
                0x10001530                next_striped_spin_lock_num
 .text.spin_lock_claim_unused
                0x10001548       0x24 CMakeFiles/sd_card.dir/Users/jalil/Raspbery/pi-pico/pico-sdk/src/rp2_common/hardware_sync/sync.c.o
                0x10001548                spin_lock_claim_unused
 .text.spin_locks_reset
                0x1000156c       0x1c CMakeFiles/sd_card.dir/Users/jalil/Raspbery/pi-pico/pico-sdk/src/rp2_common/hardware_sync_spin_lock/sync_spin_lock.c.o
                0x1000156c                spin_locks_reset
 .text.runtime_init_per_core_irq_priorities
                0x10001588       0x24 CMakeFiles/sd_card.dir/Users/jalil/Raspbery/pi-pico/pico-sdk/src/rp2_common/hardware_irq/irq.c.o
                0x10001588                runtime_init_per_core_irq_priorities
 .text.irq_set_enabled
                0x100015ac       0x24 CMakeFiles/sd_card.dir/Users/jalil/Raspbery/pi-pico/pico-sdk/src/rp2_common/hardware_irq/irq.c.o
                0x100015ac                irq_set_enabled
 .text.irq_is_enabled
                0x100015d0       0x18 CMakeFiles/sd_card.dir/Users/jalil/Raspbery/pi-pico/pico-sdk/src/rp2_common/hardware_irq/irq.c.o
                0x100015d0                irq_is_enabled
 .text.irq_set_pending
                0x100015e8       0x10 CMakeFiles/sd_card.dir/Users/jalil/Raspbery/pi-pico/pico-sdk/src/rp2_common/hardware_irq/irq.c.o
                0x100015e8                irq_set_pending
 .text.irq_has_shared_handler
                0x100015f8       0x24 CMakeFiles/sd_card.dir/Users/jalil/Raspbery/pi-pico/pico-sdk/src/rp2_common/hardware_irq/irq.c.o
                0x100015f8                irq_has_shared_handler
 .text.irq_set_exclusive_handler
                0x1000161c       0x54 CMakeFiles/sd_card.dir/Users/jalil/Raspbery/pi-pico/pico-sdk/src/rp2_common/hardware_irq/irq.c.o
                0x1000161c                irq_set_exclusive_handler
 .text.irq_add_shared_handler
                0x10001670      0x1e0 CMakeFiles/sd_card.dir/Users/jalil/Raspbery/pi-pico/pico-sdk/src/rp2_common/hardware_irq/irq.c.o
                0x10001670                irq_add_shared_handler
 .text.irq_remove_handler
                0x10001850      0x1d4 CMakeFiles/sd_card.dir/Users/jalil/Raspbery/pi-pico/pico-sdk/src/rp2_common/hardware_irq/irq.c.o
                0x10001850                irq_remove_handler
 .text.irq_add_tail_to_free_list
                0x10001a24       0xb4 CMakeFiles/sd_card.dir/Users/jalil/Raspbery/pi-pico/pico-sdk/src/rp2_common/hardware_irq/irq.c.o
                0x10001a24                irq_add_tail_to_free_list
 .text.user_irq_claim_unused
                0x10001ad8       0x2c CMakeFiles/sd_card.dir/Users/jalil/Raspbery/pi-pico/pico-sdk/src/rp2_common/hardware_irq/irq.c.o
                0x10001ad8                user_irq_claim_unused
 .text.lock_init
                0x10001b04       0x10 CMakeFiles/sd_card.dir/Users/jalil/Raspbery/pi-pico/pico-sdk/src/common/pico_sync/lock_core.c.o
                0x10001b04                lock_init
 .text.runtime_init_mutex
                0x10001b14       0x60 CMakeFiles/sd_card.dir/Users/jalil/Raspbery/pi-pico/pico-sdk/src/common/pico_sync/mutex.c.o
                0x10001b14                runtime_init_mutex
 .text.mutex_init
                0x10001b74       0x1c CMakeFiles/sd_card.dir/Users/jalil/Raspbery/pi-pico/pico-sdk/src/common/pico_sync/mutex.c.o
                0x10001b74                mutex_init
 .text.critical_section_init
                0x10001b90       0x1c CMakeFiles/sd_card.dir/Users/jalil/Raspbery/pi-pico/pico-sdk/src/common/pico_sync/critical_section.c.o
                0x10001b90                critical_section_init
 .text.critical_section_init_with_lock_num
                0x10001bac       0x14 CMakeFiles/sd_card.dir/Users/jalil/Raspbery/pi-pico/pico-sdk/src/common/pico_sync/critical_section.c.o
                0x10001bac                critical_section_init_with_lock_num
 .text.sleep_until_callback
                0x10001bc0       0x30 CMakeFiles/sd_card.dir/Users/jalil/Raspbery/pi-pico/pico-sdk/src/common/pico_time/time.c.o
 .text.alarm_pool_irq_handler
                0x10001bf0      0x2fc CMakeFiles/sd_card.dir/Users/jalil/Raspbery/pi-pico/pico-sdk/src/common/pico_time/time.c.o
 .text.runtime_init_default_alarm_pool
                0x10001eec       0xdc CMakeFiles/sd_card.dir/Users/jalil/Raspbery/pi-pico/pico-sdk/src/common/pico_time/time.c.o
                0x10001eec                runtime_init_default_alarm_pool
 .text.alarm_pool_get_default
                0x10001fc8        0x8 CMakeFiles/sd_card.dir/Users/jalil/Raspbery/pi-pico/pico-sdk/src/common/pico_time/time.c.o
                0x10001fc8                alarm_pool_get_default
 .text.alarm_pool_add_alarm_at
                0x10001fd0       0xd4 CMakeFiles/sd_card.dir/Users/jalil/Raspbery/pi-pico/pico-sdk/src/common/pico_time/time.c.o
                0x10001fd0                alarm_pool_add_alarm_at
 .text.alarm_pool_add_alarm_at_force_in_context
                0x100020a4       0xb0 CMakeFiles/sd_card.dir/Users/jalil/Raspbery/pi-pico/pico-sdk/src/common/pico_time/time.c.o
                0x100020a4                alarm_pool_add_alarm_at_force_in_context
 .text.alarm_pool_cancel_alarm
                0x10002154       0x74 CMakeFiles/sd_card.dir/Users/jalil/Raspbery/pi-pico/pico-sdk/src/common/pico_time/time.c.o
                0x10002154                alarm_pool_cancel_alarm
 .text.alarm_pool_core_num
                0x100021c8        0x4 CMakeFiles/sd_card.dir/Users/jalil/Raspbery/pi-pico/pico-sdk/src/common/pico_time/time.c.o
                0x100021c8                alarm_pool_core_num
 .text.sleep_until
                0x100021cc       0xd8 CMakeFiles/sd_card.dir/Users/jalil/Raspbery/pi-pico/pico-sdk/src/common/pico_time/time.c.o
                0x100021cc                sleep_until
 .text.sleep_us
                0x100022a4       0x28 CMakeFiles/sd_card.dir/Users/jalil/Raspbery/pi-pico/pico-sdk/src/common/pico_time/time.c.o
                0x100022a4                sleep_us
 .text.sleep_ms
                0x100022cc       0x38 CMakeFiles/sd_card.dir/Users/jalil/Raspbery/pi-pico/pico-sdk/src/common/pico_time/time.c.o
                0x100022cc                sleep_ms
 .text.best_effort_wfe_or_timeout
                0x10002304       0xf8 CMakeFiles/sd_card.dir/Users/jalil/Raspbery/pi-pico/pico-sdk/src/common/pico_time/time.c.o
                0x10002304                best_effort_wfe_or_timeout
 .text.timer_hardware_alarm_claim
                0x100023fc       0x14 CMakeFiles/sd_card.dir/Users/jalil/Raspbery/pi-pico/pico-sdk/src/rp2_common/hardware_timer/timer.c.o
                0x100023fc                timer_hardware_alarm_claim
 .text.timer_time_us_64
                0x10002410       0x10 CMakeFiles/sd_card.dir/Users/jalil/Raspbery/pi-pico/pico-sdk/src/rp2_common/hardware_timer/timer.c.o
                0x10002410                timer_time_us_64
 .text.time_us_64
                0x10002420       0x14 CMakeFiles/sd_card.dir/Users/jalil/Raspbery/pi-pico/pico-sdk/src/rp2_common/hardware_timer/timer.c.o
                0x10002420                time_us_64
 .text.busy_wait_us
                0x10002434       0x68 CMakeFiles/sd_card.dir/Users/jalil/Raspbery/pi-pico/pico-sdk/src/rp2_common/hardware_timer/timer.c.o
                0x10002434                busy_wait_us
 .text.busy_wait_until
                0x1000249c       0x20 CMakeFiles/sd_card.dir/Users/jalil/Raspbery/pi-pico/pico-sdk/src/rp2_common/hardware_timer/timer.c.o
                0x1000249c                busy_wait_until
 .text.uart_init
                0x100024bc      0x11c CMakeFiles/sd_card.dir/Users/jalil/Raspbery/pi-pico/pico-sdk/src/rp2_common/hardware_uart/uart.c.o
                0x100024bc                uart_init
 .text.clock_configure_int_divider
                0x100025d8       0xf0 CMakeFiles/sd_card.dir/Users/jalil/Raspbery/pi-pico/pico-sdk/src/rp2_common/hardware_clocks/clocks.c.o
                0x100025d8                clock_configure_int_divider
 .text.clock_configure_undivided
                0x100026c8       0xe4 CMakeFiles/sd_card.dir/Users/jalil/Raspbery/pi-pico/pico-sdk/src/rp2_common/hardware_clocks/clocks.c.o
                0x100026c8                clock_configure_undivided
 .text.clock_get_hz
                0x100027ac        0xc CMakeFiles/sd_card.dir/Users/jalil/Raspbery/pi-pico/pico-sdk/src/rp2_common/hardware_clocks/clocks.c.o
                0x100027ac                clock_get_hz
 .text.pll_init
                0x100027b8       0xa0 CMakeFiles/sd_card.dir/Users/jalil/Raspbery/pi-pico/pico-sdk/src/rp2_common/hardware_pll/pll.c.o
                0x100027b8                pll_init
 .text.watchdog_reboot
                0x10002858       0x9c CMakeFiles/sd_card.dir/Users/jalil/Raspbery/pi-pico/pico-sdk/src/rp2_common/hardware_watchdog/watchdog.c.o
                0x10002858                watchdog_reboot
 .text.tick_start
                0x100028f4       0x10 CMakeFiles/sd_card.dir/Users/jalil/Raspbery/pi-pico/pico-sdk/src/rp2_common/hardware_ticks/ticks.c.o
                0x100028f4                tick_start
 .text.rom_func_lookup
                0x10002904       0x10 CMakeFiles/sd_card.dir/Users/jalil/Raspbery/pi-pico/pico-sdk/src/rp2_common/pico_bootrom/bootrom.c.o
                0x10002904                rom_func_lookup
 .text.rom_data_lookup
                0x10002914       0x10 CMakeFiles/sd_card.dir/Users/jalil/Raspbery/pi-pico/pico-sdk/src/rp2_common/pico_bootrom/bootrom.c.o
                0x10002914                rom_data_lookup
 .text.rom_funcs_lookup
                0x10002924       0x44 CMakeFiles/sd_card.dir/Users/jalil/Raspbery/pi-pico/pico-sdk/src/rp2_common/pico_bootrom/bootrom.c.o
                0x10002924                rom_funcs_lookup
 .text.rom_reset_usb_boot_extra
                0x10002968       0x28 CMakeFiles/sd_card.dir/Users/jalil/Raspbery/pi-pico/pico-sdk/src/rp2_common/pico_bootrom/bootrom.c.o
                0x10002968                rom_reset_usb_boot_extra
 .text.xosc_init
                0x10002990       0x28 CMakeFiles/sd_card.dir/Users/jalil/Raspbery/pi-pico/pico-sdk/src/rp2_common/hardware_xosc/xosc.c.o
                0x10002990                xosc_init
 .text.first_per_core_initializer
                0x100029b8        0x4 CMakeFiles/sd_card.dir/Users/jalil/Raspbery/pi-pico/pico-sdk/src/rp2_common/pico_runtime/runtime.c.o
 .text.hard_assertion_failure
                0x100029bc        0xc CMakeFiles/sd_card.dir/Users/jalil/Raspbery/pi-pico/pico-sdk/src/rp2_common/pico_runtime/runtime.c.o
                0x100029bc                hard_assertion_failure
 .text.runtime_run_initializers
                0x100029c8       0x28 CMakeFiles/sd_card.dir/Users/jalil/Raspbery/pi-pico/pico-sdk/src/rp2_common/pico_runtime/runtime.c.o
                0x100029c8                runtime_run_initializers
 .text.runtime_init_early_resets
                0x100029f0       0x2c CMakeFiles/sd_card.dir/Users/jalil/Raspbery/pi-pico/pico-sdk/src/rp2_common/pico_runtime_init/runtime_init.c.o
                0x100029f0                runtime_init_early_resets
 .text.runtime_init_usb_power_down
                0x10002a1c       0x1c CMakeFiles/sd_card.dir/Users/jalil/Raspbery/pi-pico/pico-sdk/src/rp2_common/pico_runtime_init/runtime_init.c.o
                0x10002a1c                runtime_init_usb_power_down
 .text.runtime_init_post_clock_resets
                0x10002a38       0x20 CMakeFiles/sd_card.dir/Users/jalil/Raspbery/pi-pico/pico-sdk/src/rp2_common/pico_runtime_init/runtime_init.c.o
                0x10002a38                runtime_init_post_clock_resets
 .text.runtime_init_rp2040_gpio_ie_disable
                0x10002a58       0x14 CMakeFiles/sd_card.dir/Users/jalil/Raspbery/pi-pico/pico-sdk/src/rp2_common/pico_runtime_init/runtime_init.c.o
                0x10002a58                runtime_init_rp2040_gpio_ie_disable
 .text.runtime_init_spin_locks_reset
                0x10002a6c        0x8 CMakeFiles/sd_card.dir/Users/jalil/Raspbery/pi-pico/pico-sdk/src/rp2_common/pico_runtime_init/runtime_init.c.o
                0x10002a6c                runtime_init_spin_locks_reset
 .text.runtime_init_install_ram_vector_table
                0x10002a74       0xc4 CMakeFiles/sd_card.dir/Users/jalil/Raspbery/pi-pico/pico-sdk/src/rp2_common/pico_runtime_init/runtime_init.c.o
                0x10002a74                runtime_init_install_ram_vector_table
 .text.runtime_init_clocks
                0x10002b38       0xd8 CMakeFiles/sd_card.dir/Users/jalil/Raspbery/pi-pico/pico-sdk/src/rp2_common/pico_runtime_init/runtime_init_clocks.c.o
                0x10002b38                runtime_init_clocks
 .text          0x10002c10       0x10 CMakeFiles/sd_card.dir/Users/jalil/Raspbery/pi-pico/pico-sdk/src/rp2_common/pico_bit_ops/bit_ops_aeabi.S.o
 .text.__wrap___aeabi_idiv
                0x10002c20       0x50 CMakeFiles/sd_card.dir/Users/jalil/Raspbery/pi-pico/pico-sdk/src/rp2_common/pico_divider/divider_hardware.S.o
                0x10002c20                __wrap___aeabi_idivmod
                0x10002c20                divmod_s32s32
                0x10002c20                div_s32s32
                0x10002c20                __wrap___aeabi_idiv
                0x10002c28                divmod_s32s32_unsafe
                0x10002c54                divmod_s32s32_savestate
 .text.__wrap___aeabi_uidiv
                0x10002c70       0x4c CMakeFiles/sd_card.dir/Users/jalil/Raspbery/pi-pico/pico-sdk/src/rp2_common/pico_divider/divider_hardware.S.o
                0x10002c70                __wrap___aeabi_uidiv
                0x10002c70                __wrap___aeabi_uidivmod
                0x10002c70                div_u32u32
                0x10002c70                divmod_u32u32
                0x10002c78                divmod_u32u32_unsafe
                0x10002ca0                divmod_u32u32_savestate
 .text.__wrap___aeabi_ldiv
                0x10002cbc      0x424 CMakeFiles/sd_card.dir/Users/jalil/Raspbery/pi-pico/pico-sdk/src/rp2_common/pico_divider/divider_hardware.S.o
                0x10002cbc                __wrap___aeabi_ldivmod
                0x10002cbc                div_s64s64
                0x10002cbc                divmod_s64s64
                0x10002cec                divmod_u64u64
                0x10002cec                div_u64u64
                0x10002cec                __wrap___aeabi_uldivmod
                0x10002cfc                divmod_u64u64_savestate
                0x10002d1c                divmod_s64s64_unsafe
                0x10002da4                divmod_u64u64_unsafe
 .text.__wrap___aeabi_darithmetic
                0x100030e0       0x80 CMakeFiles/sd_card.dir/Users/jalil/Raspbery/pi-pico/pico-sdk/src/rp2_common/pico_double/double_aeabi_rp2040.S.o
                0x100030e0                __wrap___aeabi_drsub
                0x100030e6                __wrap___aeabi_dsub
                0x100030f8                __wrap___aeabi_dadd
                0x1000310a                __wrap___aeabi_ddiv
                0x10003146                __wrap___aeabi_dmul
 .text.__wrap___aeabi_cdcmple
                0x10003160       0x6c CMakeFiles/sd_card.dir/Users/jalil/Raspbery/pi-pico/pico-sdk/src/rp2_common/pico_double/double_aeabi_rp2040.S.o
                0x10003160                __wrap___aeabi_cdrcmple
                0x10003170                __wrap___aeabi_cdcmple
                0x10003170                __wrap___aeabi_cdcmpeq
 .text.__wrap___aeabi_dcmplt
                0x100031cc        0xc CMakeFiles/sd_card.dir/Users/jalil/Raspbery/pi-pico/pico-sdk/src/rp2_common/pico_double/double_aeabi_rp2040.S.o
                0x100031cc                __wrap___aeabi_dcmplt
 .text.__wrap___aeabi_dcmpge
                0x100031d8       0x10 CMakeFiles/sd_card.dir/Users/jalil/Raspbery/pi-pico/pico-sdk/src/rp2_common/pico_double/double_aeabi_rp2040.S.o
                0x100031d8                __wrap___aeabi_dcmpge
 .text.__wrap___aeabi_dcmpgt
                0x100031e8        0xa CMakeFiles/sd_card.dir/Users/jalil/Raspbery/pi-pico/pico-sdk/src/rp2_common/pico_double/double_aeabi_rp2040.S.o
                0x100031e8                __wrap___aeabi_dcmpgt
 .text.__wrap___aeabi_dcmpun
                0x100031f2       0x18 CMakeFiles/sd_card.dir/Users/jalil/Raspbery/pi-pico/pico-sdk/src/rp2_common/pico_double/double_aeabi_rp2040.S.o
                0x100031f2                __wrap___aeabi_dcmpun
 *fill*         0x1000320a        0x2 
 .text.__wrap___aeabi_i2d
                0x1000320c       0x38 CMakeFiles/sd_card.dir/Users/jalil/Raspbery/pi-pico/pico-sdk/src/rp2_common/pico_double/double_aeabi_rp2040.S.o
                0x1000320c                __wrap___aeabi_ui2d
                0x1000320c                uint2double
                0x10003214                __wrap___aeabi_i2d
                0x10003214                int2double
 .text.__wrap___aeabi_d2iz
                0x10003244       0x48 CMakeFiles/sd_card.dir/Users/jalil/Raspbery/pi-pico/pico-sdk/src/rp2_common/pico_double/double_aeabi_rp2040.S.o
                0x10003244                __wrap___aeabi_d2iz
                0x10003244                double2int_z
 .text.__wrap___aeabi_d2uiz
                0x1000328c       0x18 CMakeFiles/sd_card.dir/Users/jalil/Raspbery/pi-pico/pico-sdk/src/rp2_common/pico_double/double_aeabi_rp2040.S.o
                0x1000328c                double2uint_z
                0x1000328c                double2uint
                0x1000328c                __wrap___aeabi_d2uiz
 .text.__aeabi_double_init
                0x100032a4       0xa4 CMakeFiles/sd_card.dir/Users/jalil/Raspbery/pi-pico/pico-sdk/src/rp2_common/pico_double/double_init_rom_rp2040.c.o
                0x100032a4                __aeabi_double_init
 .text.double_table_shim_on_use_helper
                0x10003348       0x2c CMakeFiles/sd_card.dir/Users/jalil/Raspbery/pi-pico/pico-sdk/src/rp2_common/pico_double/double_v1_rom_shim_rp2040.S.o
                0x10003348                double_table_shim_on_use_helper
 .text.__wrap___aeabi_dsub
                0x10003374       0x10 CMakeFiles/sd_card.dir/Users/jalil/Raspbery/pi-pico/pico-sdk/src/rp2_common/pico_double/double_v1_rom_shim_rp2040.S.o
                0x10003374                drsub_shim
                0x1000337a                dsub_shim
 .text.dadd_shim
                0x10003384      0x15c CMakeFiles/sd_card.dir/Users/jalil/Raspbery/pi-pico/pico-sdk/src/rp2_common/pico_double/double_v1_rom_shim_rp2040.S.o
                0x10003384                dadd_shim
 .text.dmul_shim
                0x100034e0      0x15c CMakeFiles/sd_card.dir/Users/jalil/Raspbery/pi-pico/pico-sdk/src/rp2_common/pico_double/double_v1_rom_shim_rp2040.S.o
                0x100034e0                dmul_shim
 .text.ddiv_shim
                0x1000363c      0x1b0 CMakeFiles/sd_card.dir/Users/jalil/Raspbery/pi-pico/pico-sdk/src/rp2_common/pico_double/double_v1_rom_shim_rp2040.S.o
                0x1000363c                ddiv_shim
 .text.double2uint_shim
                0x100037ec        0xe CMakeFiles/sd_card.dir/Users/jalil/Raspbery/pi-pico/pico-sdk/src/rp2_common/pico_double/double_v1_rom_shim_rp2040.S.o
                0x100037ec                double2uint_shim
                0x100037ee                double2ufix_shim
 *fill*         0x100037fa        0x2 
 .text.double2uint64_shim
                0x100037fc       0x70 CMakeFiles/sd_card.dir/Users/jalil/Raspbery/pi-pico/pico-sdk/src/rp2_common/pico_double/double_v1_rom_shim_rp2040.S.o
                0x100037fc                double2uint64_shim
                0x100037fe                double2ufix64_shim
                0x1000381e                d2fix_a
 .text.dunpacks
                0x1000386c       0x3c CMakeFiles/sd_card.dir/Users/jalil/Raspbery/pi-pico/pico-sdk/src/rp2_common/pico_double/double_v1_rom_shim_rp2040.S.o
                0x1000386c                dunpacks
 .text.__aeabi_lmul
                0x100038a8       0x32 CMakeFiles/sd_card.dir/Users/jalil/Raspbery/pi-pico/pico-sdk/src/rp2_common/pico_int64_ops/pico_int64_ops_aeabi.S.o
                0x100038a8                __wrap___aeabi_lmul
 *fill*         0x100038da        0x2 
 .text.__aeabi_float_init
                0x100038dc       0x64 CMakeFiles/sd_card.dir/Users/jalil/Raspbery/pi-pico/pico-sdk/src/rp2_common/pico_float/float_init_rom_rp2040.c.o
                0x100038dc                __aeabi_float_init
 .text.float_table_shim_on_use_helper
                0x10003940       0x2c CMakeFiles/sd_card.dir/Users/jalil/Raspbery/pi-pico/pico-sdk/src/rp2_common/pico_float/float_v1_rom_shim_rp2040.S.o
                0x10003940                float_table_shim_on_use_helper
 .text          0x1000396c       0x10 CMakeFiles/sd_card.dir/Users/jalil/Raspbery/pi-pico/pico-sdk/src/rp2_common/pico_mem_ops/mem_ops_aeabi.S.o
                0x1000396c                __aeabi_mem_init
 .text.memset   0x1000397c        0xc CMakeFiles/sd_card.dir/Users/jalil/Raspbery/pi-pico/pico-sdk/src/rp2_common/pico_mem_ops/mem_ops_aeabi.S.o
                0x1000397c                __wrap_memset
 .text.memcpy   0x10003988        0xc CMakeFiles/sd_card.dir/Users/jalil/Raspbery/pi-pico/pico-sdk/src/rp2_common/pico_mem_ops/mem_ops_aeabi.S.o
                0x10003988                __wrap___aeabi_memcpy
                0x10003988                __wrap_memcpy
 .text._out_null
                0x10003994        0x4 CMakeFiles/sd_card.dir/Users/jalil/Raspbery/pi-pico/pico-sdk/src/rp2_common/pico_printf/printf.c.o
 .text._out_rev
                0x10003998       0x90 CMakeFiles/sd_card.dir/Users/jalil/Raspbery/pi-pico/pico-sdk/src/rp2_common/pico_printf/printf.c.o
 .text._ntoa_format
                0x10003a28      0x208 CMakeFiles/sd_card.dir/Users/jalil/Raspbery/pi-pico/pico-sdk/src/rp2_common/pico_printf/printf.c.o
 .text._out_char
                0x10003c30       0x10 CMakeFiles/sd_card.dir/Users/jalil/Raspbery/pi-pico/pico-sdk/src/rp2_common/pico_printf/printf.c.o
 .text._out_fct
                0x10003c40       0x10 CMakeFiles/sd_card.dir/Users/jalil/Raspbery/pi-pico/pico-sdk/src/rp2_common/pico_printf/printf.c.o
 .text._etoa    0x10003c50      0x464 CMakeFiles/sd_card.dir/Users/jalil/Raspbery/pi-pico/pico-sdk/src/rp2_common/pico_printf/printf.c.o
 .text._ftoa    0x100040b4      0x3c4 CMakeFiles/sd_card.dir/Users/jalil/Raspbery/pi-pico/pico-sdk/src/rp2_common/pico_printf/printf.c.o
 .text._vsnprintf
                0x10004478      0xc18 CMakeFiles/sd_card.dir/Users/jalil/Raspbery/pi-pico/pico-sdk/src/rp2_common/pico_printf/printf.c.o
 .text.vfctprintf
                0x10005090       0x20 CMakeFiles/sd_card.dir/Users/jalil/Raspbery/pi-pico/pico-sdk/src/rp2_common/pico_printf/printf.c.o
                0x10005090                vfctprintf
 .text.weak_raw_vprintf
                0x100050b0       0x30 CMakeFiles/sd_card.dir/Users/jalil/Raspbery/pi-pico/pico-sdk/src/rp2_common/pico_printf/printf.c.o
                0x100050b0                weak_raw_vprintf
 .text._exit    0x100050e0        0x4 CMakeFiles/sd_card.dir/Users/jalil/Raspbery/pi-pico/pico-sdk/src/rp2_common/pico_clib_interface/newlib_interface.c.o
                0x100050e0                _exit
 .text.exit     0x100050e4        0x8 CMakeFiles/sd_card.dir/Users/jalil/Raspbery/pi-pico/pico-sdk/src/rp2_common/pico_clib_interface/newlib_interface.c.o
                0x100050e4                exit
 .text.runtime_init
                0x100050ec       0x2c CMakeFiles/sd_card.dir/Users/jalil/Raspbery/pi-pico/pico-sdk/src/rp2_common/pico_clib_interface/newlib_interface.c.o
                0x100050ec                runtime_init
 .text.stdio_out_chars_no_crlf
                0x10005118       0x10 CMakeFiles/sd_card.dir/Users/jalil/Raspbery/pi-pico/pico-sdk/src/rp2_common/pico_stdio/stdio.c.o
 .text.stdio_out_chars_crlf
                0x10005128       0x94 CMakeFiles/sd_card.dir/Users/jalil/Raspbery/pi-pico/pico-sdk/src/rp2_common/pico_stdio/stdio.c.o
 .text.stdio_buffered_printer
                0x100051bc       0x64 CMakeFiles/sd_card.dir/Users/jalil/Raspbery/pi-pico/pico-sdk/src/rp2_common/pico_stdio/stdio.c.o
 .text.stdio_put_string
                0x10005220      0x100 CMakeFiles/sd_card.dir/Users/jalil/Raspbery/pi-pico/pico-sdk/src/rp2_common/pico_stdio/stdio.c.o
                0x10005220                stdio_put_string
 .text.stdio_set_driver_enabled
                0x10005320       0x30 CMakeFiles/sd_card.dir/Users/jalil/Raspbery/pi-pico/pico-sdk/src/rp2_common/pico_stdio/stdio.c.o
                0x10005320                stdio_set_driver_enabled
 .text.stdio_init_all
                0x10005350       0x10 CMakeFiles/sd_card.dir/Users/jalil/Raspbery/pi-pico/pico-sdk/src/rp2_common/pico_stdio/stdio.c.o
                0x10005350                stdio_init_all
 .text.__wrap_putchar
                0x10005360       0x98 CMakeFiles/sd_card.dir/Users/jalil/Raspbery/pi-pico/pico-sdk/src/rp2_common/pico_stdio/stdio.c.o
                0x10005360                stdio_putchar
                0x10005360                __wrap_putchar
 .text.__wrap_puts
                0x100053f8       0x3c CMakeFiles/sd_card.dir/Users/jalil/Raspbery/pi-pico/pico-sdk/src/rp2_common/pico_stdio/stdio.c.o
                0x100053f8                __wrap_puts
                0x100053f8                stdio_puts
 .text.__wrap_vprintf
                0x10005434       0xd4 CMakeFiles/sd_card.dir/Users/jalil/Raspbery/pi-pico/pico-sdk/src/rp2_common/pico_stdio/stdio.c.o
                0x10005434                __wrap_vprintf
                0x10005434                stdio_vprintf
 .text.__wrap_printf
                0x10005508       0x18 CMakeFiles/sd_card.dir/Users/jalil/Raspbery/pi-pico/pico-sdk/src/rp2_common/pico_stdio/stdio.c.o
                0x10005508                stdio_printf
                0x10005508                __wrap_printf
 .text.stdio_uart_out_chars
                0x10005520       0x4c CMakeFiles/sd_card.dir/Users/jalil/Raspbery/pi-pico/pico-sdk/src/rp2_common/pico_stdio_uart/stdio_uart.c.o
 .text.stdio_uart_in_chars
                0x1000556c       0x90 CMakeFiles/sd_card.dir/Users/jalil/Raspbery/pi-pico/pico-sdk/src/rp2_common/pico_stdio_uart/stdio_uart.c.o
                0x1000556c                stdio_uart_in_chars
 .text.on_uart_rx
                0x100055fc       0x28 CMakeFiles/sd_card.dir/Users/jalil/Raspbery/pi-pico/pico-sdk/src/rp2_common/pico_stdio_uart/stdio_uart.c.o
 .text.stdio_uart_out_flush
                0x10005624       0x14 CMakeFiles/sd_card.dir/Users/jalil/Raspbery/pi-pico/pico-sdk/src/rp2_common/pico_stdio_uart/stdio_uart.c.o
 .text.stdio_uart_set_chars_available_callback
                0x10005638       0x84 CMakeFiles/sd_card.dir/Users/jalil/Raspbery/pi-pico/pico-sdk/src/rp2_common/pico_stdio_uart/stdio_uart.c.o
 .text.stdio_uart_init
                0x100056bc       0x50 CMakeFiles/sd_card.dir/Users/jalil/Raspbery/pi-pico/pico-sdk/src/rp2_common/pico_stdio_uart/stdio_uart.c.o
                0x100056bc                stdio_uart_init
 .text.resetd_init
                0x1000570c        0x4 CMakeFiles/sd_card.dir/Users/jalil/Raspbery/pi-pico/pico-sdk/src/rp2_common/pico_stdio_usb/reset_interface.c.o
 .text.resetd_reset
                0x10005710        0xc CMakeFiles/sd_card.dir/Users/jalil/Raspbery/pi-pico/pico-sdk/src/rp2_common/pico_stdio_usb/reset_interface.c.o
 .text.resetd_open
                0x1000571c       0x28 CMakeFiles/sd_card.dir/Users/jalil/Raspbery/pi-pico/pico-sdk/src/rp2_common/pico_stdio_usb/reset_interface.c.o
 .text.resetd_xfer_cb
                0x10005744        0x4 CMakeFiles/sd_card.dir/Users/jalil/Raspbery/pi-pico/pico-sdk/src/rp2_common/pico_stdio_usb/reset_interface.c.o
 .text.resetd_control_xfer_cb
                0x10005748       0x5c CMakeFiles/sd_card.dir/Users/jalil/Raspbery/pi-pico/pico-sdk/src/rp2_common/pico_stdio_usb/reset_interface.c.o
 .text.tud_descriptor_bos_cb
                0x100057a4        0x8 CMakeFiles/sd_card.dir/Users/jalil/Raspbery/pi-pico/pico-sdk/src/rp2_common/pico_stdio_usb/reset_interface.c.o
                0x100057a4                tud_descriptor_bos_cb
 .text.tud_vendor_control_xfer_cb
                0x100057ac       0x34 CMakeFiles/sd_card.dir/Users/jalil/Raspbery/pi-pico/pico-sdk/src/rp2_common/pico_stdio_usb/reset_interface.c.o
                0x100057ac                tud_vendor_control_xfer_cb
 .text.usbd_app_driver_get_cb
                0x100057e0        0xc CMakeFiles/sd_card.dir/Users/jalil/Raspbery/pi-pico/pico-sdk/src/rp2_common/pico_stdio_usb/reset_interface.c.o
                0x100057e0                usbd_app_driver_get_cb
 .text.tud_cdc_line_coding_cb
                0x100057ec       0x2c CMakeFiles/sd_card.dir/Users/jalil/Raspbery/pi-pico/pico-sdk/src/rp2_common/pico_stdio_usb/reset_interface.c.o
                0x100057ec                tud_cdc_line_coding_cb
 .text.stdio_usb_set_chars_available_callback
                0x10005818       0x14 CMakeFiles/sd_card.dir/Users/jalil/Raspbery/pi-pico/pico-sdk/src/rp2_common/pico_stdio_usb/stdio_usb.c.o
                0x10005818                stdio_usb_set_chars_available_callback
 .text.usb_irq  0x1000582c       0x10 CMakeFiles/sd_card.dir/Users/jalil/Raspbery/pi-pico/pico-sdk/src/rp2_common/pico_stdio_usb/stdio_usb.c.o
 .text.timer_task
                0x1000583c       0x64 CMakeFiles/sd_card.dir/Users/jalil/Raspbery/pi-pico/pico-sdk/src/rp2_common/pico_stdio_usb/stdio_usb.c.o
 .text.stdio_usb_in_chars
                0x100058a0       0x90 CMakeFiles/sd_card.dir/Users/jalil/Raspbery/pi-pico/pico-sdk/src/rp2_common/pico_stdio_usb/stdio_usb.c.o
                0x100058a0                stdio_usb_in_chars
 .text.stdio_usb_out_flush
                0x10005930       0x50 CMakeFiles/sd_card.dir/Users/jalil/Raspbery/pi-pico/pico-sdk/src/rp2_common/pico_stdio_usb/stdio_usb.c.o
 .text.stdio_usb_out_chars
                0x10005980      0x104 CMakeFiles/sd_card.dir/Users/jalil/Raspbery/pi-pico/pico-sdk/src/rp2_common/pico_stdio_usb/stdio_usb.c.o
 .text.low_priority_worker_irq
                0x10005a84       0xcc CMakeFiles/sd_card.dir/Users/jalil/Raspbery/pi-pico/pico-sdk/src/rp2_common/pico_stdio_usb/stdio_usb.c.o
 .text.stdio_usb_init
                0x10005b50       0xec CMakeFiles/sd_card.dir/Users/jalil/Raspbery/pi-pico/pico-sdk/src/rp2_common/pico_stdio_usb/stdio_usb.c.o
                0x10005b50                stdio_usb_init
 .text.tud_descriptor_device_cb
                0x10005c3c        0x8 CMakeFiles/sd_card.dir/Users/jalil/Raspbery/pi-pico/pico-sdk/src/rp2_common/pico_stdio_usb/stdio_usb_descriptors.c.o
                0x10005c3c                tud_descriptor_device_cb
 .text.tud_descriptor_configuration_cb
                0x10005c44        0x8 CMakeFiles/sd_card.dir/Users/jalil/Raspbery/pi-pico/pico-sdk/src/rp2_common/pico_stdio_usb/stdio_usb_descriptors.c.o
                0x10005c44                tud_descriptor_configuration_cb
 .text.tud_descriptor_string_cb
                0x10005c4c       0x78 CMakeFiles/sd_card.dir/Users/jalil/Raspbery/pi-pico/pico-sdk/src/rp2_common/pico_stdio_usb/stdio_usb_descriptors.c.o
                0x10005c4c                tud_descriptor_string_cb
 .text.startup._retrieve_unique_id_on_boot
                0x10005cc4       0x10 CMakeFiles/sd_card.dir/Users/jalil/Raspbery/pi-pico/pico-sdk/src/rp2_common/pico_unique_id/unique_id.c.o
 .text.pico_get_unique_board_id_string
                0x10005cd4      0x1a8 CMakeFiles/sd_card.dir/Users/jalil/Raspbery/pi-pico/pico-sdk/src/rp2_common/pico_unique_id/unique_id.c.o
                0x10005cd4                pico_get_unique_board_id_string
 .text.flash_get_unique_id
                0x10005e7c       0x40 CMakeFiles/sd_card.dir/Users/jalil/Raspbery/pi-pico/pico-sdk/src/rp2_common/hardware_flash/flash.c.o
                0x10005e7c                flash_get_unique_id
 .text.dcd_init
                0x10005ebc       0x90 CMakeFiles/sd_card.dir/Users/jalil/Raspbery/pi-pico/pico-sdk/lib/tinyusb/src/portable/raspberrypi/rp2040/dcd_rp2040.c.o
                0x10005ebc                dcd_init
 .text.dcd_int_enable
                0x10005f4c        0xc CMakeFiles/sd_card.dir/Users/jalil/Raspbery/pi-pico/pico-sdk/lib/tinyusb/src/portable/raspberrypi/rp2040/dcd_rp2040.c.o
                0x10005f4c                dcd_int_enable
 .text.dcd_set_address
                0x10005f58       0x14 CMakeFiles/sd_card.dir/Users/jalil/Raspbery/pi-pico/pico-sdk/lib/tinyusb/src/portable/raspberrypi/rp2040/dcd_rp2040.c.o
                0x10005f58                dcd_set_address
 .text.dcd_sof_enable
                0x10005f6c       0x1c CMakeFiles/sd_card.dir/Users/jalil/Raspbery/pi-pico/pico-sdk/lib/tinyusb/src/portable/raspberrypi/rp2040/dcd_rp2040.c.o
                0x10005f6c                dcd_sof_enable
 .text.dcd_edpt0_status_complete
                0x10005f88       0x1c CMakeFiles/sd_card.dir/Users/jalil/Raspbery/pi-pico/pico-sdk/lib/tinyusb/src/portable/raspberrypi/rp2040/dcd_rp2040.c.o
                0x10005f88                dcd_edpt0_status_complete
 .text.dcd_edpt_open
                0x10005fa4      0x114 CMakeFiles/sd_card.dir/Users/jalil/Raspbery/pi-pico/pico-sdk/lib/tinyusb/src/portable/raspberrypi/rp2040/dcd_rp2040.c.o
                0x10005fa4                dcd_edpt_open
 .text.dcd_edpt_close_all
                0x100060b8        0x8 CMakeFiles/sd_card.dir/Users/jalil/Raspbery/pi-pico/pico-sdk/lib/tinyusb/src/portable/raspberrypi/rp2040/dcd_rp2040.c.o
                0x100060b8                dcd_edpt_close_all
 .text.dcd_edpt_xfer
                0x100060c0       0x24 CMakeFiles/sd_card.dir/Users/jalil/Raspbery/pi-pico/pico-sdk/lib/tinyusb/src/portable/raspberrypi/rp2040/dcd_rp2040.c.o
                0x100060c0                dcd_edpt_xfer
 .text.dcd_edpt_stall
                0x100060e4       0x34 CMakeFiles/sd_card.dir/Users/jalil/Raspbery/pi-pico/pico-sdk/lib/tinyusb/src/portable/raspberrypi/rp2040/dcd_rp2040.c.o
                0x100060e4                dcd_edpt_stall
 .text.dcd_edpt_clear_stall
                0x10006118       0x30 CMakeFiles/sd_card.dir/Users/jalil/Raspbery/pi-pico/pico-sdk/lib/tinyusb/src/portable/raspberrypi/rp2040/dcd_rp2040.c.o
                0x10006118                dcd_edpt_clear_stall
 .text.rp2040_usb_init
                0x10006148       0x40 CMakeFiles/sd_card.dir/Users/jalil/Raspbery/pi-pico/pico-sdk/lib/tinyusb/src/portable/raspberrypi/rp2040/rp2040_usb.c.o
                0x10006148                rp2040_usb_init
 .text.hw_endpoint_xfer_start
                0x10006188       0x40 CMakeFiles/sd_card.dir/Users/jalil/Raspbery/pi-pico/pico-sdk/lib/tinyusb/src/portable/raspberrypi/rp2040/rp2040_usb.c.o
                0x10006188                hw_endpoint_xfer_start
 .text.tud_event_hook_cb
                0x100061c8        0x4 CMakeFiles/sd_card.dir/Users/jalil/Raspbery/pi-pico/pico-sdk/lib/tinyusb/src/device/usbd.c.o
                0x100061c8                tud_event_hook_cb
 .text.tud_sof_cb
                0x100061cc        0x4 CMakeFiles/sd_card.dir/Users/jalil/Raspbery/pi-pico/pico-sdk/lib/tinyusb/src/device/usbd.c.o
                0x100061cc                tud_sof_cb
 .text.tud_descriptor_device_qualifier_cb
                0x100061d0        0x4 CMakeFiles/sd_card.dir/Users/jalil/Raspbery/pi-pico/pico-sdk/lib/tinyusb/src/device/usbd.c.o
                0x100061d0                tud_descriptor_device_qualifier_cb
 .text.tud_descriptor_other_speed_configuration_cb
                0x100061d4        0x4 CMakeFiles/sd_card.dir/Users/jalil/Raspbery/pi-pico/pico-sdk/lib/tinyusb/src/device/usbd.c.o
                0x100061d4                tud_descriptor_other_speed_configuration_cb
 .text.tud_mount_cb
                0x100061d8        0x4 CMakeFiles/sd_card.dir/Users/jalil/Raspbery/pi-pico/pico-sdk/lib/tinyusb/src/device/usbd.c.o
                0x100061d8                tud_mount_cb
 .text.tud_umount_cb
                0x100061dc        0x4 CMakeFiles/sd_card.dir/Users/jalil/Raspbery/pi-pico/pico-sdk/lib/tinyusb/src/device/usbd.c.o
                0x100061dc                tud_umount_cb
 .text.tud_suspend_cb
                0x100061e0        0x4 CMakeFiles/sd_card.dir/Users/jalil/Raspbery/pi-pico/pico-sdk/lib/tinyusb/src/device/usbd.c.o
                0x100061e0                tud_suspend_cb
 .text.tud_resume_cb
                0x100061e4        0x4 CMakeFiles/sd_card.dir/Users/jalil/Raspbery/pi-pico/pico-sdk/lib/tinyusb/src/device/usbd.c.o
                0x100061e4                tud_resume_cb
 .text.tud_mounted
                0x100061e8       0x10 CMakeFiles/sd_card.dir/Users/jalil/Raspbery/pi-pico/pico-sdk/lib/tinyusb/src/device/usbd.c.o
                0x100061e8                tud_mounted
 .text.tud_suspended
                0x100061f8       0x10 CMakeFiles/sd_card.dir/Users/jalil/Raspbery/pi-pico/pico-sdk/lib/tinyusb/src/device/usbd.c.o
                0x100061f8                tud_suspended
 .text.tud_rhport_init
                0x10006208       0xfc CMakeFiles/sd_card.dir/Users/jalil/Raspbery/pi-pico/pico-sdk/lib/tinyusb/src/device/usbd.c.o
                0x10006208                tud_rhport_init
 .text.tud_task_ext
                0x10006304      0x808 CMakeFiles/sd_card.dir/Users/jalil/Raspbery/pi-pico/pico-sdk/lib/tinyusb/src/device/usbd.c.o
                0x10006304                tud_task_ext
 .text.usbd_open_edpt_pair
                0x10006b0c       0x9c CMakeFiles/sd_card.dir/Users/jalil/Raspbery/pi-pico/pico-sdk/lib/tinyusb/src/device/usbd.c.o
                0x10006b0c                usbd_open_edpt_pair
 .text.usbd_edpt_open
                0x10006ba8       0x34 CMakeFiles/sd_card.dir/Users/jalil/Raspbery/pi-pico/pico-sdk/lib/tinyusb/src/device/usbd.c.o
                0x10006ba8                usbd_edpt_open
 .text.usbd_edpt_claim
                0x10006bdc       0x28 CMakeFiles/sd_card.dir/Users/jalil/Raspbery/pi-pico/pico-sdk/lib/tinyusb/src/device/usbd.c.o
                0x10006bdc                usbd_edpt_claim
 .text.usbd_edpt_release
                0x10006c04       0x28 CMakeFiles/sd_card.dir/Users/jalil/Raspbery/pi-pico/pico-sdk/lib/tinyusb/src/device/usbd.c.o
                0x10006c04                usbd_edpt_release
 .text.usbd_edpt_xfer
                0x10006c2c       0x4c CMakeFiles/sd_card.dir/Users/jalil/Raspbery/pi-pico/pico-sdk/lib/tinyusb/src/device/usbd.c.o
                0x10006c2c                usbd_edpt_xfer
 .text.tud_control_status
                0x10006c78       0x2c CMakeFiles/sd_card.dir/Users/jalil/Raspbery/pi-pico/pico-sdk/lib/tinyusb/src/device/usbd_control.c.o
                0x10006c78                tud_control_status
 .text.tud_control_xfer
                0x10006ca4       0xac CMakeFiles/sd_card.dir/Users/jalil/Raspbery/pi-pico/pico-sdk/lib/tinyusb/src/device/usbd_control.c.o
                0x10006ca4                tud_control_xfer
 .text.usbd_control_reset
                0x10006d50       0x14 CMakeFiles/sd_card.dir/Users/jalil/Raspbery/pi-pico/pico-sdk/lib/tinyusb/src/device/usbd_control.c.o
                0x10006d50                usbd_control_reset
 .text.usbd_control_set_complete_callback
                0x10006d64        0xc CMakeFiles/sd_card.dir/Users/jalil/Raspbery/pi-pico/pico-sdk/lib/tinyusb/src/device/usbd_control.c.o
                0x10006d64                usbd_control_set_complete_callback
 .text.usbd_control_set_request
                0x10006d70       0x1c CMakeFiles/sd_card.dir/Users/jalil/Raspbery/pi-pico/pico-sdk/lib/tinyusb/src/device/usbd_control.c.o
                0x10006d70                usbd_control_set_request
 .text.usbd_control_xfer_cb
                0x10006d8c       0xec CMakeFiles/sd_card.dir/Users/jalil/Raspbery/pi-pico/pico-sdk/lib/tinyusb/src/device/usbd_control.c.o
                0x10006d8c                usbd_control_xfer_cb
 .text._prep_out_transaction.isra.0
                0x10006e78       0x6c CMakeFiles/sd_card.dir/Users/jalil/Raspbery/pi-pico/pico-sdk/lib/tinyusb/src/class/cdc/cdc_device.c.o
 .text.tud_cdc_n_connected
                0x10006ee4       0x2c CMakeFiles/sd_card.dir/Users/jalil/Raspbery/pi-pico/pico-sdk/lib/tinyusb/src/class/cdc/cdc_device.c.o
                0x10006ee4                tud_cdc_n_connected
 .text.tud_cdc_n_available
                0x10006f10       0x14 CMakeFiles/sd_card.dir/Users/jalil/Raspbery/pi-pico/pico-sdk/lib/tinyusb/src/class/cdc/cdc_device.c.o
                0x10006f10                tud_cdc_n_available
 .text.tud_cdc_n_read
                0x10006f24       0x94 CMakeFiles/sd_card.dir/Users/jalil/Raspbery/pi-pico/pico-sdk/lib/tinyusb/src/class/cdc/cdc_device.c.o
                0x10006f24                tud_cdc_n_read
 .text.tud_cdc_n_write_flush
                0x10006fb8       0x74 CMakeFiles/sd_card.dir/Users/jalil/Raspbery/pi-pico/pico-sdk/lib/tinyusb/src/class/cdc/cdc_device.c.o
                0x10006fb8                tud_cdc_n_write_flush
 .text.tud_cdc_n_write
                0x1000702c       0x40 CMakeFiles/sd_card.dir/Users/jalil/Raspbery/pi-pico/pico-sdk/lib/tinyusb/src/class/cdc/cdc_device.c.o
                0x1000702c                tud_cdc_n_write
 .text.tud_cdc_n_write_available
                0x1000706c       0x14 CMakeFiles/sd_card.dir/Users/jalil/Raspbery/pi-pico/pico-sdk/lib/tinyusb/src/class/cdc/cdc_device.c.o
                0x1000706c                tud_cdc_n_write_available
 .text.cdcd_init
                0x10007080       0x70 CMakeFiles/sd_card.dir/Users/jalil/Raspbery/pi-pico/pico-sdk/lib/tinyusb/src/class/cdc/cdc_device.c.o
                0x10007080                cdcd_init
 .text.cdcd_deinit
                0x100070f0       0x30 CMakeFiles/sd_card.dir/Users/jalil/Raspbery/pi-pico/pico-sdk/lib/tinyusb/src/class/cdc/cdc_device.c.o
                0x100070f0                cdcd_deinit
 .text.cdcd_reset
                0x10007120       0x4c CMakeFiles/sd_card.dir/Users/jalil/Raspbery/pi-pico/pico-sdk/lib/tinyusb/src/class/cdc/cdc_device.c.o
                0x10007120                cdcd_reset
 .text.cdcd_open
                0x1000716c       0xa8 CMakeFiles/sd_card.dir/Users/jalil/Raspbery/pi-pico/pico-sdk/lib/tinyusb/src/class/cdc/cdc_device.c.o
                0x1000716c                cdcd_open
 .text.cdcd_control_xfer_cb
                0x10007214       0xe8 CMakeFiles/sd_card.dir/Users/jalil/Raspbery/pi-pico/pico-sdk/lib/tinyusb/src/class/cdc/cdc_device.c.o
                0x10007214                cdcd_control_xfer_cb
 .text.cdcd_xfer_cb
                0x100072fc      0x100 CMakeFiles/sd_card.dir/Users/jalil/Raspbery/pi-pico/pico-sdk/lib/tinyusb/src/class/cdc/cdc_device.c.o
                0x100072fc                cdcd_xfer_cb
 .text.vendord_init
                0x100073fc       0x5c CMakeFiles/sd_card.dir/Users/jalil/Raspbery/pi-pico/pico-sdk/lib/tinyusb/src/class/vendor/vendor_device.c.o
                0x100073fc                vendord_init
 .text.vendord_deinit
                0x10007458       0x1c CMakeFiles/sd_card.dir/Users/jalil/Raspbery/pi-pico/pico-sdk/lib/tinyusb/src/class/vendor/vendor_device.c.o
                0x10007458                vendord_deinit
 .text.vendord_reset
                0x10007474       0x28 CMakeFiles/sd_card.dir/Users/jalil/Raspbery/pi-pico/pico-sdk/lib/tinyusb/src/class/vendor/vendor_device.c.o
                0x10007474                vendord_reset
 .text.vendord_open
                0x1000749c      0x128 CMakeFiles/sd_card.dir/Users/jalil/Raspbery/pi-pico/pico-sdk/lib/tinyusb/src/class/vendor/vendor_device.c.o
                0x1000749c                vendord_open
 .text.vendord_xfer_cb
                0x100075c4       0x9c CMakeFiles/sd_card.dir/Users/jalil/Raspbery/pi-pico/pico-sdk/lib/tinyusb/src/class/vendor/vendor_device.c.o
                0x100075c4                vendord_xfer_cb
 .text.tusb_rhport_init
                0x10007660       0x48 CMakeFiles/sd_card.dir/Users/jalil/Raspbery/pi-pico/pico-sdk/lib/tinyusb/src/tusb.c.o
                0x10007660                tusb_rhport_init
 .text.tu_edpt_claim
                0x100076a8       0x50 CMakeFiles/sd_card.dir/Users/jalil/Raspbery/pi-pico/pico-sdk/lib/tinyusb/src/tusb.c.o
                0x100076a8                tu_edpt_claim
 .text.tu_edpt_release
                0x100076f8       0x38 CMakeFiles/sd_card.dir/Users/jalil/Raspbery/pi-pico/pico-sdk/lib/tinyusb/src/tusb.c.o
                0x100076f8                tu_edpt_release
 .text.tu_edpt_validate
                0x10007730       0x7c CMakeFiles/sd_card.dir/Users/jalil/Raspbery/pi-pico/pico-sdk/lib/tinyusb/src/tusb.c.o
                0x10007730                tu_edpt_validate
 .text.tu_edpt_bind_driver
                0x100077ac       0x34 CMakeFiles/sd_card.dir/Users/jalil/Raspbery/pi-pico/pico-sdk/lib/tinyusb/src/tusb.c.o
                0x100077ac                tu_edpt_bind_driver
 .text.tu_edpt_stream_init
                0x100077e0       0x6c CMakeFiles/sd_card.dir/Users/jalil/Raspbery/pi-pico/pico-sdk/lib/tinyusb/src/tusb.c.o
                0x100077e0                tu_edpt_stream_init
 .text.tu_edpt_stream_deinit
                0x1000784c        0x4 CMakeFiles/sd_card.dir/Users/jalil/Raspbery/pi-pico/pico-sdk/lib/tinyusb/src/tusb.c.o
                0x1000784c                tu_edpt_stream_deinit
 .text.tu_edpt_stream_write_zlp_if_needed
                0x10007850       0x68 CMakeFiles/sd_card.dir/Users/jalil/Raspbery/pi-pico/pico-sdk/lib/tinyusb/src/tusb.c.o
                0x10007850                tu_edpt_stream_write_zlp_if_needed
 .text.tu_edpt_stream_write_xfer
                0x100078b8       0x64 CMakeFiles/sd_card.dir/Users/jalil/Raspbery/pi-pico/pico-sdk/lib/tinyusb/src/tusb.c.o
                0x100078b8                tu_edpt_stream_write_xfer
 .text.tu_edpt_stream_read_xfer
                0x1000791c       0xdc CMakeFiles/sd_card.dir/Users/jalil/Raspbery/pi-pico/pico-sdk/lib/tinyusb/src/tusb.c.o
                0x1000791c                tu_edpt_stream_read_xfer
 .text.tu_fifo_config
                0x100079f8       0x6c CMakeFiles/sd_card.dir/Users/jalil/Raspbery/pi-pico/pico-sdk/lib/tinyusb/src/common/tusb_fifo.c.o
                0x100079f8                tu_fifo_config
 .text.tu_fifo_count
                0x10007a64       0x2c CMakeFiles/sd_card.dir/Users/jalil/Raspbery/pi-pico/pico-sdk/lib/tinyusb/src/common/tusb_fifo.c.o
                0x10007a64                tu_fifo_count
 .text.tu_fifo_empty
                0x10007a90       0x10 CMakeFiles/sd_card.dir/Users/jalil/Raspbery/pi-pico/pico-sdk/lib/tinyusb/src/common/tusb_fifo.c.o
                0x10007a90                tu_fifo_empty
 .text.tu_fifo_remaining
                0x10007aa0       0x2c CMakeFiles/sd_card.dir/Users/jalil/Raspbery/pi-pico/pico-sdk/lib/tinyusb/src/common/tusb_fifo.c.o
                0x10007aa0                tu_fifo_remaining
 .text.tu_fifo_read
                0x10007acc       0x9c CMakeFiles/sd_card.dir/Users/jalil/Raspbery/pi-pico/pico-sdk/lib/tinyusb/src/common/tusb_fifo.c.o
                0x10007acc                tu_fifo_read
 .text.tu_fifo_read_n
                0x10007b68       0xe8 CMakeFiles/sd_card.dir/Users/jalil/Raspbery/pi-pico/pico-sdk/lib/tinyusb/src/common/tusb_fifo.c.o
                0x10007b68                tu_fifo_read_n
 .text.tu_fifo_write
                0x10007c50       0x88 CMakeFiles/sd_card.dir/Users/jalil/Raspbery/pi-pico/pico-sdk/lib/tinyusb/src/common/tusb_fifo.c.o
                0x10007c50                tu_fifo_write
 .text.tu_fifo_write_n
                0x10007cd8      0x178 CMakeFiles/sd_card.dir/Users/jalil/Raspbery/pi-pico/pico-sdk/lib/tinyusb/src/common/tusb_fifo.c.o
                0x10007cd8                tu_fifo_write_n
 .text.tu_fifo_clear
                0x10007e50       0x40 CMakeFiles/sd_card.dir/Users/jalil/Raspbery/pi-pico/pico-sdk/lib/tinyusb/src/common/tusb_fifo.c.o
                0x10007e50                tu_fifo_clear
 .text.tu_fifo_set_overwritable
                0x10007e90       0x48 CMakeFiles/sd_card.dir/Users/jalil/Raspbery/pi-pico/pico-sdk/lib/tinyusb/src/common/tusb_fifo.c.o
                0x10007e90                tu_fifo_set_overwritable
 .text.ff_uni2oem
                0x10007ed8      0x244 CMakeFiles/sd_card.dir/Users/jalil/prj/Electronic/pico/examples/my_sd_card/my_sd_card_last/source/FatFs_SPI/ff16/source/ffunicode.c.o
                0x10007ed8                ff_uni2oem
 .text.ff_oem2uni
                0x1000811c      0x204 CMakeFiles/sd_card.dir/Users/jalil/prj/Electronic/pico/examples/my_sd_card/my_sd_card_last/source/FatFs_SPI/ff16/source/ffunicode.c.o
                0x1000811c                ff_oem2uni
 .text.ff_wtoupper
                0x10008320       0xb8 CMakeFiles/sd_card.dir/Users/jalil/prj/Electronic/pico/examples/my_sd_card/my_sd_card_last/source/FatFs_SPI/ff16/source/ffunicode.c.o
                0x10008320                ff_wtoupper
 .text.get_fileinfo
                0x100083d8      0x47c CMakeFiles/sd_card.dir/Users/jalil/prj/Electronic/pico/examples/my_sd_card/my_sd_card_last/source/FatFs_SPI/ff16/source/ff.c.o
 .text.sync_fs  0x10008854      0x12c CMakeFiles/sd_card.dir/Users/jalil/prj/Electronic/pico/examples/my_sd_card/my_sd_card_last/source/FatFs_SPI/ff16/source/ff.c.o
 .text.move_window
                0x10008980       0x68 CMakeFiles/sd_card.dir/Users/jalil/prj/Electronic/pico/examples/my_sd_card/my_sd_card_last/source/FatFs_SPI/ff16/source/ff.c.o
 .text.put_fat.part.0
                0x100089e8      0x120 CMakeFiles/sd_card.dir/Users/jalil/prj/Electronic/pico/examples/my_sd_card/my_sd_card_last/source/FatFs_SPI/ff16/source/ff.c.o
 .text.get_fat.isra.0
                0x10008b08       0xe4 CMakeFiles/sd_card.dir/Users/jalil/prj/Electronic/pico/examples/my_sd_card/my_sd_card_last/source/FatFs_SPI/ff16/source/ff.c.o
 .text.check_fs
                0x10008bec      0x140 CMakeFiles/sd_card.dir/Users/jalil/prj/Electronic/pico/examples/my_sd_card/my_sd_card_last/source/FatFs_SPI/ff16/source/ff.c.o
 .text.mount_volume
                0x10008d2c      0x410 CMakeFiles/sd_card.dir/Users/jalil/prj/Electronic/pico/examples/my_sd_card/my_sd_card_last/source/FatFs_SPI/ff16/source/ff.c.o
 .text.dir_read.constprop.0
                0x1000913c      0x4c4 CMakeFiles/sd_card.dir/Users/jalil/prj/Electronic/pico/examples/my_sd_card/my_sd_card_last/source/FatFs_SPI/ff16/source/ff.c.o
 .text.dir_sdi  0x10009600      0x1a8 CMakeFiles/sd_card.dir/Users/jalil/prj/Electronic/pico/examples/my_sd_card/my_sd_card_last/source/FatFs_SPI/ff16/source/ff.c.o
 .text.dir_find
                0x100097a8      0x304 CMakeFiles/sd_card.dir/Users/jalil/prj/Electronic/pico/examples/my_sd_card/my_sd_card_last/source/FatFs_SPI/ff16/source/ff.c.o
 .text.follow_path
                0x10009aac      0x4c0 CMakeFiles/sd_card.dir/Users/jalil/prj/Electronic/pico/examples/my_sd_card/my_sd_card_last/source/FatFs_SPI/ff16/source/ff.c.o
 .text.create_chain
                0x10009f6c      0x250 CMakeFiles/sd_card.dir/Users/jalil/prj/Electronic/pico/examples/my_sd_card/my_sd_card_last/source/FatFs_SPI/ff16/source/ff.c.o
 .text.dir_next
                0x1000a1bc      0x1c8 CMakeFiles/sd_card.dir/Users/jalil/prj/Electronic/pico/examples/my_sd_card/my_sd_card_last/source/FatFs_SPI/ff16/source/ff.c.o
 .text.dir_register
                0x1000a384      0x854 CMakeFiles/sd_card.dir/Users/jalil/prj/Electronic/pico/examples/my_sd_card/my_sd_card_last/source/FatFs_SPI/ff16/source/ff.c.o
 .text.remove_chain
                0x1000abd8      0x278 CMakeFiles/sd_card.dir/Users/jalil/prj/Electronic/pico/examples/my_sd_card/my_sd_card_last/source/FatFs_SPI/ff16/source/ff.c.o
 .text.f_mount  0x1000ae50       0x60 CMakeFiles/sd_card.dir/Users/jalil/prj/Electronic/pico/examples/my_sd_card/my_sd_card_last/source/FatFs_SPI/ff16/source/ff.c.o
                0x1000ae50                f_mount
 .text.f_open   0x1000aeb0      0x248 CMakeFiles/sd_card.dir/Users/jalil/prj/Electronic/pico/examples/my_sd_card/my_sd_card_last/source/FatFs_SPI/ff16/source/ff.c.o
                0x1000aeb0                f_open
 .text.f_read   0x1000b0f8      0x1c0 CMakeFiles/sd_card.dir/Users/jalil/prj/Electronic/pico/examples/my_sd_card/my_sd_card_last/source/FatFs_SPI/ff16/source/ff.c.o
                0x1000b0f8                f_read
 .text.f_write  0x1000b2b8      0x1f4 CMakeFiles/sd_card.dir/Users/jalil/prj/Electronic/pico/examples/my_sd_card/my_sd_card_last/source/FatFs_SPI/ff16/source/ff.c.o
                0x1000b2b8                f_write
 .text.f_close  0x1000b4ac       0xf0 CMakeFiles/sd_card.dir/Users/jalil/prj/Electronic/pico/examples/my_sd_card/my_sd_card_last/source/FatFs_SPI/ff16/source/ff.c.o
                0x1000b4ac                f_close
 .text.f_opendir
                0x1000b59c       0x84 CMakeFiles/sd_card.dir/Users/jalil/prj/Electronic/pico/examples/my_sd_card/my_sd_card_last/source/FatFs_SPI/ff16/source/ff.c.o
                0x1000b59c                f_opendir
 .text.f_closedir
                0x1000b620       0x34 CMakeFiles/sd_card.dir/Users/jalil/prj/Electronic/pico/examples/my_sd_card/my_sd_card_last/source/FatFs_SPI/ff16/source/ff.c.o
                0x1000b620                f_closedir
 .text.f_readdir
                0x1000b654       0x7c CMakeFiles/sd_card.dir/Users/jalil/prj/Electronic/pico/examples/my_sd_card/my_sd_card_last/source/FatFs_SPI/ff16/source/ff.c.o
                0x1000b654                f_readdir
 .text.get_fattime
                0x1000b6d0       0x6c CMakeFiles/sd_card.dir/Users/jalil/prj/Electronic/pico/examples/my_sd_card/my_sd_card_last/source/FatFs_SPI/src/rtc.c.o
                0x1000b6d0                get_fattime
 .text.spi_init
                0x1000b73c      0x140 CMakeFiles/sd_card.dir/Users/jalil/Raspbery/pi-pico/pico-sdk/src/rp2_common/hardware_spi/spi.c.o
                0x1000b73c                spi_init
 .text.rtc_get_datetime
                0x1000b87c       0x44 CMakeFiles/sd_card.dir/Users/jalil/Raspbery/pi-pico/pico-sdk/src/rp2_common/hardware_rtc/rtc.c.o
                0x1000b87c                rtc_get_datetime
 .text.memcmp   0x1000b8c0       0x44 /Applications/ArmGNUToolchain/12.3.rel1/arm-none-eabi/bin/../lib/gcc/arm-none-eabi/12.3.1/../../../../arm-none-eabi/lib/thumb/v6-m/nofp/libg.a(libc_a-memcmp.o)
                0x1000b8c0                memcmp
 .text.strchr   0x1000b904       0xc4 /Applications/ArmGNUToolchain/12.3.rel1/arm-none-eabi/bin/../lib/gcc/arm-none-eabi/12.3.1/../../../../arm-none-eabi/lib/thumb/v6-m/nofp/libg.a(libc_a-strchr.o)
                0x1000b904                strchr
 .text.strlen   0x1000b9c8       0x5c /Applications/ArmGNUToolchain/12.3.rel1/arm-none-eabi/bin/../lib/gcc/arm-none-eabi/12.3.1/../../../../arm-none-eabi/lib/thumb/v6-m/nofp/libg.a(libc_a-strlen-stub.o)
                0x1000b9c8                strlen
 *(.fini)
 .fini          0x1000ba24        0x4 /Applications/ArmGNUToolchain/12.3.rel1/arm-none-eabi/bin/../lib/gcc/arm-none-eabi/12.3.1/thumb/v6-m/nofp/crti.o
                0x1000ba24                _fini
 .fini.__stub   0x1000ba28       0xe0 linker stubs
 *crtbegin.o(.ctors)
 *crtbegin?.o(.ctors)
 *(EXCLUDE_FILE(*crtend.o *crtend?.o) .ctors)
 *(SORT_BY_NAME(.ctors.*))
 *(.ctors)
 *crtbegin.o(.dtors)
 *crtbegin?.o(.dtors)
 *(EXCLUDE_FILE(*crtend.o *crtend?.o) .dtors)
 *(SORT_BY_NAME(.dtors.*))
 *(.dtors)
                0x1000bb08                        . = ALIGN (0x4)
                0x1000bb08                        PROVIDE (__preinit_array_start = .)
 *(SORT_BY_NAME(.preinit_array.*))
 .preinit_array.00100
                0x1000bb08        0x4 CMakeFiles/sd_card.dir/Users/jalil/Raspbery/pi-pico/pico-sdk/src/rp2_common/pico_runtime_init/runtime_init.c.o
                0x1000bb08                __pre_init_runtime_init_early_resets
 .preinit_array.00101
                0x1000bb0c        0x4 CMakeFiles/sd_card.dir/Users/jalil/Raspbery/pi-pico/pico-sdk/src/rp2_common/pico_runtime_init/runtime_init.c.o
                0x1000bb0c                __pre_init_runtime_init_usb_power_down
 .preinit_array.00275
                0x1000bb10        0x4 CMakeFiles/sd_card.dir/Users/jalil/Raspbery/pi-pico/pico-sdk/src/rp2_common/pico_bit_ops/bit_ops_aeabi.S.o
 .preinit_array.00300
                0x1000bb14        0x4 CMakeFiles/sd_card.dir/Users/jalil/Raspbery/pi-pico/pico-sdk/src/rp2_common/pico_mem_ops/mem_ops_aeabi.S.o
 .preinit_array.00350
                0x1000bb18        0x4 CMakeFiles/sd_card.dir/Users/jalil/Raspbery/pi-pico/pico-sdk/src/rp2_common/pico_double/double_aeabi_rp2040.S.o
 .preinit_array.00350
                0x1000bb1c        0x4 CMakeFiles/sd_card.dir/Users/jalil/Raspbery/pi-pico/pico-sdk/src/rp2_common/pico_float/float_aeabi_rp2040.S.o
 .preinit_array.00500
                0x1000bb20        0x4 CMakeFiles/sd_card.dir/Users/jalil/Raspbery/pi-pico/pico-sdk/src/rp2_common/pico_runtime_init/runtime_init.c.o
                0x1000bb20                __pre_init_runtime_init_clocks
 .preinit_array.00600
                0x1000bb24        0x4 CMakeFiles/sd_card.dir/Users/jalil/Raspbery/pi-pico/pico-sdk/src/rp2_common/pico_runtime_init/runtime_init.c.o
                0x1000bb24                __pre_init_runtime_init_post_clock_resets
 .preinit_array.00700
                0x1000bb28        0x4 CMakeFiles/sd_card.dir/Users/jalil/Raspbery/pi-pico/pico-sdk/src/rp2_common/pico_runtime_init/runtime_init.c.o
                0x1000bb28                __pre_init_runtime_init_rp2040_gpio_ie_disable
 .preinit_array.01000
                0x1000bb2c        0x4 CMakeFiles/sd_card.dir/Users/jalil/Raspbery/pi-pico/pico-sdk/src/rp2_common/pico_runtime_init/runtime_init.c.o
                0x1000bb2c                __pre_init_runtime_init_spin_locks_reset
 .preinit_array.01100
                0x1000bb30        0x4 CMakeFiles/sd_card.dir/Users/jalil/Raspbery/pi-pico/pico-sdk/src/common/pico_sync/mutex.c.o
                0x1000bb30                __pre_init_runtime_init_mutex
 .preinit_array.10080
                0x1000bb34        0x4 CMakeFiles/sd_card.dir/Users/jalil/Raspbery/pi-pico/pico-sdk/src/rp2_common/pico_runtime_init/runtime_init.c.o
                0x1000bb34                __pre_init_runtime_init_install_ram_vector_table
 .preinit_array.11000
                0x1000bb38        0x4 CMakeFiles/sd_card.dir/Users/jalil/Raspbery/pi-pico/pico-sdk/src/common/pico_time/time.c.o
                0x1000bb38                __pre_init_runtime_init_default_alarm_pool
 .preinit_array.YYYYY
                0x1000bb3c        0x4 CMakeFiles/sd_card.dir/Users/jalil/Raspbery/pi-pico/pico-sdk/src/rp2_common/pico_runtime/runtime.c.o
                0x1000bb3c                __pre_init_first_per_core_initializer
 .preinit_array.ZZZZZ.01200
                0x1000bb40        0x4 CMakeFiles/sd_card.dir/Users/jalil/Raspbery/pi-pico/pico-sdk/src/rp2_common/hardware_irq/irq.c.o
                0x1000bb40                __pre_init_runtime_init_per_core_irq_priorities
 *(.preinit_array)
                0x1000bb44                        PROVIDE (__preinit_array_end = .)
                0x1000bb44                        . = ALIGN (0x4)
                0x1000bb44                        PROVIDE (__init_array_start = .)
 *(SORT_BY_NAME(.init_array.*))
 .init_array.01000
                0x1000bb44        0x4 CMakeFiles/sd_card.dir/Users/jalil/Raspbery/pi-pico/pico-sdk/src/rp2_common/pico_unique_id/unique_id.c.o
 *(.init_array)
 .init_array    0x1000bb48        0x4 /Applications/ArmGNUToolchain/12.3.rel1/arm-none-eabi/bin/../lib/gcc/arm-none-eabi/12.3.1/thumb/v6-m/nofp/crtbegin.o
                0x1000bb4c                        PROVIDE (__init_array_end = .)
                0x1000bb4c                        . = ALIGN (0x4)
                [!provide]                        PROVIDE (__fini_array_start = .)
 *(SORT_BY_NAME(.fini_array.*))
 *(.fini_array)
                [!provide]                        PROVIDE (__fini_array_end = .)
 *(.eh_frame*)
 .eh_frame      0x1000bb4c        0x0 /Applications/ArmGNUToolchain/12.3.rel1/arm-none-eabi/bin/../lib/gcc/arm-none-eabi/12.3.1/thumb/v6-m/nofp/crtbegin.o
                0x1000bb4c                        . = ALIGN (0x4)

.glue_7         0x1000bb4c        0x0
 .glue_7        0x1000bb4c        0x0 linker stubs

.glue_7t        0x1000bb4c        0x0
 .glue_7t       0x1000bb4c        0x0 linker stubs

.vfp11_veneer   0x1000bb4c        0x0
 .vfp11_veneer  0x1000bb4c        0x0 linker stubs

.v4_bx          0x1000bb4c        0x0
 .v4_bx         0x1000bb4c        0x0 linker stubs

.iplt           0x1000bb4c        0x0
 .iplt          0x1000bb4c        0x0 /Applications/ArmGNUToolchain/12.3.rel1/arm-none-eabi/bin/../lib/gcc/arm-none-eabi/12.3.1/thumb/v6-m/nofp/crtbegin.o

.rodata         0x1000bb50    0x76980
 *(EXCLUDE_FILE(*libm.a: *libc.a:*lib_a-mem*.o *libgcc.a:) .rodata*)
 .rodata.main.str1.4
                0x1000bb50       0xbe CMakeFiles/sd_card.dir/main.c.o
 *fill*         0x1000bc0e        0x2 
 .rodata.init_card_v1.str1.4
                0x1000bc10       0x3f CMakeFiles/sd_card.dir/my_sdcard.c.o
 *fill*         0x1000bc4f        0x1 
 .rodata.init_card_v2.str1.4
                0x1000bc50       0x3f CMakeFiles/sd_card.dir/my_sdcard.c.o
 *fill*         0x1000bc8f        0x1 
 .rodata.init_card.str1.4
                0x1000bc90       0xdc CMakeFiles/sd_card.dir/my_sdcard.c.o
 .rodata.readblocks.str1.4
                0x1000bd6c       0x5c CMakeFiles/sd_card.dir/my_sdcard.c.o
 .rodata.writeblocks.str1.4
                0x1000bdc8       0x28 CMakeFiles/sd_card.dir/my_sdcard.c.o
 .rodata.list_directory.str1.4
                0x1000bdf0       0x53 CMakeFiles/sd_card.dir/dir.c.o
 *fill*         0x1000be43        0x1 
 .rodata.write_file.str1.4
                0x1000be44       0x7f CMakeFiles/sd_card.dir/read_write.c.o
 *fill*         0x1000bec3        0x1 
 .rodata.read_file.str1.4
                0x1000bec4       0x6d CMakeFiles/sd_card.dir/read_write.c.o
 *fill*         0x1000bf31        0x3 
 .rodata.panic.str1.4
                0x1000bf34       0x10 CMakeFiles/sd_card.dir/Users/jalil/Raspbery/pi-pico/pico-sdk/src/rp2_common/pico_platform_panic/panic.c.o
                                 0x12 (size before relaxing)
 .rodata.spin_lock_claim_unused.str1.4
                0x1000bf44       0x1b CMakeFiles/sd_card.dir/Users/jalil/Raspbery/pi-pico/pico-sdk/src/rp2_common/hardware_sync/sync.c.o
 *fill*         0x1000bf5f        0x1 
 .rodata.user_irq_claim_unused.str1.4
                0x1000bf60       0x1b CMakeFiles/sd_card.dir/Users/jalil/Raspbery/pi-pico/pico-sdk/src/rp2_common/hardware_irq/irq.c.o
 *fill*         0x1000bf7b        0x1 
 .rodata.timer_hardware_alarm_claim.str1.4
                0x1000bf7c       0x22 CMakeFiles/sd_card.dir/Users/jalil/Raspbery/pi-pico/pico-sdk/src/rp2_common/hardware_timer/timer.c.o
 *fill*         0x1000bf9e        0x2 
 .rodata.hard_assertion_failure.str1.4
                0x1000bfa0        0xc CMakeFiles/sd_card.dir/Users/jalil/Raspbery/pi-pico/pico-sdk/src/rp2_common/pico_runtime/runtime.c.o
 .rodata.str1.4
                0x1000bfac       0x44 CMakeFiles/sd_card.dir/Users/jalil/Raspbery/pi-pico/pico-sdk/src/rp2_common/pico_standard_binary_info/standard_binary_info.c.o
 .rodata.__bi_84
                0x1000bff0        0xc CMakeFiles/sd_card.dir/Users/jalil/Raspbery/pi-pico/pico-sdk/src/rp2_common/pico_standard_binary_info/standard_binary_info.c.o
 .rodata.__bi_78
                0x1000bffc        0xc CMakeFiles/sd_card.dir/Users/jalil/Raspbery/pi-pico/pico-sdk/src/rp2_common/pico_standard_binary_info/standard_binary_info.c.o
 .rodata.__bi_60
                0x1000c008        0xc CMakeFiles/sd_card.dir/Users/jalil/Raspbery/pi-pico/pico-sdk/src/rp2_common/pico_standard_binary_info/standard_binary_info.c.o
 .rodata.__bi_54
                0x1000c014        0xc CMakeFiles/sd_card.dir/Users/jalil/Raspbery/pi-pico/pico-sdk/src/rp2_common/pico_standard_binary_info/standard_binary_info.c.o
 .rodata.__bi_48
                0x1000c020        0xc CMakeFiles/sd_card.dir/Users/jalil/Raspbery/pi-pico/pico-sdk/src/rp2_common/pico_standard_binary_info/standard_binary_info.c.o
 .rodata.__bi_42
                0x1000c02c        0xc CMakeFiles/sd_card.dir/Users/jalil/Raspbery/pi-pico/pico-sdk/src/rp2_common/pico_standard_binary_info/standard_binary_info.c.o
 .rodata.__bi_34
                0x1000c038        0xc CMakeFiles/sd_card.dir/Users/jalil/Raspbery/pi-pico/pico-sdk/src/rp2_common/pico_standard_binary_info/standard_binary_info.c.o
 .rodata.__bi_26
                0x1000c044        0xc CMakeFiles/sd_card.dir/Users/jalil/Raspbery/pi-pico/pico-sdk/src/rp2_common/pico_standard_binary_info/standard_binary_info.c.o
 .rodata._ftoa.str1.4
                0x1000c050       0x15 CMakeFiles/sd_card.dir/Users/jalil/Raspbery/pi-pico/pico-sdk/src/rp2_common/pico_printf/printf.c.o
 *fill*         0x1000c065        0x3 
 .rodata._vsnprintf
                0x1000c068      0x19c CMakeFiles/sd_card.dir/Users/jalil/Raspbery/pi-pico/pico-sdk/src/rp2_common/pico_printf/printf.c.o
 *fill*         0x1000c204        0x4 
 .rodata.pow10.0
                0x1000c208       0x50 CMakeFiles/sd_card.dir/Users/jalil/Raspbery/pi-pico/pico-sdk/src/rp2_common/pico_printf/printf.c.o
 .rodata.crlf_str.0
                0x1000c258        0x2 CMakeFiles/sd_card.dir/Users/jalil/Raspbery/pi-pico/pico-sdk/src/rp2_common/pico_stdio/stdio.c.o
 *fill*         0x1000c25a        0x2 
 .rodata.str1.4
                0x1000c25c       0x2c CMakeFiles/sd_card.dir/Users/jalil/Raspbery/pi-pico/pico-sdk/src/rp2_common/pico_stdio_uart/stdio_uart.c.o
 .rodata.__bi_45.4
                0x1000c288        0xc CMakeFiles/sd_card.dir/Users/jalil/Raspbery/pi-pico/pico-sdk/src/rp2_common/pico_stdio_uart/stdio_uart.c.o
 .rodata.__bi_49.5
                0x1000c294        0x8 CMakeFiles/sd_card.dir/Users/jalil/Raspbery/pi-pico/pico-sdk/src/rp2_common/pico_stdio_uart/stdio_uart.c.o
 .rodata.__bi_50.6
                0x1000c29c        0x8 CMakeFiles/sd_card.dir/Users/jalil/Raspbery/pi-pico/pico-sdk/src/rp2_common/pico_stdio_uart/stdio_uart.c.o
 .rodata._resetd_driver
                0x1000c2a4       0x20 CMakeFiles/sd_card.dir/Users/jalil/Raspbery/pi-pico/pico-sdk/src/rp2_common/pico_stdio_usb/reset_interface.c.o
 .rodata.desc_ms_os_20
                0x1000c2c4       0xa6 CMakeFiles/sd_card.dir/Users/jalil/Raspbery/pi-pico/pico-sdk/src/rp2_common/pico_stdio_usb/reset_interface.c.o
 *fill*         0x1000c36a        0x2 
 .rodata.desc_bos
                0x1000c36c       0x21 CMakeFiles/sd_card.dir/Users/jalil/Raspbery/pi-pico/pico-sdk/src/rp2_common/pico_stdio_usb/reset_interface.c.o
                0x1000c36c                desc_bos
 *fill*         0x1000c38d        0x3 
 .rodata.str1.4
                0x1000c390       0x13 CMakeFiles/sd_card.dir/Users/jalil/Raspbery/pi-pico/pico-sdk/src/rp2_common/pico_stdio_usb/stdio_usb.c.o
 *fill*         0x1000c3a3        0x1 
 .rodata.__bi_202.0
                0x1000c3a4        0xc CMakeFiles/sd_card.dir/Users/jalil/Raspbery/pi-pico/pico-sdk/src/rp2_common/pico_stdio_usb/stdio_usb.c.o
 .rodata.str1.4
                0x1000c3b0       0x2a CMakeFiles/sd_card.dir/Users/jalil/Raspbery/pi-pico/pico-sdk/src/rp2_common/pico_stdio_usb/stdio_usb_descriptors.c.o
 *fill*         0x1000c3da        0x2 
 .rodata.usbd_desc_str
                0x1000c3dc       0x18 CMakeFiles/sd_card.dir/Users/jalil/Raspbery/pi-pico/pico-sdk/src/rp2_common/pico_stdio_usb/stdio_usb_descriptors.c.o
 .rodata.usbd_desc_cfg
                0x1000c3f4       0x54 CMakeFiles/sd_card.dir/Users/jalil/Raspbery/pi-pico/pico-sdk/src/rp2_common/pico_stdio_usb/stdio_usb_descriptors.c.o
 .rodata.usbd_desc_device
                0x1000c448       0x12 CMakeFiles/sd_card.dir/Users/jalil/Raspbery/pi-pico/pico-sdk/src/rp2_common/pico_stdio_usb/stdio_usb_descriptors.c.o
 *fill*         0x1000c45a        0x2 
 .rodata.str1.4
                0x1000c45c       0x14 CMakeFiles/sd_card.dir/Users/jalil/Raspbery/pi-pico/pico-sdk/lib/tinyusb/src/portable/raspberrypi/rp2040/dcd_rp2040.c.o
 .rodata.str1.4
                0x1000c470       0x48 CMakeFiles/sd_card.dir/Users/jalil/Raspbery/pi-pico/pico-sdk/lib/tinyusb/src/portable/raspberrypi/rp2040/rp2040_usb.c.o
 .rodata.tud_task_ext
                0x1000c4b8       0x8c CMakeFiles/sd_card.dir/Users/jalil/Raspbery/pi-pico/pico-sdk/lib/tinyusb/src/device/usbd.c.o
 .rodata        0x1000c544       0x1c CMakeFiles/sd_card.dir/Users/jalil/Raspbery/pi-pico/pico-sdk/lib/tinyusb/src/device/usbd.c.o
 .rodata._usbd_driver
                0x1000c560       0x40 CMakeFiles/sd_card.dir/Users/jalil/Raspbery/pi-pico/pico-sdk/lib/tinyusb/src/device/usbd.c.o
 .rodata.ff_wtoupper
                0x1000c5a0       0x24 CMakeFiles/sd_card.dir/Users/jalil/prj/Electronic/pico/examples/my_sd_card/my_sd_card_last/source/FatFs_SPI/ff16/source/ffunicode.c.o
 .rodata.cvt2.0
                0x1000c5c4       0xbc CMakeFiles/sd_card.dir/Users/jalil/prj/Electronic/pico/examples/my_sd_card/my_sd_card_last/source/FatFs_SPI/ff16/source/ffunicode.c.o
 .rodata.cvt1.1
                0x1000c680      0x1f2 CMakeFiles/sd_card.dir/Users/jalil/prj/Electronic/pico/examples/my_sd_card/my_sd_card_last/source/FatFs_SPI/ff16/source/ffunicode.c.o
 *fill*         0x1000c872        0x2 
 .rodata.cp_table
                0x1000c874       0x48 CMakeFiles/sd_card.dir/Users/jalil/prj/Electronic/pico/examples/my_sd_card/my_sd_card_last/source/FatFs_SPI/ff16/source/ffunicode.c.o
 .rodata.cp_code
                0x1000c8bc       0x24 CMakeFiles/sd_card.dir/Users/jalil/prj/Electronic/pico/examples/my_sd_card/my_sd_card_last/source/FatFs_SPI/ff16/source/ffunicode.c.o
 .rodata.uc869  0x1000c8e0      0x100 CMakeFiles/sd_card.dir/Users/jalil/prj/Electronic/pico/examples/my_sd_card/my_sd_card_last/source/FatFs_SPI/ff16/source/ffunicode.c.o
 .rodata.uc866  0x1000c9e0      0x100 CMakeFiles/sd_card.dir/Users/jalil/prj/Electronic/pico/examples/my_sd_card/my_sd_card_last/source/FatFs_SPI/ff16/source/ffunicode.c.o
 .rodata.uc865  0x1000cae0      0x100 CMakeFiles/sd_card.dir/Users/jalil/prj/Electronic/pico/examples/my_sd_card/my_sd_card_last/source/FatFs_SPI/ff16/source/ffunicode.c.o
 .rodata.uc864  0x1000cbe0      0x100 CMakeFiles/sd_card.dir/Users/jalil/prj/Electronic/pico/examples/my_sd_card/my_sd_card_last/source/FatFs_SPI/ff16/source/ffunicode.c.o
 .rodata.uc863  0x1000cce0      0x100 CMakeFiles/sd_card.dir/Users/jalil/prj/Electronic/pico/examples/my_sd_card/my_sd_card_last/source/FatFs_SPI/ff16/source/ffunicode.c.o
 .rodata.uc862  0x1000cde0      0x100 CMakeFiles/sd_card.dir/Users/jalil/prj/Electronic/pico/examples/my_sd_card/my_sd_card_last/source/FatFs_SPI/ff16/source/ffunicode.c.o
 .rodata.uc861  0x1000cee0      0x100 CMakeFiles/sd_card.dir/Users/jalil/prj/Electronic/pico/examples/my_sd_card/my_sd_card_last/source/FatFs_SPI/ff16/source/ffunicode.c.o
 .rodata.uc860  0x1000cfe0      0x100 CMakeFiles/sd_card.dir/Users/jalil/prj/Electronic/pico/examples/my_sd_card/my_sd_card_last/source/FatFs_SPI/ff16/source/ffunicode.c.o
 .rodata.uc857  0x1000d0e0      0x100 CMakeFiles/sd_card.dir/Users/jalil/prj/Electronic/pico/examples/my_sd_card/my_sd_card_last/source/FatFs_SPI/ff16/source/ffunicode.c.o
 .rodata.uc855  0x1000d1e0      0x100 CMakeFiles/sd_card.dir/Users/jalil/prj/Electronic/pico/examples/my_sd_card/my_sd_card_last/source/FatFs_SPI/ff16/source/ffunicode.c.o
 .rodata.uc852  0x1000d2e0      0x100 CMakeFiles/sd_card.dir/Users/jalil/prj/Electronic/pico/examples/my_sd_card/my_sd_card_last/source/FatFs_SPI/ff16/source/ffunicode.c.o
 .rodata.uc850  0x1000d3e0      0x100 CMakeFiles/sd_card.dir/Users/jalil/prj/Electronic/pico/examples/my_sd_card/my_sd_card_last/source/FatFs_SPI/ff16/source/ffunicode.c.o
 .rodata.uc775  0x1000d4e0      0x100 CMakeFiles/sd_card.dir/Users/jalil/prj/Electronic/pico/examples/my_sd_card/my_sd_card_last/source/FatFs_SPI/ff16/source/ffunicode.c.o
 .rodata.uc771  0x1000d5e0      0x100 CMakeFiles/sd_card.dir/Users/jalil/prj/Electronic/pico/examples/my_sd_card/my_sd_card_last/source/FatFs_SPI/ff16/source/ffunicode.c.o
 .rodata.uc737  0x1000d6e0      0x100 CMakeFiles/sd_card.dir/Users/jalil/prj/Electronic/pico/examples/my_sd_card/my_sd_card_last/source/FatFs_SPI/ff16/source/ffunicode.c.o
 .rodata.uc720  0x1000d7e0      0x100 CMakeFiles/sd_card.dir/Users/jalil/prj/Electronic/pico/examples/my_sd_card/my_sd_card_last/source/FatFs_SPI/ff16/source/ffunicode.c.o
 .rodata.uc437  0x1000d8e0      0x100 CMakeFiles/sd_card.dir/Users/jalil/prj/Electronic/pico/examples/my_sd_card/my_sd_card_last/source/FatFs_SPI/ff16/source/ffunicode.c.o
 .rodata.oem2uni950
                0x1000d9e0     0xd300 CMakeFiles/sd_card.dir/Users/jalil/prj/Electronic/pico/examples/my_sd_card/my_sd_card_last/source/FatFs_SPI/ff16/source/ffunicode.c.o
 .rodata.uni2oem950
                0x1001ace0     0xd300 CMakeFiles/sd_card.dir/Users/jalil/prj/Electronic/pico/examples/my_sd_card/my_sd_card_last/source/FatFs_SPI/ff16/source/ffunicode.c.o
 .rodata.oem2uni949
                0x10027fe0    0x10a64 CMakeFiles/sd_card.dir/Users/jalil/prj/Electronic/pico/examples/my_sd_card/my_sd_card_last/source/FatFs_SPI/ff16/source/ffunicode.c.o
 .rodata.uni2oem949
                0x10038a44    0x10a64 CMakeFiles/sd_card.dir/Users/jalil/prj/Electronic/pico/examples/my_sd_card/my_sd_card_last/source/FatFs_SPI/ff16/source/ffunicode.c.o
 .rodata.oem2uni936
                0x100494a8    0x15484 CMakeFiles/sd_card.dir/Users/jalil/prj/Electronic/pico/examples/my_sd_card/my_sd_card_last/source/FatFs_SPI/ff16/source/ffunicode.c.o
 .rodata.uni2oem936
                0x1005e92c    0x15484 CMakeFiles/sd_card.dir/Users/jalil/prj/Electronic/pico/examples/my_sd_card/my_sd_card_last/source/FatFs_SPI/ff16/source/ffunicode.c.o
 .rodata.oem2uni932
                0x10073db0     0x7378 CMakeFiles/sd_card.dir/Users/jalil/prj/Electronic/pico/examples/my_sd_card/my_sd_card_last/source/FatFs_SPI/ff16/source/ffunicode.c.o
 .rodata.uni2oem932
                0x1007b128     0x7378 CMakeFiles/sd_card.dir/Users/jalil/prj/Electronic/pico/examples/my_sd_card/my_sd_card_last/source/FatFs_SPI/ff16/source/ffunicode.c.o
 .rodata.check_fs.str1.4
                0x100824a0        0x9 CMakeFiles/sd_card.dir/Users/jalil/prj/Electronic/pico/examples/my_sd_card/my_sd_card_last/source/FatFs_SPI/ff16/source/ff.c.o
 *fill*         0x100824a9        0x3 
 .rodata.follow_path.str1.4
                0x100824ac       0x13 CMakeFiles/sd_card.dir/Users/jalil/prj/Electronic/pico/examples/my_sd_card/my_sd_card_last/source/FatFs_SPI/ff16/source/ff.c.o
 *fill*         0x100824bf        0x1 
 .rodata.LfnOfs
                0x100824c0        0xd CMakeFiles/sd_card.dir/Users/jalil/prj/Electronic/pico/examples/my_sd_card/my_sd_card_last/source/FatFs_SPI/ff16/source/ff.c.o
                0x100824d0                        . = ALIGN (0x4)
 *fill*         0x100824cd        0x3 
 *(SORT_BY_ALIGNMENT(SORT_BY_NAME(.flashdata*)))
                0x100824d0                        . = ALIGN (0x4)

.ARM.extab
 *(.ARM.extab* .gnu.linkonce.armextab.*)
                0x100824d0                        __exidx_start = .

.ARM.exidx
 *(.ARM.exidx* .gnu.linkonce.armexidx.*)
                0x100824d0                        __exidx_end = .
                0x100824d0                        . = ALIGN (0x4)
                0x100824d0                        __binary_info_start = .

.binary_info    0x100824d0       0x30
 *(.binary_info.keep.*)
 .binary_info.keep.__bi_ptr84
                0x100824d0        0x4 CMakeFiles/sd_card.dir/Users/jalil/Raspbery/pi-pico/pico-sdk/src/rp2_common/pico_standard_binary_info/standard_binary_info.c.o
 .binary_info.keep.__bi_ptr78
                0x100824d4        0x4 CMakeFiles/sd_card.dir/Users/jalil/Raspbery/pi-pico/pico-sdk/src/rp2_common/pico_standard_binary_info/standard_binary_info.c.o
 .binary_info.keep.__bi_ptr60
                0x100824d8        0x4 CMakeFiles/sd_card.dir/Users/jalil/Raspbery/pi-pico/pico-sdk/src/rp2_common/pico_standard_binary_info/standard_binary_info.c.o
 .binary_info.keep.__bi_ptr54
                0x100824dc        0x4 CMakeFiles/sd_card.dir/Users/jalil/Raspbery/pi-pico/pico-sdk/src/rp2_common/pico_standard_binary_info/standard_binary_info.c.o
 .binary_info.keep.__bi_ptr48
                0x100824e0        0x4 CMakeFiles/sd_card.dir/Users/jalil/Raspbery/pi-pico/pico-sdk/src/rp2_common/pico_standard_binary_info/standard_binary_info.c.o
 .binary_info.keep.__bi_ptr42
                0x100824e4        0x4 CMakeFiles/sd_card.dir/Users/jalil/Raspbery/pi-pico/pico-sdk/src/rp2_common/pico_standard_binary_info/standard_binary_info.c.o
 .binary_info.keep.__bi_ptr34
                0x100824e8        0x4 CMakeFiles/sd_card.dir/Users/jalil/Raspbery/pi-pico/pico-sdk/src/rp2_common/pico_standard_binary_info/standard_binary_info.c.o
 .binary_info.keep.__bi_ptr26
                0x100824ec        0x4 CMakeFiles/sd_card.dir/Users/jalil/Raspbery/pi-pico/pico-sdk/src/rp2_common/pico_standard_binary_info/standard_binary_info.c.o
 *(.binary_info.*)
 .binary_info.__bi_ptr50
                0x100824f0        0x4 CMakeFiles/sd_card.dir/Users/jalil/Raspbery/pi-pico/pico-sdk/src/rp2_common/pico_stdio_uart/stdio_uart.c.o
 .binary_info.__bi_ptr49
                0x100824f4        0x4 CMakeFiles/sd_card.dir/Users/jalil/Raspbery/pi-pico/pico-sdk/src/rp2_common/pico_stdio_uart/stdio_uart.c.o
 .binary_info.__bi_ptr45
                0x100824f8        0x4 CMakeFiles/sd_card.dir/Users/jalil/Raspbery/pi-pico/pico-sdk/src/rp2_common/pico_stdio_uart/stdio_uart.c.o
 .binary_info.__bi_ptr202
                0x100824fc        0x4 CMakeFiles/sd_card.dir/Users/jalil/Raspbery/pi-pico/pico-sdk/src/rp2_common/pico_stdio_usb/stdio_usb.c.o
                0x10082500                        __binary_info_end = .
                0x10082500                        . = ALIGN (0x4)

.ram_vector_table
                0x20000000       0xc0
 *(.ram_vector_table)
 .ram_vector_table
                0x20000000       0xc0 CMakeFiles/sd_card.dir/Users/jalil/Raspbery/pi-pico/pico-sdk/src/rp2_common/pico_runtime_init/runtime_init.c.o
                0x20000000                ram_vector_table

.uninitialized_data
                0x200000c0        0x0
                0x200000c0                        . = ALIGN (0x4)
 *(.uninitialized_data*)

.data           0x200000c0     0x1088 load address 0x10082500
                0x200000c0                        __data_start__ = .
 *(vtable)
 *(.time_critical*)
 .time_critical.mutex_try_enter
                0x200000c0       0x40 CMakeFiles/sd_card.dir/Users/jalil/Raspbery/pi-pico/pico-sdk/src/common/pico_sync/mutex.c.o
                0x200000c0                mutex_try_enter
 .time_critical.mutex_try_enter_block_until
                0x20000100       0x9c CMakeFiles/sd_card.dir/Users/jalil/Raspbery/pi-pico/pico-sdk/src/common/pico_sync/mutex.c.o
                0x20000100                mutex_try_enter_block_until
 .time_critical.mutex_enter_timeout_ms
                0x2000019c       0x90 CMakeFiles/sd_card.dir/Users/jalil/Raspbery/pi-pico/pico-sdk/src/common/pico_sync/mutex.c.o
                0x2000019c                mutex_enter_timeout_ms
 .time_critical.mutex_exit
                0x2000022c       0x28 CMakeFiles/sd_card.dir/Users/jalil/Raspbery/pi-pico/pico-sdk/src/common/pico_sync/mutex.c.o
                0x2000022c                mutex_exit
 .time_critical.flash_init_boot2_copyout
                0x20000254       0x30 CMakeFiles/sd_card.dir/Users/jalil/Raspbery/pi-pico/pico-sdk/src/rp2_common/hardware_flash/flash.c.o
 .time_critical.flash_enable_xip_via_boot2
                0x20000284        0xc CMakeFiles/sd_card.dir/Users/jalil/Raspbery/pi-pico/pico-sdk/src/rp2_common/hardware_flash/flash.c.o
 .time_critical.flash_save_hardware_state
                0x20000290       0x20 CMakeFiles/sd_card.dir/Users/jalil/Raspbery/pi-pico/pico-sdk/src/rp2_common/hardware_flash/flash.c.o
 .time_critical.flash_restore_hardware_state
                0x200002b0       0x20 CMakeFiles/sd_card.dir/Users/jalil/Raspbery/pi-pico/pico-sdk/src/rp2_common/hardware_flash/flash.c.o
 .time_critical.flash_cs_force
                0x200002d0       0x38 CMakeFiles/sd_card.dir/Users/jalil/Raspbery/pi-pico/pico-sdk/src/rp2_common/hardware_flash/flash.c.o
 .time_critical.flash_do_cmd
                0x20000308       0xd0 CMakeFiles/sd_card.dir/Users/jalil/Raspbery/pi-pico/pico-sdk/src/rp2_common/hardware_flash/flash.c.o
                0x20000308                flash_do_cmd
 .time_critical.reset_non_control_endpoints
                0x200003d8       0x68 CMakeFiles/sd_card.dir/Users/jalil/Raspbery/pi-pico/pico-sdk/lib/tinyusb/src/portable/raspberrypi/rp2040/dcd_rp2040.c.o
 .time_critical.hw_handle_buff_status
                0x20000440       0x98 CMakeFiles/sd_card.dir/Users/jalil/Raspbery/pi-pico/pico-sdk/lib/tinyusb/src/portable/raspberrypi/rp2040/dcd_rp2040.c.o
 .time_critical.dcd_rp2040_irq
                0x200004d8      0x550 CMakeFiles/sd_card.dir/Users/jalil/Raspbery/pi-pico/pico-sdk/lib/tinyusb/src/portable/raspberrypi/rp2040/dcd_rp2040.c.o
 .time_critical.prepare_ep_buffer
                0x20000a28       0xe0 CMakeFiles/sd_card.dir/Users/jalil/Raspbery/pi-pico/pico-sdk/lib/tinyusb/src/portable/raspberrypi/rp2040/rp2040_usb.c.o
 .time_critical.sync_ep_buffer
                0x20000b08       0xa8 CMakeFiles/sd_card.dir/Users/jalil/Raspbery/pi-pico/pico-sdk/lib/tinyusb/src/portable/raspberrypi/rp2040/rp2040_usb.c.o
 .time_critical._hw_endpoint_xfer_sync
                0x20000bb0       0x28 CMakeFiles/sd_card.dir/Users/jalil/Raspbery/pi-pico/pico-sdk/lib/tinyusb/src/portable/raspberrypi/rp2040/rp2040_usb.c.o
 .time_critical.e15_is_bulkin_ep
                0x20000bd8       0x28 CMakeFiles/sd_card.dir/Users/jalil/Raspbery/pi-pico/pico-sdk/lib/tinyusb/src/portable/raspberrypi/rp2040/rp2040_usb.c.o
 .time_critical.e15_is_critical_frame_period
                0x20000c00       0x34 CMakeFiles/sd_card.dir/Users/jalil/Raspbery/pi-pico/pico-sdk/lib/tinyusb/src/portable/raspberrypi/rp2040/rp2040_usb.c.o
 .time_critical.hw_endpoint_reset_transfer
                0x20000c34        0xc CMakeFiles/sd_card.dir/Users/jalil/Raspbery/pi-pico/pico-sdk/lib/tinyusb/src/portable/raspberrypi/rp2040/rp2040_usb.c.o
                0x20000c34                hw_endpoint_reset_transfer
 .time_critical._hw_endpoint_buffer_control_update32
                0x20000c40       0x50 CMakeFiles/sd_card.dir/Users/jalil/Raspbery/pi-pico/pico-sdk/lib/tinyusb/src/portable/raspberrypi/rp2040/rp2040_usb.c.o
                0x20000c40                _hw_endpoint_buffer_control_update32
 .time_critical.hw_endpoint_start_next_buffer
                0x20000c90       0x6c CMakeFiles/sd_card.dir/Users/jalil/Raspbery/pi-pico/pico-sdk/lib/tinyusb/src/portable/raspberrypi/rp2040/rp2040_usb.c.o
                0x20000c90                hw_endpoint_start_next_buffer
 .time_critical.hw_endpoint_xfer_continue
                0x20000cfc       0x40 CMakeFiles/sd_card.dir/Users/jalil/Raspbery/pi-pico/pico-sdk/lib/tinyusb/src/portable/raspberrypi/rp2040/rp2040_usb.c.o
                0x20000cfc                hw_endpoint_xfer_continue
 .time_critical.tinyusb
                0x20000d3c      0x1e4 CMakeFiles/sd_card.dir/Users/jalil/Raspbery/pi-pico/pico-sdk/lib/tinyusb/src/device/usbd.c.o
                0x20000d3c                dcd_event_handler
 .time_critical.spi_write_read_blocking
                0x20000f20       0x78 CMakeFiles/sd_card.dir/Users/jalil/Raspbery/pi-pico/pico-sdk/src/rp2_common/hardware_spi/spi.c.o
                0x20000f20                spi_write_read_blocking
 .time_critical.spi_write_blocking
                0x20000f98       0x4c CMakeFiles/sd_card.dir/Users/jalil/Raspbery/pi-pico/pico-sdk/src/rp2_common/hardware_spi/spi.c.o
                0x20000f98                spi_write_blocking
 *(.text*)
 .text          0x20000fe4        0x4 /Applications/ArmGNUToolchain/12.3.rel1/arm-none-eabi/bin/../lib/gcc/arm-none-eabi/12.3.1/thumb/v6-m/nofp/libgcc.a(_dvmd_tls.o)
                0x20000fe4                __aeabi_ldiv0
                0x20000fe4                __aeabi_idiv0
 .text.__stub   0x20000fe8       0x80 linker stubs
                0x20001068                        . = ALIGN (0x4)
 *(.rodata*)
                0x20001068                        . = ALIGN (0x4)
 *(.data*)
 .data.striped_spin_lock_num
                0x20001068        0x1 CMakeFiles/sd_card.dir/Users/jalil/Raspbery/pi-pico/pico-sdk/src/rp2_common/hardware_sync/sync.c.o
 *fill*         0x20001069        0x3 
 .data          0x2000106c       0x48 CMakeFiles/sd_card.dir/Users/jalil/Raspbery/pi-pico/pico-sdk/src/rp2_common/hardware_irq/irq_handler_chain.S.o
                0x2000106c                irq_handler_chain_slots
                0x2000109c                irq_handler_chain_first_slot
                0x200010a6                irq_handler_chain_remove_tail
 .data.default_alarm_pool
                0x200010b4       0x18 CMakeFiles/sd_card.dir/Users/jalil/Raspbery/pi-pico/pico-sdk/src/common/pico_time/time.c.o
 *fill*         0x200010cc        0x4 
 .data.aeabi_bits_funcs